Archive member included because of file (symbol)

/Users/peterbruce/gcc-arm-none-eabi-4_9-2015q3/bin/../lib/gcc/arm-none-eabi/4.9.3/../../../../arm-none-eabi/lib/armv7e-m/libg_nano.a(lib_a-errno.o)
                              ./system/src/newlib/_sbrk.o (__errno)
/Users/peterbruce/gcc-arm-none-eabi-4_9-2015q3/bin/../lib/gcc/arm-none-eabi/4.9.3/../../../../arm-none-eabi/lib/armv7e-m/libg_nano.a(lib_a-impure.o)
                              /Users/peterbruce/gcc-arm-none-eabi-4_9-2015q3/bin/../lib/gcc/arm-none-eabi/4.9.3/../../../../arm-none-eabi/lib/armv7e-m/libg_nano.a(lib_a-errno.o) (_impure_ptr)
/Users/peterbruce/gcc-arm-none-eabi-4_9-2015q3/bin/../lib/gcc/arm-none-eabi/4.9.3/../../../../arm-none-eabi/lib/armv7e-m/libg_nano.a(lib_a-memcpy.o)
                              ./src/FreeRTOS/queue.o (memcpy)
/Users/peterbruce/gcc-arm-none-eabi-4_9-2015q3/bin/../lib/gcc/arm-none-eabi/4.9.3/../../../../arm-none-eabi/lib/armv7e-m/libg_nano.a(lib_a-memset.o)
                              ./src/FreeRTOS/tasks.o (memset)
/Users/peterbruce/gcc-arm-none-eabi-4_9-2015q3/bin/../lib/gcc/arm-none-eabi/4.9.3/../../../../arm-none-eabi/lib/armv7e-m/libg_nano.a(lib_a-strlen.o)
                              ./system/src/diag/Trace.o (strlen)
/Users/peterbruce/gcc-arm-none-eabi-4_9-2015q3/bin/../lib/gcc/arm-none-eabi/4.9.3/../../../../arm-none-eabi/lib/armv7e-m/libg_nano.a(lib_a-strncpy.o)
                              ./src/FreeRTOS/tasks.o (strncpy)
/Users/peterbruce/gcc-arm-none-eabi-4_9-2015q3/bin/../lib/gcc/arm-none-eabi/4.9.3/../../../../arm-none-eabi/lib/armv7e-m/libg_nano.a(lib_a-vsnprintf.o)
                              ./system/src/diag/Trace.o (vsnprintf)
/Users/peterbruce/gcc-arm-none-eabi-4_9-2015q3/bin/../lib/gcc/arm-none-eabi/4.9.3/../../../../arm-none-eabi/lib/armv7e-m/libg_nano.a(lib_a-nano-svfprintf.o)
                              /Users/peterbruce/gcc-arm-none-eabi-4_9-2015q3/bin/../lib/gcc/arm-none-eabi/4.9.3/../../../../arm-none-eabi/lib/armv7e-m/libg_nano.a(lib_a-vsnprintf.o) (_svfprintf_r)
/Users/peterbruce/gcc-arm-none-eabi-4_9-2015q3/bin/../lib/gcc/arm-none-eabi/4.9.3/../../../../arm-none-eabi/lib/armv7e-m/libg_nano.a(lib_a-nano-vfprintf_i.o)
                              /Users/peterbruce/gcc-arm-none-eabi-4_9-2015q3/bin/../lib/gcc/arm-none-eabi/4.9.3/../../../../arm-none-eabi/lib/armv7e-m/libg_nano.a(lib_a-nano-svfprintf.o) (_printf_i)
/Users/peterbruce/gcc-arm-none-eabi-4_9-2015q3/bin/../lib/gcc/arm-none-eabi/4.9.3/../../../../arm-none-eabi/lib/armv7e-m/libg_nano.a(lib_a-memchr.o)
                              /Users/peterbruce/gcc-arm-none-eabi-4_9-2015q3/bin/../lib/gcc/arm-none-eabi/4.9.3/../../../../arm-none-eabi/lib/armv7e-m/libg_nano.a(lib_a-nano-svfprintf.o) (memchr)
/Users/peterbruce/gcc-arm-none-eabi-4_9-2015q3/bin/../lib/gcc/arm-none-eabi/4.9.3/../../../../arm-none-eabi/lib/armv7e-m/libg_nano.a(lib_a-memmove.o)
                              /Users/peterbruce/gcc-arm-none-eabi-4_9-2015q3/bin/../lib/gcc/arm-none-eabi/4.9.3/../../../../arm-none-eabi/lib/armv7e-m/libg_nano.a(lib_a-nano-svfprintf.o) (memmove)
/Users/peterbruce/gcc-arm-none-eabi-4_9-2015q3/bin/../lib/gcc/arm-none-eabi/4.9.3/../../../../arm-none-eabi/lib/armv7e-m/libg_nano.a(lib_a-nano-freer.o)
                              /Users/peterbruce/gcc-arm-none-eabi-4_9-2015q3/bin/../lib/gcc/arm-none-eabi/4.9.3/../../../../arm-none-eabi/lib/armv7e-m/libg_nano.a(lib_a-nano-svfprintf.o) (_free_r)
/Users/peterbruce/gcc-arm-none-eabi-4_9-2015q3/bin/../lib/gcc/arm-none-eabi/4.9.3/../../../../arm-none-eabi/lib/armv7e-m/libg_nano.a(lib_a-nano-mallocr.o)
                              /Users/peterbruce/gcc-arm-none-eabi-4_9-2015q3/bin/../lib/gcc/arm-none-eabi/4.9.3/../../../../arm-none-eabi/lib/armv7e-m/libg_nano.a(lib_a-nano-svfprintf.o) (_malloc_r)
/Users/peterbruce/gcc-arm-none-eabi-4_9-2015q3/bin/../lib/gcc/arm-none-eabi/4.9.3/../../../../arm-none-eabi/lib/armv7e-m/libg_nano.a(lib_a-nano-reallocr.o)
                              /Users/peterbruce/gcc-arm-none-eabi-4_9-2015q3/bin/../lib/gcc/arm-none-eabi/4.9.3/../../../../arm-none-eabi/lib/armv7e-m/libg_nano.a(lib_a-nano-svfprintf.o) (_realloc_r)
/Users/peterbruce/gcc-arm-none-eabi-4_9-2015q3/bin/../lib/gcc/arm-none-eabi/4.9.3/../../../../arm-none-eabi/lib/armv7e-m/libg_nano.a(lib_a-sbrkr.o)
                              /Users/peterbruce/gcc-arm-none-eabi-4_9-2015q3/bin/../lib/gcc/arm-none-eabi/4.9.3/../../../../arm-none-eabi/lib/armv7e-m/libg_nano.a(lib_a-nano-mallocr.o) (_sbrk_r)
/Users/peterbruce/gcc-arm-none-eabi-4_9-2015q3/bin/../lib/gcc/arm-none-eabi/4.9.3/../../../../arm-none-eabi/lib/armv7e-m/libg_nano.a(lib_a-nano-msizer.o)
                              /Users/peterbruce/gcc-arm-none-eabi-4_9-2015q3/bin/../lib/gcc/arm-none-eabi/4.9.3/../../../../arm-none-eabi/lib/armv7e-m/libg_nano.a(lib_a-nano-reallocr.o) (_malloc_usable_size_r)

Allocating common symbols
Common symbol       size              file

SaveRState          0x2               ./src/usb/usb_int.o
[...]
Memory Configuration

Name             Origin             Length             Attributes
RAM              0x0000000020000000 0x0000000000010000 xrw
CCMRAM           0x0000000010000000 0x0000000000000000 xrw
FLASH            0x0000000008000000 0x0000000000080000 xr
FLASHB1          0x0000000000000000 0x0000000000000000 xr
EXTMEMB0         0x0000000000000000 0x0000000000000000 xr
EXTMEMB1         0x0000000000000000 0x0000000000000000 xr
EXTMEMB2         0x0000000000000000 0x0000000000000000 xr
EXTMEMB3         0x0000000000000000 0x0000000000000000 xr
MEMORY_ARRAY     0x0000000020002000 0x0000000000000000 xrw
*default*        0x0000000000000000 0xffffffffffffffff

Linker script and memory map

LOAD ./system/src/stm32f3-stdperiph/stm32f30x_exti.o
LOAD ./system/src/stm32f3-stdperiph/stm32f30x_flash.o
LOAD ./system/src/stm32f3-stdperiph/stm32f30x_gpio.o
LOAD ./system/src/stm32f3-stdperiph/stm32f30x_iwdg.o
LOAD ./system/src/stm32f3-stdperiph/stm32f30x_misc.o
LOAD ./system/src/stm32f3-stdperiph/stm32f30x_pwr.o
LOAD ./system/src/stm32f3-stdperiph/stm32f30x_rcc.o
LOAD ./system/src/stm32f3-stdperiph/stm32f30x_spi.o
LOAD ./system/src/stm32f3-stdperiph/stm32f30x_usart.o
LOAD ./system/src/newlib/_cxx.o
LOAD ./system/src/newlib/_exit.o
LOAD ./system/src/newlib/_sbrk.o
LOAD ./system/src/newlib/_startup.o
LOAD ./system/src/newlib/_syscalls.o
LOAD ./system/src/newlib/assert.o
LOAD ./system/src/diag/Trace.o
LOAD ./system/src/diag/trace_impl.o
LOAD ./system/src/cortexm/_initialize_hardware.o
LOAD ./system/src/cortexm/_reset_hardware.o
LOAD ./system/src/cortexm/exception_handlers.o
LOAD ./system/src/cmsis/system_stm32f30x.o
LOAD ./system/src/cmsis/vectors_stm32f30x.o
LOAD ./src/usb/usb_core.o
LOAD ./src/usb/usb_desc.o
LOAD ./src/usb/usb_endp.o
LOAD ./src/usb/usb_init.o
LOAD ./src/usb/usb_int.o
LOAD ./src/usb/usb_istr.o
LOAD ./src/usb/usb_mem.o
LOAD ./src/usb/usb_prop.o
LOAD ./src/usb/usb_pwr.o
LOAD ./src/usb/usb_regs.o
LOAD ./src/usb/usb_sil.o
LOAD ./src/FreeRTOS/common.o
LOAD ./src/FreeRTOS/croutine.o
LOAD ./src/FreeRTOS/heap_2.o
LOAD ./src/FreeRTOS/list.o
LOAD ./src/FreeRTOS/port.o
LOAD ./src/FreeRTOS/queue.o
LOAD ./src/FreeRTOS/tasks.o
LOAD ./src/T6819.o
LOAD ./src/_74HC595.o
LOAD ./src/app.o
LOAD ./src/display.o
LOAD ./src/flash.o
LOAD ./src/function.o
LOAD ./src/input.o
LOAD ./src/ir.o
LOAD ./src/led.o
LOAD ./src/main.o
LOAD ./src/motorDrive.o
LOAD ./src/output.o
LOAD ./src/proxySwitch.o
LOAD ./src/rotarySwitch.o
LOAD ./src/trigger.o
LOAD ./src/vcp.o
LOAD /Users/peterbruce/gcc-arm-none-eabi-4_9-2015q3/bin/../lib/gcc/arm-none-eabi/4.9.3/../../../../arm-none-eabi/lib/armv7e-m/libstdc++_nano.a
LOAD /Users/peterbruce/gcc-arm-none-eabi-4_9-2015q3/bin/../lib/gcc/arm-none-eabi/4.9.3/../../../../arm-none-eabi/lib/armv7e-m/libm.a
START GROUP
LOAD /Users/peterbruce/gcc-arm-none-eabi-4_9-2015q3/bin/../lib/gcc/arm-none-eabi/4.9.3/armv7e-m/libgcc.a
LOAD /Users/peterbruce/gcc-arm-none-eabi-4_9-2015q3/bin/../lib/gcc/arm-none-eabi/4.9.3/../../../../arm-none-eabi/lib/armv7e-m/libg_nano.a
LOAD /Users/peterbruce/gcc-arm-none-eabi-4_9-2015q3/bin/../lib/gcc/arm-none-eabi/4.9.3/../../../../arm-none-eabi/lib/armv7e-m/libc_nano.a
END GROUP
START GROUP
LOAD /Users/peterbruce/gcc-arm-none-eabi-4_9-2015q3/bin/../lib/gcc/arm-none-eabi/4.9.3/armv7e-m/libgcc.a
LOAD /Users/peterbruce/gcc-arm-none-eabi-4_9-2015q3/bin/../lib/gcc/arm-none-eabi/4.9.3/../../../../arm-none-eabi/lib/armv7e-m/libc_nano.a
END GROUP
                0x0000000020010000                __stack = (ORIGIN (RAM) + 0x10000)
                0x0000000020010000                _estack = __stack
                0x0000000000000400                __Main_Stack_Size = 0x400
                0x0000000000000400                PROVIDE (_Main_Stack_Size, __Main_Stack_Size)
                0x000000002000fc00                __Main_Stack_Limit = (__stack - __Main_Stack_Size)
                0x000000002000fc00                PROVIDE (_Main_Stack_Limit, __Main_Stack_Limit)
                0x0000000000000100                _Minimum_Stack_Size = 0x100
                0x00000000200034a4                PROVIDE (_Heap_Begin, _end_noinit)
                0x000000002000fc00                PROVIDE (_Heap_Limit, (__stack - __Main_Stack_Size))

.isr_vector     0x0000000008000000      0x3ec
 FILL mask 0xff
                0x0000000008000000                __vectors_start = ABSOLUTE (.)
                0x0000000008000000                __vectors_start__ = ABSOLUTE (.)
 *(.isr_vector)
 .isr_vector    0x0000000008000000      0x188 ./system/src/cmsis/vectors_stm32f30x.o
                0x0000000008000000                __isr_vectors
 *(.cfmconfig)
 *(.after_vectors .after_vectors.*)
 .after_vectors
                0x0000000008000188      0x130 ./system/src/newlib/_startup.o
                0x0000000008000188                _start
 .after_vectors
                0x00000000080002b8      0x130 ./system/src/cortexm/exception_handlers.o
                0x00000000080002b8                Reset_Handler
                0x00000000080002c0                NMI_Handler
                0x00000000080002c4                HardFault_Handler
                0x00000000080002d8                HardFault_Handler_C
                0x0000000008000338                MemManage_Handler
                0x000000000800033c                BusFault_Handler
                0x0000000008000350                BusFault_Handler_C
                0x0000000008000384                UsageFault_Handler
                0x0000000008000398                UsageFault_Handler_C
                0x00000000080003d0                DebugMon_Handler
 .after_vectors
                0x00000000080003e8        0x4 ./system/src/cmsis/vectors_stm32f30x.o
                0x00000000080003e8                TIM1_BRK_TIM15_IRQHandler
                0x00000000080003e8                TIM8_TRG_COM_IRQHandler
                0x00000000080003e8                TIM8_CC_IRQHandler
                0x00000000080003e8                TIM1_CC_IRQHandler
                0x00000000080003e8                USB_HP_IRQHandler
                0x00000000080003e8                PVD_IRQHandler
                0x00000000080003e8                EXTI3_IRQHandler
                0x00000000080003e8                EXTI0_IRQHandler
                0x00000000080003e8                I2C2_EV_IRQHandler
                0x00000000080003e8                FPU_IRQHandler
                0x00000000080003e8                EXTI2_TS_IRQHandler
                0x00000000080003e8                TIM1_UP_TIM16_IRQHandler
                0x00000000080003e8                ADC1_2_IRQHandler
                0x00000000080003e8                SPI1_IRQHandler
                0x00000000080003e8                TIM6_DAC_IRQHandler
                0x00000000080003e8                TIM8_UP_IRQHandler
                0x00000000080003e8                DMA2_Channel2_IRQHandler
                0x00000000080003e8                DMA1_Channel4_IRQHandler
                0x00000000080003e8                USART3_IRQHandler
                0x00000000080003e8                DMA1_Channel7_IRQHandler
                0x00000000080003e8                CAN1_RX1_IRQHandler
                0x00000000080003e8                UART5_IRQHandler
                0x00000000080003e8                ADC3_IRQHandler
                0x00000000080003e8                TIM4_IRQHandler
                0x00000000080003e8                DMA2_Channel1_IRQHandler
                0x00000000080003e8                I2C1_EV_IRQHandler
                0x00000000080003e8                DMA1_Channel6_IRQHandler
                0x00000000080003e8                UART4_IRQHandler
                0x00000000080003e8                DMA2_Channel4_IRQHandler
                0x00000000080003e8                TIM3_IRQHandler
                0x00000000080003e8                RCC_IRQHandler
                0x00000000080003e8                DMA1_Channel1_IRQHandler
                0x00000000080003e8                Default_Handler
                0x00000000080003e8                USBWakeUp_RMP_IRQHandler
                0x00000000080003e8                EXTI15_10_IRQHandler
                0x00000000080003e8                TIM7_IRQHandler
                0x00000000080003e8                EXTI9_5_IRQHandler
                0x00000000080003e8                TAMPER_STAMP_IRQHandler
                0x00000000080003e8                RTC_WKUP_IRQHandler
                0x00000000080003e8                SPI2_IRQHandler
                0x00000000080003e8                DMA2_Channel5_IRQHandler
                0x00000000080003e8                DMA1_Channel5_IRQHandler
                0x00000000080003e8                USB_LP_IRQHandler
                0x00000000080003e8                EXTI4_IRQHandler
                0x00000000080003e8                TIM1_TRG_COM_TIM17_IRQHandler
                0x00000000080003e8                USB_HP_CAN1_TX_IRQHandler
                0x00000000080003e8                DMA1_Channel3_IRQHandler
                0x00000000080003e8                ADC4_IRQHandler
                0x00000000080003e8                WWDG_IRQHandler
                0x00000000080003e8                TIM2_IRQHandler
                0x00000000080003e8                COMP7_IRQHandler
                0x00000000080003e8                COMP1_2_3_IRQHandler
                0x00000000080003e8                EXTI1_IRQHandler
                0x00000000080003e8                USART2_IRQHandler
                0x00000000080003e8                COMP4_5_6_IRQHandler
                0x00000000080003e8                I2C2_ER_IRQHandler
                0x00000000080003e8                DMA1_Channel2_IRQHandler
                0x00000000080003e8                TIM8_BRK_IRQHandler
                0x00000000080003e8                CAN1_SCE_IRQHandler
                0x00000000080003e8                FLASH_IRQHandler
                0x00000000080003e8                USART1_IRQHandler
                0x00000000080003e8                SPI3_IRQHandler
                0x00000000080003e8                I2C1_ER_IRQHandler
                0x00000000080003e8                DMA2_Channel3_IRQHandler
                0x00000000080003e8                RTC_Alarm_IRQHandler

.inits          0x00000000080003ec       0x28
                0x00000000080003ec                __data_regions_array_start = .
                0x00000000080003ec        0x4 LONG 0x8005584 LOADADDR (.data)
                0x00000000080003f0        0x4 LONG 0x20000000 ADDR (.data)
                0x00000000080003f4        0x4 LONG 0x2000014c (ADDR (.data) + SIZEOF (.data))
                0x00000000080003f8        0x4 LONG 0x8005584 LOADADDR (.data_CCMRAM)
                0x00000000080003fc        0x4 LONG 0x10000000 ADDR (.data_CCMRAM)
                0x0000000008000400        0x4 LONG 0x10000000 (ADDR (.data_CCMRAM) + SIZEOF (.data_CCMRAM))
                0x0000000008000404                __data_regions_array_end = .
                0x0000000008000404                __bss_regions_array_start = .
                0x0000000008000404        0x4 LONG 0x20000150 ADDR (.bss)
                0x0000000008000408        0x4 LONG 0x200034a4 (ADDR (.bss) + SIZEOF (.bss))
                0x000000000800040c        0x4 LONG 0x10000000 ADDR (.bss_CCMRAM)
                0x0000000008000410        0x4 LONG 0x10000000 (ADDR (.bss_CCMRAM) + SIZEOF (.bss_CCMRAM))
                0x0000000008000414                __bss_regions_array_end = .
 *(.init)
 *(.fini)
                0x0000000008000414                . = ALIGN (0x4)
                0x0000000008000414                PROVIDE (__preinit_array_start, .)
 *(.preinit_array_sysinit .preinit_array_sysinit.*)
 *(.preinit_array_platform .preinit_array_platform.*)
 *(.preinit_array .preinit_array.*)
                0x0000000008000414                PROVIDE (__preinit_array_end, .)
                0x0000000008000414                . = ALIGN (0x4)
                0x0000000008000414                PROVIDE (__init_array_start, .)
 *(SORT(.init_array.*))
 *(.init_array)
                0x0000000008000414                PROVIDE (__init_array_end, .)
                0x0000000008000414                . = ALIGN (0x4)
                0x0000000008000414                PROVIDE (__fini_array_start, .)
 *(SORT(.fini_array.*))
 *(.fini_array)
                0x0000000008000414                PROVIDE (__fini_array_end, .)

.flashtext
 *(.flashtext .flashtext.*)

.text           0x0000000008000414     0x516d
 *(.text .text.*)
 .text.EXTI_ClearITPendingBit
                0x0000000008000414       0x18 ./system/src/stm32f3-stdperiph/stm32f30x_exti.o
                0x0000000008000414                EXTI_ClearITPendingBit
 .text.GPIO_Init
                0x000000000800042c       0x8c ./system/src/stm32f3-stdperiph/stm32f30x_gpio.o
                0x000000000800042c                GPIO_Init
 .text.GPIO_ReadInputDataBit
                0x00000000080004b8       0x10 ./system/src/stm32f3-stdperiph/stm32f30x_gpio.o
                0x00000000080004b8                GPIO_ReadInputDataBit
 .text.GPIO_SetBits
                0x00000000080004c8        0x4 ./system/src/stm32f3-stdperiph/stm32f30x_gpio.o
                0x00000000080004c8                GPIO_SetBits
 .text.GPIO_ResetBits
                0x00000000080004cc        0x4 ./system/src/stm32f3-stdperiph/stm32f30x_gpio.o
                0x00000000080004cc                GPIO_ResetBits
 .text.GPIO_WriteBit
                0x00000000080004d0        0xc ./system/src/stm32f3-stdperiph/stm32f30x_gpio.o
                0x00000000080004d0                GPIO_WriteBit
 .text.GPIO_PinAFConfig
                0x00000000080004dc       0x30 ./system/src/stm32f3-stdperiph/stm32f30x_gpio.o
                0x00000000080004dc                GPIO_PinAFConfig
 .text.IWDG_WriteAccessCmd
                0x000000000800050c        0xc ./system/src/stm32f3-stdperiph/stm32f30x_iwdg.o
                0x000000000800050c                IWDG_WriteAccessCmd
 .text.IWDG_SetPrescaler
                0x0000000008000518        0xc ./system/src/stm32f3-stdperiph/stm32f30x_iwdg.o
                0x0000000008000518                IWDG_SetPrescaler
 .text.IWDG_SetReload
                0x0000000008000524        0xc ./system/src/stm32f3-stdperiph/stm32f30x_iwdg.o
                0x0000000008000524                IWDG_SetReload
 .text.IWDG_ReloadCounter
                0x0000000008000530       0x10 ./system/src/stm32f3-stdperiph/stm32f30x_iwdg.o
                0x0000000008000530                IWDG_ReloadCounter
 .text.IWDG_Enable
                0x0000000008000540       0x10 ./system/src/stm32f3-stdperiph/stm32f30x_iwdg.o
                0x0000000008000540                IWDG_Enable
 .text.RCC_HSEConfig
                0x0000000008000550       0x10 ./system/src/stm32f3-stdperiph/stm32f30x_rcc.o
                0x0000000008000550                RCC_HSEConfig
 .text.RCC_PLLCmd
                0x0000000008000560        0xc ./system/src/stm32f3-stdperiph/stm32f30x_rcc.o
                0x0000000008000560                RCC_PLLCmd
 .text.RCC_SYSCLKConfig
                0x000000000800056c       0x14 ./system/src/stm32f3-stdperiph/stm32f30x_rcc.o
                0x000000000800056c                RCC_SYSCLKConfig
 .text.RCC_GetSYSCLKSource
                0x0000000008000580       0x10 ./system/src/stm32f3-stdperiph/stm32f30x_rcc.o
                0x0000000008000580                RCC_GetSYSCLKSource
 .text.RCC_AHBPeriphClockCmd
                0x0000000008000590       0x1c ./system/src/stm32f3-stdperiph/stm32f30x_rcc.o
                0x0000000008000590                RCC_AHBPeriphClockCmd
 .text.RCC_APB1PeriphClockCmd
                0x00000000080005ac       0x1c ./system/src/stm32f3-stdperiph/stm32f30x_rcc.o
                0x00000000080005ac                RCC_APB1PeriphClockCmd
 .text.RCC_APB2PeriphResetCmd
                0x00000000080005c8       0x1c ./system/src/stm32f3-stdperiph/stm32f30x_rcc.o
                0x00000000080005c8                RCC_APB2PeriphResetCmd
 .text.RCC_APB1PeriphResetCmd
                0x00000000080005e4       0x1c ./system/src/stm32f3-stdperiph/stm32f30x_rcc.o
                0x00000000080005e4                RCC_APB1PeriphResetCmd
 .text.RCC_GetFlagStatus
                0x0000000008000600       0x3c ./system/src/stm32f3-stdperiph/stm32f30x_rcc.o
                0x0000000008000600                RCC_GetFlagStatus
 .text.RCC_WaitForHSEStartUp
                0x000000000800063c       0x34 ./system/src/stm32f3-stdperiph/stm32f30x_rcc.o
                0x000000000800063c                RCC_WaitForHSEStartUp
 .text.SPI_I2S_DeInit
                0x0000000008000670       0x64 ./system/src/stm32f3-stdperiph/stm32f30x_spi.o
                0x0000000008000670                SPI_I2S_DeInit
 .text.SPI_Init
                0x00000000080006d4       0x8c ./system/src/stm32f3-stdperiph/stm32f30x_spi.o
                0x00000000080006d4                SPI_Init
 .text.SPI_Cmd  0x0000000008000760       0x1c ./system/src/stm32f3-stdperiph/stm32f30x_spi.o
                0x0000000008000760                SPI_Cmd
 .text.SPI_SendData8
                0x000000000800077c        0x4 ./system/src/stm32f3-stdperiph/stm32f30x_spi.o
                0x000000000800077c                SPI_SendData8
 .text.SPI_I2S_GetFlagStatus
                0x0000000008000780       0x10 ./system/src/stm32f3-stdperiph/stm32f30x_spi.o
                0x0000000008000780                SPI_I2S_GetFlagStatus
 .text._exit    0x0000000008000790        0x4 ./system/src/newlib/_exit.o
                0x0000000008000790                _exit
 .text._sbrk    0x0000000008000794       0x44 ./system/src/newlib/_sbrk.o
                0x0000000008000794                _sbrk
 .text.__initialize_args
                0x00000000080007d8       0x10 ./system/src/newlib/_syscalls.o
                0x00000000080007d8                __initialize_args
 .text.trace_printf
                0x00000000080007e8       0x34 ./system/src/diag/Trace.o
                0x00000000080007e8                trace_printf
 .text._trace_write_semihosting_debug
                0x000000000800081c       0x64 ./system/src/diag/trace_impl.o
 .text.trace_write
                0x0000000008000880        0x8 ./system/src/diag/trace_impl.o
                0x0000000008000880                trace_write
 .text.__initialize_hardware_early
                0x0000000008000888       0x18 ./system/src/cortexm/_initialize_hardware.o
                0x0000000008000888                __initialize_hardware_early
 .text.__initialize_hardware
                0x00000000080008a0        0x8 ./system/src/cortexm/_initialize_hardware.o
                0x00000000080008a0                __initialize_hardware
 .text.dumpExceptionStack
                0x00000000080008a8       0xf0 ./system/src/cortexm/exception_handlers.o
                0x00000000080008a8                dumpExceptionStack
 .text.isSemihosting
                0x0000000008000998       0x20 ./system/src/cortexm/exception_handlers.o
                0x0000000008000998                isSemihosting
 .text.SetSysClock
                0x00000000080009b8       0xb0 ./system/src/cmsis/system_stm32f30x.o
 .text.SystemInit
                0x0000000008000a68       0x64 ./system/src/cmsis/system_stm32f30x.o
                0x0000000008000a68                SystemInit
 .text.SystemCoreClockUpdate
                0x0000000008000acc       0x8c ./system/src/cmsis/system_stm32f30x.o
                0x0000000008000acc                SystemCoreClockUpdate
 .text.Standard_GetConfiguration
                0x0000000008000b58       0x28 ./src/usb/usb_core.o
                0x0000000008000b58                Standard_GetConfiguration
 .text.Standard_GetInterface
                0x0000000008000b80       0x28 ./src/usb/usb_core.o
                0x0000000008000b80                Standard_GetInterface
 .text.Standard_GetStatus
                0x0000000008000ba8       0xb8 ./src/usb/usb_core.o
                0x0000000008000ba8                Standard_GetStatus
 .text.DataStageIn
                0x0000000008000c60       0xb0 ./src/usb/usb_core.o
 .text.Data_Setup0
                0x0000000008000d10      0x218 ./src/usb/usb_core.o
 .text.DataStageOut
                0x0000000008000f28       0xac ./src/usb/usb_core.o
 .text.Standard_SetConfiguration
                0x0000000008000fd4       0x40 ./src/usb/usb_core.o
                0x0000000008000fd4                Standard_SetConfiguration
 .text.Standard_SetInterface
                0x0000000008001014       0x5c ./src/usb/usb_core.o
                0x0000000008001014                Standard_SetInterface
 .text.Standard_ClearFeature
                0x0000000008001070      0x128 ./src/usb/usb_core.o
                0x0000000008001070                Standard_ClearFeature
 .text.Standard_SetEndPointFeature
                0x0000000008001198       0xc4 ./src/usb/usb_core.o
                0x0000000008001198                Standard_SetEndPointFeature
 .text.Standard_SetDeviceFeature
                0x000000000800125c       0x24 ./src/usb/usb_core.o
                0x000000000800125c                Standard_SetDeviceFeature
 .text.NoData_Setup0
                0x0000000008001280      0x114 ./src/usb/usb_core.o
 .text.Standard_GetDescriptorData
                0x0000000008001394       0x1c ./src/usb/usb_core.o
                0x0000000008001394                Standard_GetDescriptorData
 .text.Post0_Process
                0x00000000080013b0       0x40 ./src/usb/usb_core.o
                0x00000000080013b0                Post0_Process
 .text.Setup0_Process
                0x00000000080013f0       0x7c ./src/usb/usb_core.o
                0x00000000080013f0                Setup0_Process
 .text.Out0_Process
                0x000000000800146c       0x54 ./src/usb/usb_core.o
                0x000000000800146c                Out0_Process
 .text.SetDeviceAddress
                0x00000000080014c0       0x48 ./src/usb/usb_core.o
                0x00000000080014c0                SetDeviceAddress
 .text.In0_Process
                0x0000000008001508       0x64 ./src/usb/usb_core.o
                0x0000000008001508                In0_Process
 .text.NOP_Process
                0x000000000800156c        0x4 ./src/usb/usb_core.o
                0x000000000800156c                NOP_Process
 .text.EP1_IN_Callback
                0x0000000008001570        0x4 ./src/usb/usb_endp.o
                0x0000000008001570                EP1_IN_Callback
 .text.EP3_OUT_Callback
                0x0000000008001574       0x24 ./src/usb/usb_endp.o
                0x0000000008001574                EP3_OUT_Callback
 .text.CTR_LP   0x0000000008001598      0x280 ./src/usb/usb_int.o
                0x0000000008001598                CTR_LP
 .text.USB_Istr
                0x0000000008001818      0x1b8 ./src/usb/usb_istr.o
                0x0000000008001818                USB_Istr
 .text.UserToPMABufferCopy
                0x00000000080019d0       0x2c ./src/usb/usb_mem.o
                0x00000000080019d0                UserToPMABufferCopy
 .text.PMAToUserBufferCopy
                0x00000000080019fc       0x20 ./src/usb/usb_mem.o
                0x00000000080019fc                PMAToUserBufferCopy
 .text.Virtual_Com_Port_Status_In
                0x0000000008001a1c       0x14 ./src/usb/usb_prop.o
                0x0000000008001a1c                Virtual_Com_Port_Status_In
 .text.Virtual_Com_Port_Status_Out
                0x0000000008001a30        0x4 ./src/usb/usb_prop.o
                0x0000000008001a30                Virtual_Com_Port_Status_Out
 .text.Virtual_Com_Port_Data_Setup
                0x0000000008001a34       0x68 ./src/usb/usb_prop.o
                0x0000000008001a34                Virtual_Com_Port_Data_Setup
 .text.Virtual_Com_Port_NoData_Setup
                0x0000000008001a9c       0x2c ./src/usb/usb_prop.o
                0x0000000008001a9c                Virtual_Com_Port_NoData_Setup
 .text.Virtual_Com_Port_Get_Interface_Setting
                0x0000000008001ac8       0x14 ./src/usb/usb_prop.o
                0x0000000008001ac8                Virtual_Com_Port_Get_Interface_Setting
 .text.Virtual_Com_Port_GetLineCoding
                0x0000000008001adc       0x18 ./src/usb/usb_prop.o
                0x0000000008001adc                Virtual_Com_Port_GetLineCoding
 .text.Virtual_Com_Port_SetLineCoding
                0x0000000008001af4       0x18 ./src/usb/usb_prop.o
                0x0000000008001af4                Virtual_Com_Port_SetLineCoding
 .text.Virtual_Com_Port_init
                0x0000000008001b0c       0x24 ./src/usb/usb_prop.o
                0x0000000008001b0c                Virtual_Com_Port_init
 .text.Virtual_Com_Port_Reset
                0x0000000008001b30       0xe0 ./src/usb/usb_prop.o
                0x0000000008001b30                Virtual_Com_Port_Reset
 .text.Virtual_Com_Port_GetDeviceDescriptor
                0x0000000008001c10       0x10 ./src/usb/usb_prop.o
                0x0000000008001c10                Virtual_Com_Port_GetDeviceDescriptor
 .text.Virtual_Com_Port_GetConfigDescriptor
                0x0000000008001c20       0x10 ./src/usb/usb_prop.o
                0x0000000008001c20                Virtual_Com_Port_GetConfigDescriptor
 .text.Virtual_Com_Port_GetStringDescriptor
                0x0000000008001c30       0x24 ./src/usb/usb_prop.o
                0x0000000008001c30                Virtual_Com_Port_GetStringDescriptor
 .text.PowerOn  0x0000000008001c54       0x28 ./src/usb/usb_pwr.o
                0x0000000008001c54                PowerOn
 .text.Suspend  0x0000000008001c7c       0xf4 ./src/usb/usb_pwr.o
                0x0000000008001c7c                Suspend
 .text.Resume_Init
                0x0000000008001d70       0x20 ./src/usb/usb_pwr.o
                0x0000000008001d70                Resume_Init
 .text.Resume   0x0000000008001d90       0xc8 ./src/usb/usb_pwr.o
                0x0000000008001d90                Resume
 .text.SetBTABLE
                0x0000000008001e58       0x10 ./src/usb/usb_regs.o
                0x0000000008001e58                SetBTABLE
 .text.SetEPType
                0x0000000008001e68       0x1c ./src/usb/usb_regs.o
                0x0000000008001e68                SetEPType
 .text.SetEPTxStatus
                0x0000000008001e84       0x3c ./src/usb/usb_regs.o
                0x0000000008001e84                SetEPTxStatus
 .text.SetEPRxStatus
                0x0000000008001ec0       0x3c ./src/usb/usb_regs.o
                0x0000000008001ec0                SetEPRxStatus
 .text.SetEPRxValid
                0x0000000008001efc       0x28 ./src/usb/usb_regs.o
                0x0000000008001efc                SetEPRxValid
 .text.Clear_Status_Out
                0x0000000008001f24       0x20 ./src/usb/usb_regs.o
                0x0000000008001f24                Clear_Status_Out
 .text.ClearDTOG_RX
                0x0000000008001f44       0x28 ./src/usb/usb_regs.o
                0x0000000008001f44                ClearDTOG_RX
 .text.ClearDTOG_TX
                0x0000000008001f6c       0x28 ./src/usb/usb_regs.o
                0x0000000008001f6c                ClearDTOG_TX
 .text.SetEPTxAddr
                0x0000000008001f94       0x20 ./src/usb/usb_regs.o
                0x0000000008001f94                SetEPTxAddr
 .text.SetEPRxAddr
                0x0000000008001fb4       0x20 ./src/usb/usb_regs.o
                0x0000000008001fb4                SetEPRxAddr
 .text.GetEPTxAddr
                0x0000000008001fd4       0x20 ./src/usb/usb_regs.o
                0x0000000008001fd4                GetEPTxAddr
 .text.GetEPRxAddr
                0x0000000008001ff4       0x20 ./src/usb/usb_regs.o
                0x0000000008001ff4                GetEPRxAddr
 .text.SetEPTxCount
                0x0000000008002014       0x1c ./src/usb/usb_regs.o
                0x0000000008002014                SetEPTxCount
 .text.SetEPRxCount
                0x0000000008002030       0x44 ./src/usb/usb_regs.o
                0x0000000008002030                SetEPRxCount
 .text.GetEPRxCount
                0x0000000008002074       0x20 ./src/usb/usb_regs.o
                0x0000000008002074                GetEPRxCount
 .text.ByteSwap
                0x0000000008002094        0xc ./src/usb/usb_regs.o
                0x0000000008002094                ByteSwap
 .text.USB_SIL_Init
                0x00000000080020a0       0x20 ./src/usb/usb_sil.o
                0x00000000080020a0                USB_SIL_Init
 .text.pvPortMalloc
                0x00000000080020c0       0xbc ./src/FreeRTOS/heap_2.o
                0x00000000080020c0                pvPortMalloc
 .text.vPortFree
                0x000000000800217c       0x44 ./src/FreeRTOS/heap_2.o
                0x000000000800217c                vPortFree
 .text.vListInitialise
                0x00000000080021c0       0x18 ./src/FreeRTOS/list.o
                0x00000000080021c0                vListInitialise
 .text.vListInitialiseItem
                0x00000000080021d8        0x8 ./src/FreeRTOS/list.o
                0x00000000080021d8                vListInitialiseItem
 .text.vListInsertEnd
                0x00000000080021e0       0x1c ./src/FreeRTOS/list.o
                0x00000000080021e0                vListInsertEnd
 .text.vListInsert
                0x00000000080021fc       0x38 ./src/FreeRTOS/list.o
                0x00000000080021fc                vListInsert
 .text.vListRemove
                0x0000000008002234       0x24 ./src/FreeRTOS/list.o
                0x0000000008002234                vListRemove
 .text.prvSetupTimerInterrupt
                0x0000000008002258       0x18 ./src/FreeRTOS/port.o
 .text.pxPortInitialiseStack
                0x0000000008002270       0x1c ./src/FreeRTOS/port.o
                0x0000000008002270                pxPortInitialiseStack
 .text.SVC_Handler
                0x000000000800228c       0x20 ./src/FreeRTOS/port.o
                0x000000000800228c                SVC_Handler
 .text.vPortStartFirstTask
                0x00000000080022ac       0x10 ./src/FreeRTOS/port.o
                0x00000000080022ac                vPortStartFirstTask
 .text.xPortStartScheduler
                0x00000000080022bc       0x30 ./src/FreeRTOS/port.o
                0x00000000080022bc                xPortStartScheduler
 .text.vPortYieldFromISR
                0x00000000080022ec       0x10 ./src/FreeRTOS/port.o
                0x00000000080022ec                vPortYieldFromISR
 .text.vPortEnterCritical
                0x00000000080022fc       0x18 ./src/FreeRTOS/port.o
                0x00000000080022fc                vPortEnterCritical
 .text.vPortExitCritical
                0x0000000008002314       0x18 ./src/FreeRTOS/port.o
                0x0000000008002314                vPortExitCritical
 .text.PendSV_Handler
                0x000000000800232c       0x3c ./src/FreeRTOS/port.o
                0x000000000800232c                PendSV_Handler
 .text.SysTick_Handler
                0x0000000008002368       0x24 ./src/FreeRTOS/port.o
                0x0000000008002368                SysTick_Handler
 .text.prvIsQueueFull
                0x000000000800238c       0x1c ./src/FreeRTOS/queue.o
 .text.prvIsQueueEmpty
                0x00000000080023a8       0x18 ./src/FreeRTOS/queue.o
 .text.prvCopyDataToQueue
                0x00000000080023c0       0x5c ./src/FreeRTOS/queue.o
 .text.prvCopyDataFromQueue
                0x000000000800241c       0x24 ./src/FreeRTOS/queue.o
 .text.prvUnlockQueue
                0x0000000008002440       0x64 ./src/FreeRTOS/queue.o
 .text.xQueueGenericSend
                0x00000000080024a4       0xcc ./src/FreeRTOS/queue.o
                0x00000000080024a4                xQueueGenericSend
 .text.xQueueCreateMutex
                0x0000000008002570       0x44 ./src/FreeRTOS/queue.o
                0x0000000008002570                xQueueCreateMutex
 .text.xQueueGenericReceive
                0x00000000080025b4      0x100 ./src/FreeRTOS/queue.o
                0x00000000080025b4                xQueueGenericReceive
 .text.prvDeleteTCB
                0x00000000080026b4       0x14 ./src/FreeRTOS/tasks.o
 .text.prvAllocateTCBAndStack
                0x00000000080026c8       0x38 ./src/FreeRTOS/tasks.o
 .text.prvInitialiseTCBVariables
                0x0000000008002700       0x38 ./src/FreeRTOS/tasks.o
 .text.prvInitialiseTaskLists
                0x0000000008002738       0x68 ./src/FreeRTOS/tasks.o
 .text.xTaskGenericCreate
                0x00000000080027a0       0xf8 ./src/FreeRTOS/tasks.o
                0x00000000080027a0                xTaskGenericCreate
 .text.vTaskStartScheduler
                0x0000000008002898       0x4c ./src/FreeRTOS/tasks.o
                0x0000000008002898                vTaskStartScheduler
 .text.vTaskSuspendAll
                0x00000000080028e4       0x10 ./src/FreeRTOS/tasks.o
                0x00000000080028e4                vTaskSuspendAll
 .text.vTaskIncrementTick
                0x00000000080028f4       0xac ./src/FreeRTOS/tasks.o
                0x00000000080028f4                vTaskIncrementTick
 .text.xTaskResumeAll
                0x00000000080029a0       0xd8 ./src/FreeRTOS/tasks.o
                0x00000000080029a0                xTaskResumeAll
 .text.vTaskDelay
                0x0000000008002a78       0x60 ./src/FreeRTOS/tasks.o
                0x0000000008002a78                vTaskDelay
 .text.prvCheckTasksWaitingTermination
                0x0000000008002ad8       0x5c ./src/FreeRTOS/tasks.o
 .text.prvIdleTask
                0x0000000008002b34       0x18 ./src/FreeRTOS/tasks.o
 .text.vTaskSwitchContext
                0x0000000008002b4c       0x84 ./src/FreeRTOS/tasks.o
                0x0000000008002b4c                vTaskSwitchContext
 .text.vTaskPlaceOnEventList
                0x0000000008002bd0       0x70 ./src/FreeRTOS/tasks.o
                0x0000000008002bd0                vTaskPlaceOnEventList
 .text.xTaskRemoveFromEventList
                0x0000000008002c40       0x78 ./src/FreeRTOS/tasks.o
                0x0000000008002c40                xTaskRemoveFromEventList
 .text.vTaskSetTimeOutState
                0x0000000008002cb8       0x18 ./src/FreeRTOS/tasks.o
                0x0000000008002cb8                vTaskSetTimeOutState
 .text.xTaskCheckForTimeOut
                0x0000000008002cd0       0x60 ./src/FreeRTOS/tasks.o
                0x0000000008002cd0                xTaskCheckForTimeOut
 .text.vTaskMissedYield
                0x0000000008002d30        0xc ./src/FreeRTOS/tasks.o
                0x0000000008002d30                vTaskMissedYield
 .text.xTaskGetCurrentTaskHandle
                0x0000000008002d3c        0xc ./src/FreeRTOS/tasks.o
                0x0000000008002d3c                xTaskGetCurrentTaskHandle
 .text.vTaskPriorityInherit
                0x0000000008002d48       0x70 ./src/FreeRTOS/tasks.o
                0x0000000008002d48                vTaskPriorityInherit
 .text.vTaskPriorityDisinherit
                0x0000000008002db8       0x48 ./src/FreeRTOS/tasks.o
                0x0000000008002db8                vTaskPriorityDisinherit
 .text.T6819_init
                0x0000000008002e00      0x100 ./src/T6819.o
                0x0000000008002e00                T6819_init
 .text.T6819_write
                0x0000000008002f00       0x38 ./src/T6819.o
                0x0000000008002f00                T6819_write
 .text.T6819_cs
                0x0000000008002f38       0x24 ./src/T6819.o
                0x0000000008002f38                T6819_cs
 .text._74HC595_init
                0x0000000008002f5c       0xfc ./src/_74HC595.o
                0x0000000008002f5c                _74HC595_init
 .text._74HC595_write
                0x0000000008003058       0x2c ./src/_74HC595.o
                0x0000000008003058                _74HC595_write
 .text._74HC595_cs
                0x0000000008003084       0x24 ./src/_74HC595.o
                0x0000000008003084                _74HC595_cs
 .text.app_display
                0x00000000080030a8      0x260 ./src/app.o
                0x00000000080030a8                app_display
 .text.app_display_fault
                0x0000000008003308       0xd8 ./src/app.o
                0x0000000008003308                app_display_fault
 .text.app      0x00000000080033e0      0x280 ./src/app.o
                0x00000000080033e0                app
 .text.app_ir   0x0000000008003660       0x38 ./src/app.o
                0x0000000008003660                app_ir
 .text.app_rotarySwitch
                0x0000000008003698       0x2c ./src/app.o
                0x0000000008003698                app_rotarySwitch
 .text.app_trigger
                0x00000000080036c4       0x7c ./src/app.o
                0x00000000080036c4                app_trigger
 .text.app_motorDrive
                0x0000000008003740       0x74 ./src/app.o
                0x0000000008003740                app_motorDrive
 .text.display_show
                0x00000000080037b4        0x8 ./src/display.o
                0x00000000080037b4                display_show
 .text.input_digitalInit
                0x00000000080037bc      0x32c ./src/input.o
                0x00000000080037bc                input_digitalInit
 .text.input_digitalRead
                0x0000000008003ae8      0x274 ./src/input.o
                0x0000000008003ae8                input_digitalRead
 .text.ir_rx    0x0000000008003d5c        0x8 ./src/ir.o
                0x0000000008003d5c                ir_rx
 .text.led_input
                0x0000000008003d64      0x2f8 ./src/led.o
                0x0000000008003d64                led_input
 .text.led_output
                0x000000000800405c      0x2f8 ./src/led.o
                0x000000000800405c                led_output
 .text.main     0x0000000008004354      0x110 ./src/main.o
                0x0000000008004354                main
 .text.motorDrive_control
                0x0000000008004464       0x60 ./src/motorDrive.o
                0x0000000008004464                motorDrive_control
 .text.output_digitalWrite
                0x00000000080044c4      0x4ac ./src/output.o
                0x00000000080044c4                output_digitalWrite
 .text.proxySwitch_read
                0x0000000008004970        0x8 ./src/proxySwitch.o
                0x0000000008004970                proxySwitch_read
 .text.rotarySwitch_read
                0x0000000008004978        0xc ./src/rotarySwitch.o
                0x0000000008004978                rotarySwitch_read
 .text.trigger_read
                0x0000000008004984        0x8 ./src/trigger.o
                0x0000000008004984                trigger_read
 .text.IntToUnicode
                0x000000000800498c       0x30 ./src/vcp.o
 .text.USB_LP_CAN1_RX0_IRQHandler
                0x00000000080049bc        0x8 ./src/vcp.o
                0x00000000080049bc                USB_LP_CAN1_RX0_IRQHandler
 .text.USBWakeUp_IRQHandler
                0x00000000080049c4       0x10 ./src/vcp.o
                0x00000000080049c4                USBWakeUp_IRQHandler
 .text.Get_SerialNum
                0x00000000080049d4       0x38 ./src/vcp.o
                0x00000000080049d4                Get_SerialNum
 .text.Leave_LowPowerMode
                0x0000000008004a0c       0x5c ./src/vcp.o
                0x0000000008004a0c                Leave_LowPowerMode
 .text.__errno  0x0000000008004a68        0xc /Users/peterbruce/gcc-arm-none-eabi-4_9-2015q3/bin/../lib/gcc/arm-none-eabi/4.9.3/../../../../arm-none-eabi/lib/armv7e-m/libg_nano.a(lib_a-errno.o)
                0x0000000008004a68                __errno
 .text.memcpy   0x0000000008004a74       0x16 /Users/peterbruce/gcc-arm-none-eabi-4_9-2015q3/bin/../lib/gcc/arm-none-eabi/4.9.3/../../../../arm-none-eabi/lib/armv7e-m/libg_nano.a(lib_a-memcpy.o)
                0x0000000008004a74                memcpy
 .text.memset   0x0000000008004a8a       0x10 /Users/peterbruce/gcc-arm-none-eabi-4_9-2015q3/bin/../lib/gcc/arm-none-eabi/4.9.3/../../../../arm-none-eabi/lib/armv7e-m/libg_nano.a(lib_a-memset.o)
                0x0000000008004a8a                memset
 .text.strncpy  0x0000000008004a9a       0x24 /Users/peterbruce/gcc-arm-none-eabi-4_9-2015q3/bin/../lib/gcc/arm-none-eabi/4.9.3/../../../../arm-none-eabi/lib/armv7e-m/libg_nano.a(lib_a-strncpy.o)
                0x0000000008004a9a                strncpy
 .text._vsnprintf_r
                0x0000000008004abe       0x52 /Users/peterbruce/gcc-arm-none-eabi-4_9-2015q3/bin/../lib/gcc/arm-none-eabi/4.9.3/../../../../arm-none-eabi/lib/armv7e-m/libg_nano.a(lib_a-vsnprintf.o)
                0x0000000008004abe                _vsnprintf_r
                0x0000000008004abe                _vsniprintf_r
 .text.vsnprintf
                0x0000000008004b10       0x20 /Users/peterbruce/gcc-arm-none-eabi-4_9-2015q3/bin/../lib/gcc/arm-none-eabi/4.9.3/../../../../arm-none-eabi/lib/armv7e-m/libg_nano.a(lib_a-vsnprintf.o)
                0x0000000008004b10                vsnprintf
                0x0000000008004b10                vsniprintf
 .text.__ssputs_r
                0x0000000008004b30       0xb2 /Users/peterbruce/gcc-arm-none-eabi-4_9-2015q3/bin/../lib/gcc/arm-none-eabi/4.9.3/../../../../arm-none-eabi/lib/armv7e-m/libg_nano.a(lib_a-nano-svfprintf.o)
                0x0000000008004b30                __ssputs_r
 *fill*         0x0000000008004be2        0x2 
 .text._svfprintf_r
                0x0000000008004be4      0x1e4 /Users/peterbruce/gcc-arm-none-eabi-4_9-2015q3/bin/../lib/gcc/arm-none-eabi/4.9.3/../../../../arm-none-eabi/lib/armv7e-m/libg_nano.a(lib_a-nano-svfprintf.o)
                0x0000000008004be4                _svfprintf_r
                0x0000000008004be4                _svfiprintf_r
 .text._printf_common
                0x0000000008004dc8       0xea /Users/peterbruce/gcc-arm-none-eabi-4_9-2015q3/bin/../lib/gcc/arm-none-eabi/4.9.3/../../../../arm-none-eabi/lib/armv7e-m/libg_nano.a(lib_a-nano-vfprintf_i.o)
                0x0000000008004dc8                _printf_common
 *fill*         0x0000000008004eb2        0x2 
 .text._printf_i
                0x0000000008004eb4      0x240 /Users/peterbruce/gcc-arm-none-eabi-4_9-2015q3/bin/../lib/gcc/arm-none-eabi/4.9.3/../../../../arm-none-eabi/lib/armv7e-m/libg_nano.a(lib_a-nano-vfprintf_i.o)
                0x0000000008004eb4                _printf_i
 .text.memchr   0x00000000080050f4       0x1e /Users/peterbruce/gcc-arm-none-eabi-4_9-2015q3/bin/../lib/gcc/arm-none-eabi/4.9.3/../../../../arm-none-eabi/lib/armv7e-m/libg_nano.a(lib_a-memchr.o)
                0x00000000080050f4                memchr
 .text.memmove  0x0000000008005112       0x36 /Users/peterbruce/gcc-arm-none-eabi-4_9-2015q3/bin/../lib/gcc/arm-none-eabi/4.9.3/../../../../arm-none-eabi/lib/armv7e-m/libg_nano.a(lib_a-memmove.o)
                0x0000000008005112                memmove
 .text._free_r  0x0000000008005148       0x88 /Users/peterbruce/gcc-arm-none-eabi-4_9-2015q3/bin/../lib/gcc/arm-none-eabi/4.9.3/../../../../arm-none-eabi/lib/armv7e-m/libg_nano.a(lib_a-nano-freer.o)
                0x0000000008005148                _free_r
 .text._malloc_r
                0x00000000080051d0       0xac /Users/peterbruce/gcc-arm-none-eabi-4_9-2015q3/bin/../lib/gcc/arm-none-eabi/4.9.3/../../../../arm-none-eabi/lib/armv7e-m/libg_nano.a(lib_a-nano-mallocr.o)
                0x00000000080051d0                _malloc_r
 .text._realloc_r
                0x000000000800527c       0x4c /Users/peterbruce/gcc-arm-none-eabi-4_9-2015q3/bin/../lib/gcc/arm-none-eabi/4.9.3/../../../../arm-none-eabi/lib/armv7e-m/libg_nano.a(lib_a-nano-reallocr.o)
                0x000000000800527c                _realloc_r
 .text._sbrk_r  0x00000000080052c8       0x20 /Users/peterbruce/gcc-arm-none-eabi-4_9-2015q3/bin/../lib/gcc/arm-none-eabi/4.9.3/../../../../arm-none-eabi/lib/armv7e-m/libg_nano.a(lib_a-sbrkr.o)
                0x00000000080052c8                _sbrk_r
 .text._malloc_usable_size_r
                0x00000000080052e8       0x14 /Users/peterbruce/gcc-arm-none-eabi-4_9-2015q3/bin/../lib/gcc/arm-none-eabi/4.9.3/../../../../arm-none-eabi/lib/armv7e-m/libg_nano.a(lib_a-nano-msizer.o)
                0x00000000080052e8                _malloc_usable_size_r
 *(.rodata .rodata.* .constdata .constdata.*)
 .rodata.str1.4
                0x00000000080052fc      0x146 ./system/src/cortexm/exception_handlers.o
 *fill*         0x0000000008005442        0x2 
 .rodata.Virtual_Com_Port_StringVendor
                0x0000000008005444       0x26 ./src/usb/usb_desc.o
                0x0000000008005444                Virtual_Com_Port_StringVendor
 *fill*         0x000000000800546a        0x2 
 .rodata.Virtual_Com_Port_DeviceDescriptor
                0x000000000800546c       0x12 ./src/usb/usb_desc.o
                0x000000000800546c                Virtual_Com_Port_DeviceDescriptor
 *fill*         0x000000000800547e        0x2 
 .rodata.Virtual_Com_Port_StringLangID
                0x0000000008005480        0x4 ./src/usb/usb_desc.o
                0x0000000008005480                Virtual_Com_Port_StringLangID
 .rodata.Virtual_Com_Port_StringProduct
                0x0000000008005484       0x32 ./src/usb/usb_desc.o
                0x0000000008005484                Virtual_Com_Port_StringProduct
 *fill*         0x00000000080054b6        0x2 
 .rodata.Virtual_Com_Port_ConfigDescriptor
                0x00000000080054b8       0x43 ./src/usb/usb_desc.o
                0x00000000080054b8                Virtual_Com_Port_ConfigDescriptor
 *fill*         0x00000000080054fb        0x1 
 .rodata.str1.4
                0x00000000080054fc        0x5 ./src/FreeRTOS/tasks.o
 *fill*         0x0000000008005501        0x3 
 .rodata.str1.4
                0x0000000008005504       0x48 ./src/main.o
                                         0x47 (size before relaxing)
 .rodata.str1.1
                0x000000000800554c        0x2 /Users/peterbruce/gcc-arm-none-eabi-4_9-2015q3/bin/../lib/gcc/arm-none-eabi/4.9.3/../../../../arm-none-eabi/lib/armv7e-m/libg_nano.a(lib_a-impure.o)
 .rodata.str1.1
                0x000000000800554e       0x11 /Users/peterbruce/gcc-arm-none-eabi-4_9-2015q3/bin/../lib/gcc/arm-none-eabi/4.9.3/../../../../arm-none-eabi/lib/armv7e-m/libg_nano.a(lib_a-nano-svfprintf.o)
 .rodata.str1.1
                0x000000000800555f       0x22 /Users/peterbruce/gcc-arm-none-eabi-4_9-2015q3/bin/../lib/gcc/arm-none-eabi/4.9.3/../../../../arm-none-eabi/lib/armv7e-m/libg_nano.a(lib_a-nano-vfprintf_i.o)
 *(vtable)
 *(.eh_frame*)
 *(.glue_7)
 .glue_7        0x0000000000000000        0x0 linker stubs
 *(.glue_7t)
 .glue_7t       0x0000000000000000        0x0 linker stubs

.vfp11_veneer   0x0000000008005584        0x0
 .vfp11_veneer  0x0000000000000000        0x0 linker stubs

.v4_bx          0x0000000008005584        0x0
 .v4_bx         0x0000000000000000        0x0 linker stubs

.iplt           0x0000000008005584        0x0
 .iplt          0x0000000000000000        0x0 ./system/src/stm32f3-stdperiph/stm32f30x_exti.o

.rel.dyn        0x0000000008005584        0x0
 .rel.iplt      0x0000000000000000        0x0 ./system/src/stm32f3-stdperiph/stm32f30x_exti.o

.ARM.extab
 *(.ARM.extab* .gnu.linkonce.armextab.*)
                0x0000000008005584                . = ALIGN (0x4)
                0x0000000008005584                __exidx_start = .

.ARM.exidx
 *(.ARM.exidx* .gnu.linkonce.armexidx.*)
                0x0000000008005584                __exidx_end = .
                0x0000000008005584                . = ALIGN (0x4)
                0x0000000008005584                _etext = .
                0x0000000008005584                __etext = .

.data_CCMRAM    0x0000000010000000        0x0 load address 0x0000000008005584
 FILL mask 0xff
 *(.data.CCMRAM .data.CCMRAM.*)
                0x0000000010000000                . = ALIGN (0x4)
                0x0000000008005584                _sidata = LOADADDR (.data)

.data           0x0000000020000000      0x14c load address 0x0000000008005584
 FILL mask 0xff
                0x0000000020000000                _sdata = .
                0x0000000020000000                __data_start__ = .
 *(.data_begin .data_begin.*)
 .data_begin    0x0000000020000000        0x4 ./system/src/newlib/_startup.o
 *(.data .data.*)
 .data.argv.4161
                0x0000000020000004        0x8 ./system/src/newlib/_syscalls.o
 .data.AHBPrescTable
                0x000000002000000c       0x10 ./system/src/cmsis/system_stm32f30x.o
                0x000000002000000c                AHBPrescTable
 .data.SystemCoreClock
                0x000000002000001c        0x4 ./system/src/cmsis/system_stm32f30x.o
                0x000000002000001c                SystemCoreClock
 .data.Virtual_Com_Port_StringSerial
                0x0000000020000020       0x1a ./src/usb/usb_desc.o
                0x0000000020000020                Virtual_Com_Port_StringSerial
 *fill*         0x000000002000003a        0x2 
 .data.pEpInt_IN
                0x000000002000003c       0x1c ./src/usb/usb_istr.o
                0x000000002000003c                pEpInt_IN
 .data.pEpInt_OUT
                0x0000000020000058       0x1c ./src/usb/usb_istr.o
                0x0000000020000058                pEpInt_OUT
 .data.Config_Descriptor
                0x0000000020000074        0x8 ./src/usb/usb_prop.o
                0x0000000020000074                Config_Descriptor
 .data.Device_Property
                0x000000002000007c       0x30 ./src/usb/usb_prop.o
                0x000000002000007c                Device_Property
 .data.Device_Descriptor
                0x00000000200000ac        0x8 ./src/usb/usb_prop.o
                0x00000000200000ac                Device_Descriptor
 .data.String_Descriptor
                0x00000000200000b4       0x20 ./src/usb/usb_prop.o
                0x00000000200000b4                String_Descriptor
 .data.linecoding
                0x00000000200000d4        0x8 ./src/usb/usb_prop.o
                0x00000000200000d4                linecoding
 .data.Device_Table
                0x00000000200000dc        0x2 ./src/usb/usb_prop.o
                0x00000000200000dc                Device_Table
 .data.fSuspendEnabled
                0x00000000200000de        0x1 ./src/usb/usb_pwr.o
                0x00000000200000de                fSuspendEnabled
 *fill*         0x00000000200000df        0x1 
 .data.uxCriticalNesting
                0x00000000200000e0        0x4 ./src/FreeRTOS/port.o
 .data.impure_data
                0x00000000200000e4       0x60 /Users/peterbruce/gcc-arm-none-eabi-4_9-2015q3/bin/../lib/gcc/arm-none-eabi/4.9.3/../../../../arm-none-eabi/lib/armv7e-m/libg_nano.a(lib_a-impure.o)
 .data._impure_ptr
                0x0000000020000144        0x4 /Users/peterbruce/gcc-arm-none-eabi-4_9-2015q3/bin/../lib/gcc/arm-none-eabi/4.9.3/../../../../arm-none-eabi/lib/armv7e-m/libg_nano.a(lib_a-impure.o)
                0x0000000020000144                _impure_ptr
 *(.data_end .data_end.*)
 .data_end      0x0000000020000148        0x4 ./system/src/newlib/_startup.o
                0x000000002000014c                . = ALIGN (0x4)
                0x000000002000014c                _edata = .
                0x000000002000014c                __data_end__ = .

.igot.plt       0x000000002000014c        0x0 load address 0x00000000080056d0
 .igot.plt      0x0000000000000000        0x0 ./system/src/stm32f3-stdperiph/stm32f30x_exti.o

.bss_CCMRAM     0x0000000010000000        0x0
 *(.bss.CCMRAM .bss.CCMRAM.*)

.bss            0x0000000020000150     0x3354
                0x0000000020000150                __bss_start__ = .
                0x0000000020000150                _sbss = .
 *(.bss_begin .bss_begin.*)
 .bss_begin     0x0000000020000150        0x4 ./system/src/newlib/_startup.o
 *(.bss .bss.*)
 .bss.current_heap_end.3862
                0x0000000020000154        0x4 ./system/src/newlib/_sbrk.o
 .bss.name.4160
                0x0000000020000158        0x1 ./system/src/newlib/_syscalls.o
 *fill*         0x0000000020000159        0x3 
 .bss.buf.4998  0x000000002000015c       0x80 ./system/src/diag/Trace.o
 .bss.Data_Mul_MaxPacketSize
                0x00000000200001dc        0x1 ./src/usb/usb_core.o
                0x00000000200001dc                Data_Mul_MaxPacketSize
 *fill*         0x00000000200001dd        0x3 
 .bss.wCNTR     0x00000000200001e0        0x4 ./src/usb/usb_istr.o
                0x00000000200001e0                wCNTR
 .bss.bIntPackSOF
                0x00000000200001e4        0x1 ./src/usb/usb_istr.o
                0x00000000200001e4                bIntPackSOF
 *fill*         0x00000000200001e5        0x3 
 .bss.esof_counter
                0x00000000200001e8        0x4 ./src/usb/usb_istr.o
                0x00000000200001e8                esof_counter
 .bss.Request   0x00000000200001ec        0x1 ./src/usb/usb_prop.o
                0x00000000200001ec                Request
 *fill*         0x00000000200001ed        0x3 
 .bss.bDeviceState
                0x00000000200001f0        0x4 ./src/usb/usb_pwr.o
                0x00000000200001f0                bDeviceState
 .bss.remotewakeupon
                0x00000000200001f4        0x4 ./src/usb/usb_pwr.o
                0x00000000200001f4                remotewakeupon
 .bss.xHeapHasBeenInitialised.4408
                0x00000000200001f8        0x4 ./src/FreeRTOS/heap_2.o
 *fill*         0x00000000200001fc        0x4 
 .bss.xHeap     0x0000000020000200     0x3000 ./src/FreeRTOS/heap_2.o
 .bss.xFreeBytesRemaining
                0x0000000020003200        0x4 ./src/FreeRTOS/heap_2.o
 .bss.xStart    0x0000000020003204        0x8 ./src/FreeRTOS/heap_2.o
 .bss.xEnd      0x000000002000320c        0x8 ./src/FreeRTOS/heap_2.o
 .bss.uxMissedTicks
                0x0000000020003214        0x4 ./src/FreeRTOS/tasks.o
 .bss.pxDelayedTaskList
                0x0000000020003218        0x4 ./src/FreeRTOS/tasks.o
 .bss.xSchedulerRunning
                0x000000002000321c        0x4 ./src/FreeRTOS/tasks.o
 .bss.uxTasksDeleted
                0x0000000020003220        0x4 ./src/FreeRTOS/tasks.o
 .bss.xTasksWaitingTermination
                0x0000000020003224       0x14 ./src/FreeRTOS/tasks.o
 .bss.pxReadyTasksLists
                0x0000000020003238       0xc8 ./src/FreeRTOS/tasks.o
 .bss.uxSchedulerSuspended
                0x0000000020003300        0x4 ./src/FreeRTOS/tasks.o
 .bss.uxCurrentNumberOfTasks
                0x0000000020003304        0x4 ./src/FreeRTOS/tasks.o
 .bss.pxCurrentTCB
                0x0000000020003308        0x4 ./src/FreeRTOS/tasks.o
                0x0000000020003308                pxCurrentTCB
 .bss.xPendingReadyList
                0x000000002000330c       0x14 ./src/FreeRTOS/tasks.o
 .bss.xNumOfOverflows
                0x0000000020003320        0x4 ./src/FreeRTOS/tasks.o
 .bss.xTickCount
                0x0000000020003324        0x4 ./src/FreeRTOS/tasks.o
 .bss.pxOverflowDelayedTaskList
                0x0000000020003328        0x4 ./src/FreeRTOS/tasks.o
 .bss.uxTopReadyPriority
                0x000000002000332c        0x4 ./src/FreeRTOS/tasks.o
 .bss.uxTaskNumber
                0x0000000020003330        0x4 ./src/FreeRTOS/tasks.o
 .bss.xDelayedTaskList1
                0x0000000020003334       0x14 ./src/FreeRTOS/tasks.o
 .bss.xDelayedTaskList2
                0x0000000020003348       0x14 ./src/FreeRTOS/tasks.o
 .bss.xMissedYield
                0x000000002000335c        0x4 ./src/FreeRTOS/tasks.o
 .bss.xSuspendedTaskList
                0x0000000020003360       0x14 ./src/FreeRTOS/tasks.o
 .bss.uxTopUsedPriority
                0x0000000020003374        0x4 ./src/FreeRTOS/tasks.o
 .bss.__malloc_sbrk_start
                0x0000000020003378        0x4 /Users/peterbruce/gcc-arm-none-eabi-4_9-2015q3/bin/../lib/gcc/arm-none-eabi/4.9.3/../../../../arm-none-eabi/lib/armv7e-m/libg_nano.a(lib_a-nano-mallocr.o)
                0x0000000020003378                __malloc_sbrk_start
 .bss.__malloc_free_list
                0x000000002000337c        0x4 /Users/peterbruce/gcc-arm-none-eabi-4_9-2015q3/bin/../lib/gcc/arm-none-eabi/4.9.3/../../../../arm-none-eabi/lib/armv7e-m/libg_nano.a(lib_a-nano-mallocr.o)
                0x000000002000337c                __malloc_free_list
 *(COMMON)
 COMMON         0x0000000020003380        0x4 ./system/src/newlib/_syscalls.o
                0x0000000020003380                errno
 COMMON         0x0000000020003384        0x2 ./src/usb/usb_core.o
                0x0000000020003384                StatusInfo
 *fill*         0x0000000020003386        0x2 
 COMMON         0x0000000020003388       0x88 ./src/usb/usb_endp.o
                0x0000000020003388                _vcp
 COMMON         0x0000000020003410       0x32 ./src/usb/usb_init.o
                0x0000000020003410                SaveState
                0x0000000020003414                pProperty
                0x0000000020003418                EPindex
                0x000000002000341c                Device_Info
                0x0000000020003438                pUser_Standard_Requests
                0x000000002000343c                pInformation
                0x0000000020003440                wInterrupt_Mask
 COMMON         0x0000000020003442        0x4 ./src/usb/usb_int.o
                0x0000000020003442                SaveRState
                0x0000000020003444                SaveTState
 COMMON         0x0000000020003446        0x2 ./src/usb/usb_istr.o
                0x0000000020003446                wIstr
 COMMON         0x0000000020003448       0x28 ./src/usb/usb_pwr.o
                0x0000000020003448                xSemaphore
                0x000000002000344c                ResumeS
                0x0000000020003450                EP
 COMMON         0x0000000020003470       0x2e ./src/app.o
                0x0000000020003470                _rotarySwitch
                0x0000000020003474                _ir
                0x000000002000347c                _led
                0x0000000020003484                _output
                0x0000000020003494                _trigger
                0x000000002000349c                _app
 COMMON         0x000000002000349e        0x1 ./src/vcp.o
                0x000000002000349e                HSEStartUpStatus
 *(.bss_end .bss_end.*)
 *fill*         0x000000002000349f        0x1 
 .bss_end       0x00000000200034a0        0x4 ./system/src/newlib/_startup.o
                0x00000000200034a4                . = ALIGN (0x4)
                0x00000000200034a4                __bss_end__ = .
                0x00000000200034a4                _ebss = .

.noinit_CCMRAM
 *(.noinit.CCMRAM .noinit.CCMRAM.*)

.noinit         0x00000000200034a4        0x0
                0x00000000200034a4                _noinit = .
 *(.noinit .noinit.*)
                0x00000000200034a4                . = ALIGN (0x4)
                0x00000000200034a4                _end_noinit = .
                0x00000000200034a4                PROVIDE (end, _end_noinit)
                0x00000000200034a4                PROVIDE (_end, _end_noinit)
                0x00000000200034a4                PROVIDE (__end, _end_noinit)
                0x00000000200034a4                PROVIDE (__end__, _end_noinit)

._check_stack   0x00000000200034a4      0x100
                0x00000000200035a4                . = (. + _Minimum_Stack_Size)
 *fill*         0x00000000200034a4      0x100 

.b1text
 *(.b1text)
 *(.b1rodata)
 *(.b1rodata.*)

.eb0text
 *(.eb0text)
 *(.eb0rodata)
 *(.eb0rodata.*)

.eb1text
 *(.eb1text)
 *(.eb1rodata)
 *(.eb1rodata.*)

.eb2text
 *(.eb2text)
 *(.eb2rodata)
 *(.eb2rodata.*)

.eb3text
 *(.eb3text)
 *(.eb3rodata)
 *(.eb3rodata.*)

.stab
 *(.stab)

.stabstr
 *(.stabstr)

.stab.excl
 *(.stab.excl)

.stab.exclstr
 *(.stab.exclstr)

.stab.index
 *(.stab.index)

.stab.indexstr
 *(.stab.indexstr)

.comment        0x0000000000000000       0x70
 *(.comment)
 .comment       0x0000000000000000       0x70 ./system/src/stm32f3-stdperiph/stm32f30x_exti.o
                                         0x71 (size before relaxing)
 .comment       0x0000000000000000       0x71 ./system/src/stm32f3-stdperiph/stm32f30x_gpio.o
 .comment       0x0000000000000000       0x71 ./system/src/stm32f3-stdperiph/stm32f30x_iwdg.o
 .comment       0x0000000000000000       0x71 ./system/src/stm32f3-stdperiph/stm32f30x_rcc.o
 .comment       0x0000000000000000       0x71 ./system/src/stm32f3-stdperiph/stm32f30x_spi.o
 .comment       0x0000000000000000       0x71 ./system/src/newlib/_exit.o
 .comment       0x0000000000000000       0x71 ./system/src/newlib/_sbrk.o
 .comment       0x0000000000000000       0x71 ./system/src/newlib/_startup.o
 .comment       0x0000000000000000       0x71 ./system/src/newlib/_syscalls.o
 .comment       0x0000000000000000       0x71 ./system/src/diag/Trace.o
 .comment       0x0000000000000000       0x71 ./system/src/diag/trace_impl.o
 .comment       0x0000000000000000       0x71 ./system/src/cortexm/_initialize_hardware.o
 .comment       0x0000000000000000       0x71 ./system/src/cortexm/exception_handlers.o
 .comment       0x0000000000000000       0x71 ./system/src/cmsis/system_stm32f30x.o
 .comment       0x0000000000000000       0x71 ./system/src/cmsis/vectors_stm32f30x.o
 .comment       0x0000000000000000       0x71 ./src/usb/usb_core.o
 .comment       0x0000000000000000       0x71 ./src/usb/usb_desc.o
 .comment       0x0000000000000000       0x71 ./src/usb/usb_endp.o
 .comment       0x0000000000000000       0x71 ./src/usb/usb_init.o
 .comment       0x0000000000000000       0x71 ./src/usb/usb_int.o
 .comment       0x0000000000000000       0x71 ./src/usb/usb_istr.o
 .comment       0x0000000000000000       0x71 ./src/usb/usb_mem.o
 .comment       0x0000000000000000       0x71 ./src/usb/usb_prop.o
 .comment       0x0000000000000000       0x71 ./src/usb/usb_pwr.o
 .comment       0x0000000000000000       0x71 ./src/usb/usb_regs.o
 .comment       0x0000000000000000       0x71 ./src/usb/usb_sil.o
 .comment       0x0000000000000000       0x71 ./src/FreeRTOS/heap_2.o
 .comment       0x0000000000000000       0x71 ./src/FreeRTOS/list.o
 .comment       0x0000000000000000       0x71 ./src/FreeRTOS/port.o
 .comment       0x0000000000000000       0x71 ./src/FreeRTOS/queue.o
 .comment       0x0000000000000000       0x71 ./src/FreeRTOS/tasks.o
 .comment       0x0000000000000000       0x71 ./src/T6819.o
 .comment       0x0000000000000000       0x71 ./src/_74HC595.o
 .comment       0x0000000000000000       0x71 ./src/app.o
 .comment       0x0000000000000000       0x71 ./src/display.o
 .comment       0x0000000000000000       0x71 ./src/input.o
 .comment       0x0000000000000000       0x71 ./src/ir.o
 .comment       0x0000000000000000       0x71 ./src/led.o
 .comment       0x0000000000000000       0x71 ./src/main.o
 .comment       0x0000000000000000       0x71 ./src/motorDrive.o
 .comment       0x0000000000000000       0x71 ./src/output.o
 .comment       0x0000000000000000       0x71 ./src/proxySwitch.o
 .comment       0x0000000000000000       0x71 ./src/rotarySwitch.o
 .comment       0x0000000000000000       0x71 ./src/trigger.o
 .comment       0x0000000000000000       0x71 ./src/vcp.o

.ARM.attributes
                0x0000000000000000       0x33
 .ARM.attributes
                0x0000000000000000       0x33 ./system/src/stm32f3-stdperiph/stm32f30x_exti.o
 .ARM.attributes
                0x0000000000000033       0x33 ./system/src/stm32f3-stdperiph/stm32f30x_gpio.o
 .ARM.attributes
                0x0000000000000066       0x33 ./system/src/stm32f3-stdperiph/stm32f30x_iwdg.o
 .ARM.attributes
                0x0000000000000099       0x33 ./system/src/stm32f3-stdperiph/stm32f30x_rcc.o
 .ARM.attributes
                0x00000000000000cc       0x33 ./system/src/stm32f3-stdperiph/stm32f30x_spi.o
 .ARM.attributes
                0x00000000000000ff       0x33 ./system/src/newlib/_exit.o
 .ARM.attributes
                0x0000000000000132       0x33 ./system/src/newlib/_sbrk.o
 .ARM.attributes
                0x0000000000000165       0x33 ./system/src/newlib/_startup.o
 .ARM.attributes
                0x0000000000000198       0x33 ./system/src/newlib/_syscalls.o
 .ARM.attributes
                0x00000000000001cb       0x33 ./system/src/diag/Trace.o
 .ARM.attributes
                0x00000000000001fe       0x33 ./system/src/diag/trace_impl.o
 .ARM.attributes
                0x0000000000000231       0x33 ./system/src/cortexm/_initialize_hardware.o
 .ARM.attributes
                0x0000000000000264       0x33 ./system/src/cortexm/exception_handlers.o
 .ARM.attributes
                0x0000000000000297       0x33 ./system/src/cmsis/system_stm32f30x.o
 .ARM.attributes
                0x00000000000002ca       0x33 ./system/src/cmsis/vectors_stm32f30x.o
 .ARM.attributes
                0x00000000000002fd       0x33 ./src/usb/usb_core.o
 .ARM.attributes
                0x0000000000000330       0x33 ./src/usb/usb_desc.o
 .ARM.attributes
                0x0000000000000363       0x33 ./src/usb/usb_endp.o
 .ARM.attributes
                0x0000000000000396       0x33 ./src/usb/usb_init.o
 .ARM.attributes
                0x00000000000003c9       0x33 ./src/usb/usb_int.o
 .ARM.attributes
                0x00000000000003fc       0x33 ./src/usb/usb_istr.o
 .ARM.attributes
                0x000000000000042f       0x33 ./src/usb/usb_mem.o
 .ARM.attributes
                0x0000000000000462       0x33 ./src/usb/usb_prop.o
 .ARM.attributes
                0x0000000000000495       0x33 ./src/usb/usb_pwr.o
 .ARM.attributes
                0x00000000000004c8       0x33 ./src/usb/usb_regs.o
 .ARM.attributes
                0x00000000000004fb       0x33 ./src/usb/usb_sil.o
 .ARM.attributes
                0x000000000000052e       0x33 ./src/FreeRTOS/heap_2.o
 .ARM.attributes
                0x0000000000000561       0x33 ./src/FreeRTOS/list.o
 .ARM.attributes
                0x0000000000000594       0x33 ./src/FreeRTOS/port.o
 .ARM.attributes
                0x00000000000005c7       0x33 ./src/FreeRTOS/queue.o
 .ARM.attributes
                0x00000000000005fa       0x33 ./src/FreeRTOS/tasks.o
 .ARM.attributes
                0x000000000000062d       0x33 ./src/T6819.o
 .ARM.attributes
                0x0000000000000660       0x33 ./src/_74HC595.o
 .ARM.attributes
                0x0000000000000693       0x33 ./src/app.o
 .ARM.attributes
                0x00000000000006c6       0x33 ./src/display.o
 .ARM.attributes
                0x00000000000006f9       0x33 ./src/input.o
 .ARM.attributes
                0x000000000000072c       0x33 ./src/ir.o
 .ARM.attributes
                0x000000000000075f       0x33 ./src/led.o
 .ARM.attributes
                0x0000000000000792       0x33 ./src/main.o
 .ARM.attributes
                0x00000000000007c5       0x33 ./src/motorDrive.o
 .ARM.attributes
                0x00000000000007f8       0x33 ./src/output.o
 .ARM.attributes
                0x000000000000082b       0x33 ./src/proxySwitch.o
 .ARM.attributes
                0x000000000000085e       0x33 ./src/rotarySwitch.o
 .ARM.attributes
                0x0000000000000891       0x33 ./src/trigger.o
 .ARM.attributes
                0x00000000000008c4       0x33 ./src/vcp.o
 .ARM.attributes
                0x00000000000008f7       0x2e /Users/peterbruce/gcc-arm-none-eabi-4_9-2015q3/bin/../lib/gcc/arm-none-eabi/4.9.3/../../../../arm-none-eabi/lib/armv7e-m/libg_nano.a(lib_a-errno.o)
 .ARM.attributes
                0x0000000000000925       0x2e /Users/peterbruce/gcc-arm-none-eabi-4_9-2015q3/bin/../lib/gcc/arm-none-eabi/4.9.3/../../../../arm-none-eabi/lib/armv7e-m/libg_nano.a(lib_a-impure.o)
 .ARM.attributes
                0x0000000000000953       0x2e /Users/peterbruce/gcc-arm-none-eabi-4_9-2015q3/bin/../lib/gcc/arm-none-eabi/4.9.3/../../../../arm-none-eabi/lib/armv7e-m/libg_nano.a(lib_a-memcpy.o)
 .ARM.attributes
                0x0000000000000981       0x2e /Users/peterbruce/gcc-arm-none-eabi-4_9-2015q3/bin/../lib/gcc/arm-none-eabi/4.9.3/../../../../arm-none-eabi/lib/armv7e-m/libg_nano.a(lib_a-memset.o)
 .ARM.attributes
                0x00000000000009af       0x2e /Users/peterbruce/gcc-arm-none-eabi-4_9-2015q3/bin/../lib/gcc/arm-none-eabi/4.9.3/../../../../arm-none-eabi/lib/armv7e-m/libg_nano.a(lib_a-strncpy.o)
 .ARM.attributes
                0x00000000000009dd       0x2e /Users/peterbruce/gcc-arm-none-eabi-4_9-2015q3/bin/../lib/gcc/arm-none-eabi/4.9.3/../../../../arm-none-eabi/lib/armv7e-m/libg_nano.a(lib_a-vsnprintf.o)
 .ARM.attributes
                0x0000000000000a0b       0x2e /Users/peterbruce/gcc-arm-none-eabi-4_9-2015q3/bin/../lib/gcc/arm-none-eabi/4.9.3/../../../../arm-none-eabi/lib/armv7e-m/libg_nano.a(lib_a-nano-svfprintf.o)
 .ARM.attributes
                0x0000000000000a39       0x2e /Users/peterbruce/gcc-arm-none-eabi-4_9-2015q3/bin/../lib/gcc/arm-none-eabi/4.9.3/../../../../arm-none-eabi/lib/armv7e-m/libg_nano.a(lib_a-nano-vfprintf_i.o)
 .ARM.attributes
                0x0000000000000a67       0x2e /Users/peterbruce/gcc-arm-none-eabi-4_9-2015q3/bin/../lib/gcc/arm-none-eabi/4.9.3/../../../../arm-none-eabi/lib/armv7e-m/libg_nano.a(lib_a-memchr.o)
 .ARM.attributes
                0x0000000000000a95       0x2e /Users/peterbruce/gcc-arm-none-eabi-4_9-2015q3/bin/../lib/gcc/arm-none-eabi/4.9.3/../../../../arm-none-eabi/lib/armv7e-m/libg_nano.a(lib_a-memmove.o)
 .ARM.attributes
                0x0000000000000ac3       0x2e /Users/peterbruce/gcc-arm-none-eabi-4_9-2015q3/bin/../lib/gcc/arm-none-eabi/4.9.3/../../../../arm-none-eabi/lib/armv7e-m/libg_nano.a(lib_a-nano-freer.o)
 .ARM.attributes
                0x0000000000000af1       0x2e /Users/peterbruce/gcc-arm-none-eabi-4_9-2015q3/bin/../lib/gcc/arm-none-eabi/4.9.3/../../../../arm-none-eabi/lib/armv7e-m/libg_nano.a(lib_a-nano-mallocr.o)
 .ARM.attributes
                0x0000000000000b1f       0x2e /Users/peterbruce/gcc-arm-none-eabi-4_9-2015q3/bin/../lib/gcc/arm-none-eabi/4.9.3/../../../../arm-none-eabi/lib/armv7e-m/libg_nano.a(lib_a-nano-reallocr.o)
 .ARM.attributes
                0x0000000000000b4d       0x2e /Users/peterbruce/gcc-arm-none-eabi-4_9-2015q3/bin/../lib/gcc/arm-none-eabi/4.9.3/../../../../arm-none-eabi/lib/armv7e-m/libg_nano.a(lib_a-sbrkr.o)
 .ARM.attributes
                0x0000000000000b7b       0x2e /Users/peterbruce/gcc-arm-none-eabi-4_9-2015q3/bin/../lib/gcc/arm-none-eabi/4.9.3/../../../../arm-none-eabi/lib/armv7e-m/libg_nano.a(lib_a-nano-msizer.o)

.debug
 *(.debug)

.line
 *(.line)

.debug_srcinfo
 *(.debug_srcinfo)

.debug_sfnames
 *(.debug_sfnames)

.debug_aranges  0x0000000000000000      0xf30
 *(.debug_aranges)
 .debug_aranges
                0x0000000000000000       0x58 ./system/src/stm32f3-stdperiph/stm32f30x_exti.o
 .debug_aranges
                0x0000000000000058       0x80 ./system/src/stm32f3-stdperiph/stm32f30x_gpio.o
 .debug_aranges
                0x00000000000000d8       0x50 ./system/src/stm32f3-stdperiph/stm32f30x_iwdg.o
 .debug_aranges
                0x0000000000000128      0x150 ./system/src/stm32f3-stdperiph/stm32f30x_rcc.o
 .debug_aranges
                0x0000000000000278      0x118 ./system/src/stm32f3-stdperiph/stm32f30x_spi.o
 .debug_aranges
                0x0000000000000390       0x28 ./system/src/newlib/_exit.o
 .debug_aranges
                0x00000000000003b8       0x20 ./system/src/newlib/_sbrk.o
 .debug_aranges
                0x00000000000003d8       0x40 ./system/src/newlib/_startup.o
 .debug_aranges
                0x0000000000000418       0x30 ./system/src/newlib/_syscalls.o
 .debug_aranges
                0x0000000000000448       0x38 ./system/src/diag/Trace.o
 .debug_aranges
                0x0000000000000480       0x30 ./system/src/diag/trace_impl.o
 .debug_aranges
                0x00000000000004b0       0x28 ./system/src/cortexm/_initialize_hardware.o
 .debug_aranges
                0x00000000000004d8       0x90 ./system/src/cortexm/exception_handlers.o
 .debug_aranges
                0x0000000000000568       0x30 ./system/src/cmsis/system_stm32f30x.o
 .debug_aranges
                0x0000000000000598       0x20 ./system/src/cmsis/vectors_stm32f30x.o
 .debug_aranges
                0x00000000000005b8       0xb0 ./src/usb/usb_core.o
 .debug_aranges
                0x0000000000000668       0x18 ./src/usb/usb_desc.o
 .debug_aranges
                0x0000000000000680       0x28 ./src/usb/usb_endp.o
 .debug_aranges
                0x00000000000006a8       0x20 ./src/usb/usb_init.o
 .debug_aranges
                0x00000000000006c8       0x28 ./src/usb/usb_int.o
 .debug_aranges
                0x00000000000006f0       0x20 ./src/usb/usb_istr.o
 .debug_aranges
                0x0000000000000710       0x28 ./src/usb/usb_mem.o
 .debug_aranges
                0x0000000000000738       0x88 ./src/usb/usb_prop.o
 .debug_aranges
                0x00000000000007c0       0x40 ./src/usb/usb_pwr.o
 .debug_aranges
                0x0000000000000800      0x1f0 ./src/usb/usb_regs.o
 .debug_aranges
                0x00000000000009f0       0x30 ./src/usb/usb_sil.o
 .debug_aranges
                0x0000000000000a20       0x38 ./src/FreeRTOS/heap_2.o
 .debug_aranges
                0x0000000000000a58       0x40 ./src/FreeRTOS/list.o
 .debug_aranges
                0x0000000000000a98       0x70 ./src/FreeRTOS/port.o
 .debug_aranges
                0x0000000000000b08       0xa8 ./src/FreeRTOS/queue.o
 .debug_aranges
                0x0000000000000bb0      0x118 ./src/FreeRTOS/tasks.o
 .debug_aranges
                0x0000000000000cc8       0x30 ./src/T6819.o
 .debug_aranges
                0x0000000000000cf8       0x30 ./src/_74HC595.o
 .debug_aranges
                0x0000000000000d28       0x50 ./src/app.o
 .debug_aranges
                0x0000000000000d78       0x20 ./src/display.o
 .debug_aranges
                0x0000000000000d98       0x28 ./src/input.o
 .debug_aranges
                0x0000000000000dc0       0x20 ./src/ir.o
 .debug_aranges
                0x0000000000000de0       0x28 ./src/led.o
 .debug_aranges
                0x0000000000000e08       0x20 ./src/main.o
 .debug_aranges
                0x0000000000000e28       0x20 ./src/motorDrive.o
 .debug_aranges
                0x0000000000000e48       0x20 ./src/output.o
 .debug_aranges
                0x0000000000000e68       0x20 ./src/proxySwitch.o
 .debug_aranges
                0x0000000000000e88       0x20 ./src/rotarySwitch.o
 .debug_aranges
                0x0000000000000ea8       0x20 ./src/trigger.o
 .debug_aranges
                0x0000000000000ec8       0x68 ./src/vcp.o

.debug_pubnames
 *(.debug_pubnames)

.debug_info     0x0000000000000000    0x1075a
 *(.debug_info .gnu.linkonce.wi.*)
 .debug_info    0x0000000000000000      0x3af ./system/src/stm32f3-stdperiph/stm32f30x_exti.o
 .debug_info    0x00000000000003af      0x72b ./system/src/stm32f3-stdperiph/stm32f30x_gpio.o
 .debug_info    0x0000000000000ada      0x216 ./system/src/stm32f3-stdperiph/stm32f30x_iwdg.o
 .debug_info    0x0000000000000cf0      0xac5 ./system/src/stm32f3-stdperiph/stm32f30x_rcc.o
 .debug_info    0x00000000000017b5      0xc40 ./system/src/stm32f3-stdperiph/stm32f30x_spi.o
 .debug_info    0x00000000000023f5      0x100 ./system/src/newlib/_exit.o
 .debug_info    0x00000000000024f5      0x125 ./system/src/newlib/_sbrk.o
 .debug_info    0x000000000000261a      0x50f ./system/src/newlib/_startup.o
 .debug_info    0x0000000000002b29      0x1bc ./system/src/newlib/_syscalls.o
 .debug_info    0x0000000000002ce5      0x32b ./system/src/diag/Trace.o
 .debug_info    0x0000000000003010      0x304 ./system/src/diag/trace_impl.o
 .debug_info    0x0000000000003314      0x294 ./system/src/cortexm/_initialize_hardware.o
 .debug_info    0x00000000000035a8      0x8f2 ./system/src/cortexm/exception_handlers.o
 .debug_info    0x0000000000003e9a      0x486 ./system/src/cmsis/system_stm32f30x.o
 .debug_info    0x0000000000004320       0xd1 ./system/src/cmsis/vectors_stm32f30x.o
 .debug_info    0x00000000000043f1      0xe0c ./src/usb/usb_core.o
 .debug_info    0x00000000000051fd      0x175 ./src/usb/usb_desc.o
 .debug_info    0x0000000000005372      0x196 ./src/usb/usb_endp.o
 .debug_info    0x0000000000005508      0x437 ./src/usb/usb_init.o
 .debug_info    0x000000000000593f      0x218 ./src/usb/usb_int.o
 .debug_info    0x0000000000005b57      0x39d ./src/usb/usb_istr.o
 .debug_info    0x0000000000005ef4      0x1b8 ./src/usb/usb_mem.o
 .debug_info    0x00000000000060ac      0xbf3 ./src/usb/usb_prop.o
 .debug_info    0x0000000000006c9f      0x59b ./src/usb/usb_pwr.o
 .debug_info    0x000000000000723a      0xcd7 ./src/usb/usb_regs.o
 .debug_info    0x0000000000007f11      0x275 ./src/usb/usb_sil.o
 .debug_info    0x0000000000008186      0x2f9 ./src/FreeRTOS/heap_2.o
 .debug_info    0x000000000000847f      0x289 ./src/FreeRTOS/list.o
 .debug_info    0x0000000000008708      0x1ea ./src/FreeRTOS/port.o
 .debug_info    0x00000000000088f2      0xdcd ./src/FreeRTOS/queue.o
 .debug_info    0x00000000000096bf     0x141f ./src/FreeRTOS/tasks.o
 .debug_info    0x000000000000aade      0x7ff ./src/T6819.o
 .debug_info    0x000000000000b2dd      0x7e0 ./src/_74HC595.o
 .debug_info    0x000000000000babd     0x1146 ./src/app.o
 .debug_info    0x000000000000cc03      0x165 ./src/display.o
 .debug_info    0x000000000000cd68      0xf9e ./src/input.o
 .debug_info    0x000000000000dd06      0x184 ./src/ir.o
 .debug_info    0x000000000000de8a      0x1f7 ./src/led.o
 .debug_info    0x000000000000e081      0xb76 ./src/main.o
 .debug_info    0x000000000000ebf7      0x230 ./src/motorDrive.o
 .debug_info    0x000000000000ee27      0x61f ./src/output.o
 .debug_info    0x000000000000f446       0xf2 ./src/proxySwitch.o
 .debug_info    0x000000000000f538      0x16d ./src/rotarySwitch.o
 .debug_info    0x000000000000f6a5      0x18c ./src/trigger.o
 .debug_info    0x000000000000f831      0xf29 ./src/vcp.o

.debug_abbrev   0x0000000000000000     0x4280
 *(.debug_abbrev)
 .debug_abbrev  0x0000000000000000      0x18e ./system/src/stm32f3-stdperiph/stm32f30x_exti.o
 .debug_abbrev  0x000000000000018e      0x1e8 ./system/src/stm32f3-stdperiph/stm32f30x_gpio.o
 .debug_abbrev  0x0000000000000376      0x124 ./system/src/stm32f3-stdperiph/stm32f30x_iwdg.o
 .debug_abbrev  0x000000000000049a      0x20e ./system/src/stm32f3-stdperiph/stm32f30x_rcc.o
 .debug_abbrev  0x00000000000006a8      0x1c5 ./system/src/stm32f3-stdperiph/stm32f30x_spi.o
 .debug_abbrev  0x000000000000086d       0xa4 ./system/src/newlib/_exit.o
 .debug_abbrev  0x0000000000000911       0xbb ./system/src/newlib/_sbrk.o
 .debug_abbrev  0x00000000000009cc      0x211 ./system/src/newlib/_startup.o
 .debug_abbrev  0x0000000000000bdd       0xee ./system/src/newlib/_syscalls.o
 .debug_abbrev  0x0000000000000ccb      0x178 ./system/src/diag/Trace.o
 .debug_abbrev  0x0000000000000e43      0x1bd ./system/src/diag/trace_impl.o
 .debug_abbrev  0x0000000000001000       0xea ./system/src/cortexm/_initialize_hardware.o
 .debug_abbrev  0x00000000000010ea      0x23e ./system/src/cortexm/exception_handlers.o
 .debug_abbrev  0x0000000000001328      0x13d ./system/src/cmsis/system_stm32f30x.o
 .debug_abbrev  0x0000000000001465       0x9d ./system/src/cmsis/vectors_stm32f30x.o
 .debug_abbrev  0x0000000000001502      0x378 ./src/usb/usb_core.o
 .debug_abbrev  0x000000000000187a       0x78 ./src/usb/usb_desc.o
 .debug_abbrev  0x00000000000018f2      0x11d ./src/usb/usb_endp.o
 .debug_abbrev  0x0000000000001a0f      0x123 ./src/usb/usb_init.o
 .debug_abbrev  0x0000000000001b32       0xf7 ./src/usb/usb_int.o
 .debug_abbrev  0x0000000000001c29      0x17d ./src/usb/usb_istr.o
 .debug_abbrev  0x0000000000001da6       0xb1 ./src/usb/usb_mem.o
 .debug_abbrev  0x0000000000001e57      0x24e ./src/usb/usb_prop.o
 .debug_abbrev  0x00000000000020a5      0x236 ./src/usb/usb_pwr.o
 .debug_abbrev  0x00000000000022db      0x1ab ./src/usb/usb_regs.o
 .debug_abbrev  0x0000000000002486      0x137 ./src/usb/usb_sil.o
 .debug_abbrev  0x00000000000025bd      0x1af ./src/FreeRTOS/heap_2.o
 .debug_abbrev  0x000000000000276c       0xce ./src/FreeRTOS/list.o
 .debug_abbrev  0x000000000000283a      0x12e ./src/FreeRTOS/port.o
 .debug_abbrev  0x0000000000002968      0x225 ./src/FreeRTOS/queue.o
 .debug_abbrev  0x0000000000002b8d      0x277 ./src/FreeRTOS/tasks.o
 .debug_abbrev  0x0000000000002e04      0x1b9 ./src/T6819.o
 .debug_abbrev  0x0000000000002fbd      0x1b9 ./src/_74HC595.o
 .debug_abbrev  0x0000000000003176      0x240 ./src/app.o
 .debug_abbrev  0x00000000000033b6      0x104 ./src/display.o
 .debug_abbrev  0x00000000000034ba      0x1d4 ./src/input.o
 .debug_abbrev  0x000000000000368e       0xe7 ./src/ir.o
 .debug_abbrev  0x0000000000003775      0x101 ./src/led.o
 .debug_abbrev  0x0000000000003876      0x285 ./src/main.o
 .debug_abbrev  0x0000000000003afb      0x11b ./src/motorDrive.o
 .debug_abbrev  0x0000000000003c16      0x119 ./src/output.o
 .debug_abbrev  0x0000000000003d2f       0xa2 ./src/proxySwitch.o
 .debug_abbrev  0x0000000000003dd1       0xe7 ./src/rotarySwitch.o
 .debug_abbrev  0x0000000000003eb8       0xf6 ./src/trigger.o
 .debug_abbrev  0x0000000000003fae      0x2d2 ./src/vcp.o

.debug_line     0x0000000000000000     0xddad
 *(.debug_line)
 .debug_line    0x0000000000000000      0x46e ./system/src/stm32f3-stdperiph/stm32f30x_exti.o
 .debug_line    0x000000000000046e      0x4d9 ./system/src/stm32f3-stdperiph/stm32f30x_gpio.o
 .debug_line    0x0000000000000947      0x42e ./system/src/stm32f3-stdperiph/stm32f30x_iwdg.o
 .debug_line    0x0000000000000d75      0x735 ./system/src/stm32f3-stdperiph/stm32f30x_rcc.o
 .debug_line    0x00000000000014aa      0x683 ./system/src/stm32f3-stdperiph/stm32f30x_spi.o
 .debug_line    0x0000000000001b2d      0x2cb ./system/src/newlib/_exit.o
 .debug_line    0x0000000000001df8      0x254 ./system/src/newlib/_sbrk.o
 .debug_line    0x000000000000204c      0x324 ./system/src/newlib/_startup.o
 .debug_line    0x0000000000002370      0x378 ./system/src/newlib/_syscalls.o
 .debug_line    0x00000000000026e8      0x326 ./system/src/diag/Trace.o
 .debug_line    0x0000000000002a0e      0x64d ./system/src/diag/trace_impl.o
 .debug_line    0x000000000000305b      0x3e4 ./system/src/cortexm/_initialize_hardware.o
 .debug_line    0x000000000000343f      0x72c ./system/src/cortexm/exception_handlers.o
 .debug_line    0x0000000000003b6b      0x424 ./system/src/cmsis/system_stm32f30x.o
 .debug_line    0x0000000000003f8f      0x123 ./system/src/cmsis/vectors_stm32f30x.o
 .debug_line    0x00000000000040b2      0x79a ./src/usb/usb_core.o
 .debug_line    0x000000000000484c      0x462 ./src/usb/usb_desc.o
 .debug_line    0x0000000000004cae      0x48d ./src/usb/usb_endp.o
 .debug_line    0x000000000000513b      0x469 ./src/usb/usb_init.o
 .debug_line    0x00000000000055a4      0x539 ./src/usb/usb_int.o
 .debug_line    0x0000000000005add      0x4e0 ./src/usb/usb_istr.o
 .debug_line    0x0000000000005fbd      0x4b2 ./src/usb/usb_mem.o
 .debug_line    0x000000000000646f      0x5cf ./src/usb/usb_prop.o
 .debug_line    0x0000000000006a3e      0x604 ./src/usb/usb_pwr.o
 .debug_line    0x0000000000007042      0x992 ./src/usb/usb_regs.o
 .debug_line    0x00000000000079d4      0x48c ./src/usb/usb_sil.o
 .debug_line    0x0000000000007e60      0x38d ./src/FreeRTOS/heap_2.o
 .debug_line    0x00000000000081ed      0x36f ./src/FreeRTOS/list.o
 .debug_line    0x000000000000855c      0x23f ./src/FreeRTOS/port.o
 .debug_line    0x000000000000879b      0x55d ./src/FreeRTOS/queue.o
 .debug_line    0x0000000000008cf8      0x853 ./src/FreeRTOS/tasks.o
 .debug_line    0x000000000000954b      0x4ec ./src/T6819.o
 .debug_line    0x0000000000009a37      0x4d8 ./src/_74HC595.o
 .debug_line    0x0000000000009f0f      0x8d7 ./src/app.o
 .debug_line    0x000000000000a7e6      0x48b ./src/display.o
 .debug_line    0x000000000000ac71      0x554 ./src/input.o
 .debug_line    0x000000000000b1c5      0x481 ./src/ir.o
 .debug_line    0x000000000000b646      0x45e ./src/led.o
 .debug_line    0x000000000000baa4      0x528 ./src/main.o
 .debug_line    0x000000000000bfcc      0x3cc ./src/motorDrive.o
 .debug_line    0x000000000000c398      0x52f ./src/output.o
 .debug_line    0x000000000000c8c7      0x3c3 ./src/proxySwitch.o
 .debug_line    0x000000000000cc8a      0x495 ./src/rotarySwitch.o
 .debug_line    0x000000000000d11f      0x48b ./src/trigger.o
 .debug_line    0x000000000000d5aa      0x803 ./src/vcp.o

.debug_frame    0x0000000000000000     0x22a8
 *(.debug_frame)
 .debug_frame   0x0000000000000000       0xb8 ./system/src/stm32f3-stdperiph/stm32f30x_exti.o
 .debug_frame   0x00000000000000b8      0x104 ./system/src/stm32f3-stdperiph/stm32f30x_gpio.o
 .debug_frame   0x00000000000001bc       0x80 ./system/src/stm32f3-stdperiph/stm32f30x_iwdg.o
 .debug_frame   0x000000000000023c      0x29c ./system/src/stm32f3-stdperiph/stm32f30x_rcc.o
 .debug_frame   0x00000000000004d8      0x254 ./system/src/stm32f3-stdperiph/stm32f30x_spi.o
 .debug_frame   0x000000000000072c       0x38 ./system/src/newlib/_exit.o
 .debug_frame   0x0000000000000764       0x28 ./system/src/newlib/_sbrk.o
 .debug_frame   0x000000000000078c       0x7c ./system/src/newlib/_startup.o
 .debug_frame   0x0000000000000808       0x50 ./system/src/newlib/_syscalls.o
 .debug_frame   0x0000000000000858       0x94 ./system/src/diag/Trace.o
 .debug_frame   0x00000000000008ec       0x60 ./system/src/diag/trace_impl.o
 .debug_frame   0x000000000000094c       0x40 ./system/src/cortexm/_initialize_hardware.o
 .debug_frame   0x000000000000098c      0x158 ./system/src/cortexm/exception_handlers.o
 .debug_frame   0x0000000000000ae4       0x50 ./system/src/cmsis/system_stm32f30x.o
 .debug_frame   0x0000000000000b34       0x20 ./system/src/cmsis/vectors_stm32f30x.o
 .debug_frame   0x0000000000000b54      0x1f0 ./src/usb/usb_core.o
 .debug_frame   0x0000000000000d44       0x38 ./src/usb/usb_endp.o
 .debug_frame   0x0000000000000d7c       0x28 ./src/usb/usb_init.o
 .debug_frame   0x0000000000000da4       0x48 ./src/usb/usb_int.o
 .debug_frame   0x0000000000000dec       0x2c ./src/usb/usb_istr.o
 .debug_frame   0x0000000000000e18       0x3c ./src/usb/usb_mem.o
 .debug_frame   0x0000000000000e54      0x124 ./src/usb/usb_prop.o
 .debug_frame   0x0000000000000f78       0x78 ./src/usb/usb_pwr.o
 .debug_frame   0x0000000000000ff0      0x3e4 ./src/usb/usb_regs.o
 .debug_frame   0x00000000000013d4       0x58 ./src/usb/usb_sil.o
 .debug_frame   0x000000000000142c       0x70 ./src/FreeRTOS/heap_2.o
 .debug_frame   0x000000000000149c       0x6c ./src/FreeRTOS/list.o
 .debug_frame   0x0000000000001508       0xd0 ./src/FreeRTOS/port.o
 .debug_frame   0x00000000000015d8      0x1f8 ./src/FreeRTOS/queue.o
 .debug_frame   0x00000000000017d0      0x350 ./src/FreeRTOS/tasks.o
 .debug_frame   0x0000000000001b20       0x6c ./src/T6819.o
 .debug_frame   0x0000000000001b8c       0x6c ./src/_74HC595.o
 .debug_frame   0x0000000000001bf8       0xc4 ./src/app.o
 .debug_frame   0x0000000000001cbc       0x28 ./src/display.o
 .debug_frame   0x0000000000001ce4       0x58 ./src/input.o
 .debug_frame   0x0000000000001d3c       0x28 ./src/ir.o
 .debug_frame   0x0000000000001d64       0x40 ./src/led.o
 .debug_frame   0x0000000000001da4       0x28 ./src/main.o
 .debug_frame   0x0000000000001dcc       0x2c ./src/motorDrive.o
 .debug_frame   0x0000000000001df8       0x28 ./src/output.o
 .debug_frame   0x0000000000001e20       0x28 ./src/proxySwitch.o
 .debug_frame   0x0000000000001e48       0x28 ./src/rotarySwitch.o
 .debug_frame   0x0000000000001e70       0x28 ./src/trigger.o
 .debug_frame   0x0000000000001e98      0x11c ./src/vcp.o
 .debug_frame   0x0000000000001fb4       0x20 /Users/peterbruce/gcc-arm-none-eabi-4_9-2015q3/bin/../lib/gcc/arm-none-eabi/4.9.3/../../../../arm-none-eabi/lib/armv7e-m/libg_nano.a(lib_a-errno.o)
 .debug_frame   0x0000000000001fd4       0x28 /Users/peterbruce/gcc-arm-none-eabi-4_9-2015q3/bin/../lib/gcc/arm-none-eabi/4.9.3/../../../../arm-none-eabi/lib/armv7e-m/libg_nano.a(lib_a-memcpy.o)
 .debug_frame   0x0000000000001ffc       0x20 /Users/peterbruce/gcc-arm-none-eabi-4_9-2015q3/bin/../lib/gcc/arm-none-eabi/4.9.3/../../../../arm-none-eabi/lib/armv7e-m/libg_nano.a(lib_a-memset.o)
 .debug_frame   0x000000000000201c       0x28 /Users/peterbruce/gcc-arm-none-eabi-4_9-2015q3/bin/../lib/gcc/arm-none-eabi/4.9.3/../../../../arm-none-eabi/lib/armv7e-m/libg_nano.a(lib_a-strncpy.o)
 .debug_frame   0x0000000000002044       0x50 /Users/peterbruce/gcc-arm-none-eabi-4_9-2015q3/bin/../lib/gcc/arm-none-eabi/4.9.3/../../../../arm-none-eabi/lib/armv7e-m/libg_nano.a(lib_a-vsnprintf.o)
 .debug_frame   0x0000000000002094       0x8c /Users/peterbruce/gcc-arm-none-eabi-4_9-2015q3/bin/../lib/gcc/arm-none-eabi/4.9.3/../../../../arm-none-eabi/lib/armv7e-m/libg_nano.a(lib_a-nano-svfprintf.o)
 .debug_frame   0x0000000000002120       0x58 /Users/peterbruce/gcc-arm-none-eabi-4_9-2015q3/bin/../lib/gcc/arm-none-eabi/4.9.3/../../../../arm-none-eabi/lib/armv7e-m/libg_nano.a(lib_a-nano-vfprintf_i.o)
 .debug_frame   0x0000000000002178       0x28 /Users/peterbruce/gcc-arm-none-eabi-4_9-2015q3/bin/../lib/gcc/arm-none-eabi/4.9.3/../../../../arm-none-eabi/lib/armv7e-m/libg_nano.a(lib_a-memchr.o)
 .debug_frame   0x00000000000021a0       0x28 /Users/peterbruce/gcc-arm-none-eabi-4_9-2015q3/bin/../lib/gcc/arm-none-eabi/4.9.3/../../../../arm-none-eabi/lib/armv7e-m/libg_nano.a(lib_a-memmove.o)
 .debug_frame   0x00000000000021c8       0x2c /Users/peterbruce/gcc-arm-none-eabi-4_9-2015q3/bin/../lib/gcc/arm-none-eabi/4.9.3/../../../../arm-none-eabi/lib/armv7e-m/libg_nano.a(lib_a-nano-freer.o)
 .debug_frame   0x00000000000021f4       0x2c /Users/peterbruce/gcc-arm-none-eabi-4_9-2015q3/bin/../lib/gcc/arm-none-eabi/4.9.3/../../../../arm-none-eabi/lib/armv7e-m/libg_nano.a(lib_a-nano-mallocr.o)
 .debug_frame   0x0000000000002220       0x3c /Users/peterbruce/gcc-arm-none-eabi-4_9-2015q3/bin/../lib/gcc/arm-none-eabi/4.9.3/../../../../arm-none-eabi/lib/armv7e-m/libg_nano.a(lib_a-nano-reallocr.o)
 .debug_frame   0x000000000000225c       0x2c /Users/peterbruce/gcc-arm-none-eabi-4_9-2015q3/bin/../lib/gcc/arm-none-eabi/4.9.3/../../../../arm-none-eabi/lib/armv7e-m/libg_nano.a(lib_a-sbrkr.o)
 .debug_frame   0x0000000000002288       0x20 /Users/peterbruce/gcc-arm-none-eabi-4_9-2015q3/bin/../lib/gcc/arm-none-eabi/4.9.3/../../../../arm-none-eabi/lib/armv7e-m/libg_nano.a(lib_a-nano-msizer.o)

.debug_str      0x0000000000000000    0x6453a
 *(.debug_str)
 .debug_str     0x0000000000000000    0x53462 ./system/src/stm32f3-stdperiph/stm32f30x_exti.o
                                      0x535f8 (size before relaxing)
 .debug_str     0x0000000000053462      0x2de ./system/src/stm32f3-stdperiph/stm32f30x_gpio.o
                                      0x53706 (size before relaxing)
 .debug_str     0x0000000000053740      0x12a ./system/src/stm32f3-stdperiph/stm32f30x_iwdg.o
                                      0x5350a (size before relaxing)
 .debug_str     0x000000000005386a      0xa55 ./system/src/stm32f3-stdperiph/stm32f30x_rcc.o
                                      0x53e94 (size before relaxing)
 .debug_str     0x00000000000542bf      0x505 ./system/src/stm32f3-stdperiph/stm32f30x_spi.o
                                      0x53ab1 (size before relaxing)
 .debug_str     0x00000000000547c4     0x3986 ./system/src/newlib/_exit.o
                                       0x6003 (size before relaxing)
 .debug_str     0x000000000005814a      0x4de ./system/src/newlib/_sbrk.o
                                       0x5414 (size before relaxing)
 .debug_str     0x0000000000058628      0x2e9 ./system/src/newlib/_startup.o
                                       0x5064 (size before relaxing)
 .debug_str     0x0000000000058911     0x11be ./system/src/newlib/_syscalls.o
                                       0x6614 (size before relaxing)
 .debug_str     0x0000000000059acf      0x9c9 ./system/src/diag/Trace.o
                                       0x6924 (size before relaxing)
 .debug_str     0x000000000005a498      0x378 ./system/src/diag/trace_impl.o
                                      0x56473 (size before relaxing)
 .debug_str     0x000000000005a810       0xb2 ./system/src/cortexm/_initialize_hardware.o
                                      0x534b0 (size before relaxing)
 .debug_str     0x000000000005a8c2      0x17d ./system/src/cortexm/exception_handlers.o
                                      0x57211 (size before relaxing)
 .debug_str     0x000000000005aa3f       0x7b ./system/src/cmsis/system_stm32f30x.o
                                      0x53551 (size before relaxing)
 .debug_str     0x000000000005aaba       0x57 ./system/src/cmsis/vectors_stm32f30x.o
                                       0x3062 (size before relaxing)
 .debug_str     0x000000000005ab11     0x2cb2 ./src/usb/usb_core.o
                                      0x561ee (size before relaxing)
 .debug_str     0x000000000005d7c3      0x3e3 ./src/usb/usb_desc.o
                                      0x55abd (size before relaxing)
 .debug_str     0x000000000005dba6       0x94 ./src/usb/usb_endp.o
                                      0x5579c (size before relaxing)
 .debug_str     0x000000000005dc3a       0x4d ./src/usb/usb_init.o
                                      0x55aa4 (size before relaxing)
 .debug_str     0x000000000005dc87       0x45 ./src/usb/usb_int.o
                                      0x55780 (size before relaxing)
 .debug_str     0x000000000005dccc      0x2e7 ./src/usb/usb_istr.o
                                      0x55b6f (size before relaxing)
 .debug_str     0x000000000005dfb3       0x45 ./src/usb/usb_mem.o
                                      0x55759 (size before relaxing)
 .debug_str     0x000000000005dff8      0x325 ./src/usb/usb_prop.o
                                      0x564f3 (size before relaxing)
 .debug_str     0x000000000005e31d     0x2ee4 ./src/usb/usb_pwr.o
                                      0x58ae0 (size before relaxing)
 .debug_str     0x0000000000061201      0x30a ./src/usb/usb_regs.o
                                      0x55ae1 (size before relaxing)
 .debug_str     0x000000000006150b       0x5e ./src/usb/usb_sil.o
                                      0x557c1 (size before relaxing)
 .debug_str     0x0000000000061569      0xbe9 ./src/FreeRTOS/heap_2.o
                                       0x6962 (size before relaxing)
 .debug_str     0x0000000000062152      0x137 ./src/FreeRTOS/list.o
                                       0x6282 (size before relaxing)
 .debug_str     0x0000000000062289      0x365 ./src/FreeRTOS/port.o
                                       0x4445 (size before relaxing)
 .debug_str     0x00000000000625ee      0xb94 ./src/FreeRTOS/queue.o
                                       0x71fc (size before relaxing)
 .debug_str     0x0000000000063182      0x96b ./src/FreeRTOS/tasks.o
                                       0x7d78 (size before relaxing)
 .debug_str     0x0000000000063aed       0x65 ./src/T6819.o