Archive member included because of file (symbol)

/Users/peterbruce/gcc-arm-none-eabi-4_9-2015q3/bin/../lib/gcc/arm-none-eabi/4.9.3/../../../../arm-none-eabi/lib/armv7e-m/libg_nano.a(lib_a-atoi.o)
                              ./src/modem.o (atoi)
/Users/peterbruce/gcc-arm-none-eabi-4_9-2015q3/bin/../lib/gcc/arm-none-eabi/4.9.3/../../../../arm-none-eabi/lib/armv7e-m/libg_nano.a(lib_a-errno.o)
                              ./system/src/newlib/_sbrk.o (__errno)
/Users/peterbruce/gcc-arm-none-eabi-4_9-2015q3/bin/../lib/gcc/arm-none-eabi/4.9.3/../../../../arm-none-eabi/lib/armv7e-m/libg_nano.a(lib_a-impure.o)
                              /Users/peterbruce/gcc-arm-none-eabi-4_9-2015q3/bin/../lib/gcc/arm-none-eabi/4.9.3/../../../../arm-none-eabi/lib/armv7e-m/libg_nano.a(lib_a-errno.o) (_impure_ptr)
/Users/peterbruce/gcc-arm-none-eabi-4_9-2015q3/bin/../lib/gcc/arm-none-eabi/4.9.3/../../../../arm-none-eabi/lib/armv7e-m/libg_nano.a(lib_a-memcpy.o)
                              ./src/FreeRTOS/queue.o (memcpy)
/Users/peterbruce/gcc-arm-none-eabi-4_9-2015q3/bin/../lib/gcc/arm-none-eabi/4.9.3/../../../../arm-none-eabi/lib/armv7e-m/libg_nano.a(lib_a-memset.o)
                              ./src/FreeRTOS/tasks.o (memset)
/Users/peterbruce/gcc-arm-none-eabi-4_9-2015q3/bin/../lib/gcc/arm-none-eabi/4.9.3/../../../../arm-none-eabi/lib/armv7e-m/libg_nano.a(lib_a-sprintf.o)
                              ./src/battery.o (sprintf)
/Users/peterbruce/gcc-arm-none-eabi-4_9-2015q3/bin/../lib/gcc/arm-none-eabi/4.9.3/../../../../arm-none-eabi/lib/armv7e-m/libg_nano.a(lib_a-strlen.o)
                              ./system/src/diag/Trace.o (strlen)
/Users/peterbruce/gcc-arm-none-eabi-4_9-2015q3/bin/../lib/gcc/arm-none-eabi/4.9.3/../../../../arm-none-eabi/lib/armv7e-m/libg_nano.a(lib_a-strncmp.o)
                              ./src/modem.o (strncmp)
/Users/peterbruce/gcc-arm-none-eabi-4_9-2015q3/bin/../lib/gcc/arm-none-eabi/4.9.3/../../../../arm-none-eabi/lib/armv7e-m/libg_nano.a(lib_a-strncpy.o)
                              ./src/FreeRTOS/tasks.o (strncpy)
/Users/peterbruce/gcc-arm-none-eabi-4_9-2015q3/bin/../lib/gcc/arm-none-eabi/4.9.3/../../../../arm-none-eabi/lib/armv7e-m/libg_nano.a(lib_a-strstr.o)
                              ./src/modem.o (strstr)
/Users/peterbruce/gcc-arm-none-eabi-4_9-2015q3/bin/../lib/gcc/arm-none-eabi/4.9.3/../../../../arm-none-eabi/lib/armv7e-m/libg_nano.a(lib_a-strtol.o)
                              /Users/peterbruce/gcc-arm-none-eabi-4_9-2015q3/bin/../lib/gcc/arm-none-eabi/4.9.3/../../../../arm-none-eabi/lib/armv7e-m/libg_nano.a(lib_a-atoi.o) (_strtol_r)
/Users/peterbruce/gcc-arm-none-eabi-4_9-2015q3/bin/../lib/gcc/arm-none-eabi/4.9.3/../../../../arm-none-eabi/lib/armv7e-m/libg_nano.a(lib_a-vsnprintf.o)
                              ./system/src/diag/Trace.o (vsnprintf)
/Users/peterbruce/gcc-arm-none-eabi-4_9-2015q3/bin/../lib/gcc/arm-none-eabi/4.9.3/../../../../arm-none-eabi/lib/armv7e-m/libg_nano.a(lib_a-ctype_.o)
                              /Users/peterbruce/gcc-arm-none-eabi-4_9-2015q3/bin/../lib/gcc/arm-none-eabi/4.9.3/../../../../arm-none-eabi/lib/armv7e-m/libg_nano.a(lib_a-strtol.o) (__ctype_ptr__)
/Users/peterbruce/gcc-arm-none-eabi-4_9-2015q3/bin/../lib/gcc/arm-none-eabi/4.9.3/../../../../arm-none-eabi/lib/armv7e-m/libg_nano.a(lib_a-nano-svfprintf.o)
                              /Users/peterbruce/gcc-arm-none-eabi-4_9-2015q3/bin/../lib/gcc/arm-none-eabi/4.9.3/../../../../arm-none-eabi/lib/armv7e-m/libg_nano.a(lib_a-sprintf.o) (_svfprintf_r)
/Users/peterbruce/gcc-arm-none-eabi-4_9-2015q3/bin/../lib/gcc/arm-none-eabi/4.9.3/../../../../arm-none-eabi/lib/armv7e-m/libg_nano.a(lib_a-nano-vfprintf_i.o)
                              /Users/peterbruce/gcc-arm-none-eabi-4_9-2015q3/bin/../lib/gcc/arm-none-eabi/4.9.3/../../../../arm-none-eabi/lib/armv7e-m/libg_nano.a(lib_a-nano-svfprintf.o) (_printf_i)
/Users/peterbruce/gcc-arm-none-eabi-4_9-2015q3/bin/../lib/gcc/arm-none-eabi/4.9.3/../../../../arm-none-eabi/lib/armv7e-m/libg_nano.a(lib_a-memchr.o)
                              /Users/peterbruce/gcc-arm-none-eabi-4_9-2015q3/bin/../lib/gcc/arm-none-eabi/4.9.3/../../../../arm-none-eabi/lib/armv7e-m/libg_nano.a(lib_a-nano-svfprintf.o) (memchr)
/Users/peterbruce/gcc-arm-none-eabi-4_9-2015q3/bin/../lib/gcc/arm-none-eabi/4.9.3/../../../../arm-none-eabi/lib/armv7e-m/libg_nano.a(lib_a-memmove.o)
                              /Users/peterbruce/gcc-arm-none-eabi-4_9-2015q3/bin/../lib/gcc/arm-none-eabi/4.9.3/../../../../arm-none-eabi/lib/armv7e-m/libg_nano.a(lib_a-nano-svfprintf.o) (memmove)
/Users/peterbruce/gcc-arm-none-eabi-4_9-2015q3/bin/../lib/gcc/arm-none-eabi/4.9.3/../../../../arm-none-eabi/lib/armv7e-m/libg_nano.a(lib_a-nano-freer.o)
                              /Users/peterbruce/gcc-arm-none-eabi-4_9-2015q3/bin/../lib/gcc/arm-none-eabi/4.9.3/../../../../arm-none-eabi/lib/armv7e-m/libg_nano.a(lib_a-nano-svfprintf.o) (_free_r)
[...]
Memory Configuration

Name             Origin             Length             Attributes
RAM              0x0000000020000000 0x000000000000a000 xrw
CCMRAM           0x0000000010000000 0x0000000000002000 xrw
FLASH            0x0000000008000000 0x0000000000040000 xr
FLASHB1          0x0000000000000000 0x0000000000000000 xr
EXTMEMB0         0x0000000000000000 0x0000000000000000 xr
EXTMEMB1         0x0000000000000000 0x0000000000000000 xr
EXTMEMB2         0x0000000000000000 0x0000000000000000 xr
EXTMEMB3         0x0000000000000000 0x0000000000000000 xr
MEMORY_ARRAY     0x0000000020002000 0x0000000000000000 xrw
*default*        0x0000000000000000 0xffffffffffffffff

Linker script and memory map

LOAD ./system/src/stm32f3-stdperiph/stm32f30x_adc.o
LOAD ./system/src/stm32f3-stdperiph/stm32f30x_can.o
LOAD ./system/src/stm32f3-stdperiph/stm32f30x_comp.o
LOAD ./system/src/stm32f3-stdperiph/stm32f30x_crc.o
LOAD ./system/src/stm32f3-stdperiph/stm32f30x_dac.o
LOAD ./system/src/stm32f3-stdperiph/stm32f30x_dbgmcu.o
LOAD ./system/src/stm32f3-stdperiph/stm32f30x_dma.o
LOAD ./system/src/stm32f3-stdperiph/stm32f30x_exti.o
LOAD ./system/src/stm32f3-stdperiph/stm32f30x_flash.o
LOAD ./system/src/stm32f3-stdperiph/stm32f30x_gpio.o
LOAD ./system/src/stm32f3-stdperiph/stm32f30x_i2c.o
LOAD ./system/src/stm32f3-stdperiph/stm32f30x_iwdg.o
LOAD ./system/src/stm32f3-stdperiph/stm32f30x_misc.o
LOAD ./system/src/stm32f3-stdperiph/stm32f30x_opamp.o
LOAD ./system/src/stm32f3-stdperiph/stm32f30x_pwr.o
LOAD ./system/src/stm32f3-stdperiph/stm32f30x_rcc.o
LOAD ./system/src/stm32f3-stdperiph/stm32f30x_rtc.o
LOAD ./system/src/stm32f3-stdperiph/stm32f30x_spi.o
LOAD ./system/src/stm32f3-stdperiph/stm32f30x_syscfg.o
LOAD ./system/src/stm32f3-stdperiph/stm32f30x_tim.o
LOAD ./system/src/stm32f3-stdperiph/stm32f30x_usart.o
LOAD ./system/src/stm32f3-stdperiph/stm32f30x_wwdg.o
LOAD ./system/src/newlib/_cxx.o
LOAD ./system/src/newlib/_exit.o
LOAD ./system/src/newlib/_sbrk.o
LOAD ./system/src/newlib/_startup.o
LOAD ./system/src/newlib/_syscalls.o
LOAD ./system/src/newlib/assert.o
LOAD ./system/src/diag/Trace.o
LOAD ./system/src/diag/trace_impl.o
LOAD ./system/src/cortexm/_initialize_hardware.o
LOAD ./system/src/cortexm/_reset_hardware.o
LOAD ./system/src/cortexm/exception_handlers.o
LOAD ./system/src/cmsis/system_stm32f30x.o
LOAD ./system/src/cmsis/vectors_stm32f30x.o
LOAD ./src/usb/usb_core.o
LOAD ./src/usb/usb_desc.o
LOAD ./src/usb/usb_endp.o
LOAD ./src/usb/usb_init.o
LOAD ./src/usb/usb_int.o
LOAD ./src/usb/usb_istr.o
LOAD ./src/usb/usb_mem.o
LOAD ./src/usb/usb_prop.o
LOAD ./src/usb/usb_pwr.o
LOAD ./src/usb/usb_regs.o
LOAD ./src/usb/usb_sil.o
LOAD ./src/FreeRTOS/common.o
LOAD ./src/FreeRTOS/croutine.o
LOAD ./src/FreeRTOS/heap_2.o
LOAD ./src/FreeRTOS/list.o
LOAD ./src/FreeRTOS/port.o
LOAD ./src/FreeRTOS/queue.o
LOAD ./src/FreeRTOS/tasks.o
LOAD ./src/battery.o
LOAD ./src/buffer.o
LOAD ./src/buzzer.o
LOAD ./src/cfg.o
LOAD ./src/cmd.o
LOAD ./src/flash.o
LOAD ./src/led.o
LOAD ./src/main.o
LOAD ./src/modem.o
LOAD ./src/monitor.o
LOAD ./src/pkt.o
LOAD ./src/sensors.o
LOAD ./src/solenoid.o
LOAD ./src/vcp.o
LOAD /Users/peterbruce/gcc-arm-none-eabi-4_9-2015q3/bin/../lib/gcc/arm-none-eabi/4.9.3/../../../../arm-none-eabi/lib/armv7e-m/libstdc++_nano.a
LOAD /Users/peterbruce/gcc-arm-none-eabi-4_9-2015q3/bin/../lib/gcc/arm-none-eabi/4.9.3/../../../../arm-none-eabi/lib/armv7e-m/libm.a
START GROUP
LOAD /Users/peterbruce/gcc-arm-none-eabi-4_9-2015q3/bin/../lib/gcc/arm-none-eabi/4.9.3/armv7e-m/libgcc.a
LOAD /Users/peterbruce/gcc-arm-none-eabi-4_9-2015q3/bin/../lib/gcc/arm-none-eabi/4.9.3/../../../../arm-none-eabi/lib/armv7e-m/libg_nano.a
LOAD /Users/peterbruce/gcc-arm-none-eabi-4_9-2015q3/bin/../lib/gcc/arm-none-eabi/4.9.3/../../../../arm-none-eabi/lib/armv7e-m/libc_nano.a
END GROUP
START GROUP
LOAD /Users/peterbruce/gcc-arm-none-eabi-4_9-2015q3/bin/../lib/gcc/arm-none-eabi/4.9.3/armv7e-m/libgcc.a
LOAD /Users/peterbruce/gcc-arm-none-eabi-4_9-2015q3/bin/../lib/gcc/arm-none-eabi/4.9.3/../../../../arm-none-eabi/lib/armv7e-m/libc_nano.a
END GROUP
                0x000000002000a000                __stack = (ORIGIN (RAM) + 0xa000)
                0x000000002000a000                _estack = __stack
                0x0000000000000400                __Main_Stack_Size = 0x400
                0x0000000000000400                PROVIDE (_Main_Stack_Size, __Main_Stack_Size)
                0x0000000020009c00                __Main_Stack_Limit = (__stack - __Main_Stack_Size)
                0x0000000020009c00                PROVIDE (_Main_Stack_Limit, __Main_Stack_Limit)
                0x0000000000000100                _Minimum_Stack_Size = 0x100
                0x000000002000322c                PROVIDE (_Heap_Begin, _end_noinit)
                0x0000000020009c00                PROVIDE (_Heap_Limit, (__stack - __Main_Stack_Size))

.isr_vector     0x0000000008000000      0x3ec
 FILL mask 0xff
                0x0000000008000000                __vectors_start = ABSOLUTE (.)
                0x0000000008000000                __vectors_start__ = ABSOLUTE (.)
 *(.isr_vector)
 .isr_vector    0x0000000008000000      0x188 ./system/src/cmsis/vectors_stm32f30x.o
                0x0000000008000000                __isr_vectors
 *(.cfmconfig)
 *(.after_vectors .after_vectors.*)
 .after_vectors
                0x0000000008000188      0x130 ./system/src/newlib/_startup.o
                0x0000000008000188                _start
 .after_vectors
                0x00000000080002b8      0x130 ./system/src/cortexm/exception_handlers.o
                0x00000000080002b8                Reset_Handler
                0x00000000080002c0                NMI_Handler
                0x00000000080002c4                HardFault_Handler
                0x00000000080002d8                HardFault_Handler_C
                0x0000000008000338                MemManage_Handler
                0x000000000800033c                BusFault_Handler
                0x0000000008000350                BusFault_Handler_C
                0x0000000008000384                UsageFault_Handler
                0x0000000008000398                UsageFault_Handler_C
                0x00000000080003d0                DebugMon_Handler
 .after_vectors
                0x00000000080003e8        0x4 ./system/src/cmsis/vectors_stm32f30x.o
                0x00000000080003e8                TIM1_BRK_TIM15_IRQHandler
                0x00000000080003e8                TIM8_TRG_COM_IRQHandler
                0x00000000080003e8                TIM8_CC_IRQHandler
                0x00000000080003e8                TIM1_CC_IRQHandler
                0x00000000080003e8                USB_HP_IRQHandler
                0x00000000080003e8                PVD_IRQHandler
                0x00000000080003e8                EXTI3_IRQHandler
                0x00000000080003e8                EXTI0_IRQHandler
                0x00000000080003e8                I2C2_EV_IRQHandler
                0x00000000080003e8                FPU_IRQHandler
                0x00000000080003e8                EXTI2_TS_IRQHandler
                0x00000000080003e8                TIM1_UP_TIM16_IRQHandler
                0x00000000080003e8                ADC1_2_IRQHandler
                0x00000000080003e8                SPI1_IRQHandler
                0x00000000080003e8                TIM6_DAC_IRQHandler
                0x00000000080003e8                TIM8_UP_IRQHandler
                0x00000000080003e8                DMA2_Channel2_IRQHandler
                0x00000000080003e8                DMA1_Channel4_IRQHandler
                0x00000000080003e8                DMA1_Channel7_IRQHandler
                0x00000000080003e8                CAN1_RX1_IRQHandler
                0x00000000080003e8                UART5_IRQHandler
                0x00000000080003e8                ADC3_IRQHandler
                0x00000000080003e8                TIM4_IRQHandler
                0x00000000080003e8                DMA2_Channel1_IRQHandler
                0x00000000080003e8                I2C1_EV_IRQHandler
                0x00000000080003e8                DMA1_Channel6_IRQHandler
                0x00000000080003e8                UART4_IRQHandler
                0x00000000080003e8                DMA2_Channel4_IRQHandler
                0x00000000080003e8                TIM3_IRQHandler
                0x00000000080003e8                RCC_IRQHandler
                0x00000000080003e8                DMA1_Channel1_IRQHandler
                0x00000000080003e8                Default_Handler
                0x00000000080003e8                USBWakeUp_RMP_IRQHandler
                0x00000000080003e8                EXTI15_10_IRQHandler
                0x00000000080003e8                TIM7_IRQHandler
                0x00000000080003e8                EXTI9_5_IRQHandler
                0x00000000080003e8                TAMPER_STAMP_IRQHandler
                0x00000000080003e8                RTC_WKUP_IRQHandler
                0x00000000080003e8                SPI2_IRQHandler
                0x00000000080003e8                DMA2_Channel5_IRQHandler
                0x00000000080003e8                DMA1_Channel5_IRQHandler
                0x00000000080003e8                USB_LP_IRQHandler
                0x00000000080003e8                EXTI4_IRQHandler
                0x00000000080003e8                TIM1_TRG_COM_TIM17_IRQHandler
                0x00000000080003e8                USB_HP_CAN1_TX_IRQHandler
                0x00000000080003e8                DMA1_Channel3_IRQHandler
                0x00000000080003e8                ADC4_IRQHandler
                0x00000000080003e8                WWDG_IRQHandler
                0x00000000080003e8                TIM2_IRQHandler
                0x00000000080003e8                COMP7_IRQHandler
                0x00000000080003e8                COMP1_2_3_IRQHandler
                0x00000000080003e8                EXTI1_IRQHandler
                0x00000000080003e8                USART2_IRQHandler
                0x00000000080003e8                COMP4_5_6_IRQHandler
                0x00000000080003e8                I2C2_ER_IRQHandler
                0x00000000080003e8                DMA1_Channel2_IRQHandler
                0x00000000080003e8                TIM8_BRK_IRQHandler
                0x00000000080003e8                CAN1_SCE_IRQHandler
                0x00000000080003e8                FLASH_IRQHandler
                0x00000000080003e8                USART1_IRQHandler
                0x00000000080003e8                SPI3_IRQHandler
                0x00000000080003e8                I2C1_ER_IRQHandler
                0x00000000080003e8                DMA2_Channel3_IRQHandler
                0x00000000080003e8                RTC_Alarm_IRQHandler

.inits          0x00000000080003ec       0x28
                0x00000000080003ec                __data_regions_array_start = .
                0x00000000080003ec        0x4 LONG 0x8007d38 LOADADDR (.data)
                0x00000000080003f0        0x4 LONG 0x20000000 ADDR (.data)
                0x00000000080003f4        0x4 LONG 0x200001a0 (ADDR (.data) + SIZEOF (.data))
                0x00000000080003f8        0x4 LONG 0x8007d38 LOADADDR (.data_CCMRAM)
                0x00000000080003fc        0x4 LONG 0x10000000 ADDR (.data_CCMRAM)
                0x0000000008000400        0x4 LONG 0x10000000 (ADDR (.data_CCMRAM) + SIZEOF (.data_CCMRAM))
                0x0000000008000404                __data_regions_array_end = .
                0x0000000008000404                __bss_regions_array_start = .
                0x0000000008000404        0x4 LONG 0x200001a0 ADDR (.bss)
                0x0000000008000408        0x4 LONG 0x2000322c (ADDR (.bss) + SIZEOF (.bss))
                0x000000000800040c        0x4 LONG 0x10000000 ADDR (.bss_CCMRAM)
                0x0000000008000410        0x4 LONG 0x10000000 (ADDR (.bss_CCMRAM) + SIZEOF (.bss_CCMRAM))
                0x0000000008000414                __bss_regions_array_end = .
 *(.init)
 *(.fini)
                0x0000000008000414                . = ALIGN (0x4)
                0x0000000008000414                PROVIDE (__preinit_array_start, .)
 *(.preinit_array_sysinit .preinit_array_sysinit.*)
 *(.preinit_array_platform .preinit_array_platform.*)
 *(.preinit_array .preinit_array.*)
                0x0000000008000414                PROVIDE (__preinit_array_end, .)
                0x0000000008000414                . = ALIGN (0x4)
                0x0000000008000414                PROVIDE (__init_array_start, .)
 *(SORT(.init_array.*))
 *(.init_array)
                0x0000000008000414                PROVIDE (__init_array_end, .)
                0x0000000008000414                . = ALIGN (0x4)
                0x0000000008000414                PROVIDE (__fini_array_start, .)
 *(SORT(.fini_array.*))
 *(.fini_array)
                0x0000000008000414                PROVIDE (__fini_array_end, .)

.flashtext
 *(.flashtext .flashtext.*)

.text           0x0000000008000414     0x7922
 *(.text .text.*)
 .text.ADC_Init
                0x0000000008000414      0x158 ./system/src/stm32f3-stdperiph/stm32f30x_adc.o
                0x0000000008000414                ADC_Init
 .text.ADC_StructInit
                0x000000000800056c       0x18 ./system/src/stm32f3-stdperiph/stm32f30x_adc.o
                0x000000000800056c                ADC_StructInit
 .text.ADC_CommonInit
                0x0000000008000584       0xe4 ./system/src/stm32f3-stdperiph/stm32f30x_adc.o
                0x0000000008000584                ADC_CommonInit
 .text.ADC_Cmd  0x0000000008000668       0x58 ./system/src/stm32f3-stdperiph/stm32f30x_adc.o
                0x0000000008000668                ADC_Cmd
 .text.ADC_StartCalibration
                0x00000000080006c0       0x3c ./system/src/stm32f3-stdperiph/stm32f30x_adc.o
                0x00000000080006c0                ADC_StartCalibration
 .text.ADC_GetCalibrationValue
                0x00000000080006fc       0x38 ./system/src/stm32f3-stdperiph/stm32f30x_adc.o
                0x00000000080006fc                ADC_GetCalibrationValue
 .text.ADC_SelectCalibrationMode
                0x0000000008000734       0x58 ./system/src/stm32f3-stdperiph/stm32f30x_adc.o
                0x0000000008000734                ADC_SelectCalibrationMode
 .text.ADC_GetCalibrationStatus
                0x000000000800078c       0x40 ./system/src/stm32f3-stdperiph/stm32f30x_adc.o
                0x000000000800078c                ADC_GetCalibrationStatus
 .text.ADC_VoltageRegulatorCmd
                0x00000000080007cc       0x60 ./system/src/stm32f3-stdperiph/stm32f30x_adc.o
                0x00000000080007cc                ADC_VoltageRegulatorCmd
 .text.ADC_RegularChannelConfig
                0x000000000800082c      0x11c ./system/src/stm32f3-stdperiph/stm32f30x_adc.o
                0x000000000800082c                ADC_RegularChannelConfig
 .text.ADC_StartConversion
                0x0000000008000948       0x3c ./system/src/stm32f3-stdperiph/stm32f30x_adc.o
                0x0000000008000948                ADC_StartConversion
 .text.ADC_StopConversion
                0x0000000008000984       0x3c ./system/src/stm32f3-stdperiph/stm32f30x_adc.o
                0x0000000008000984                ADC_StopConversion
 .text.ADC_GetConversionValue
                0x00000000080009c0       0x38 ./system/src/stm32f3-stdperiph/stm32f30x_adc.o
                0x00000000080009c0                ADC_GetConversionValue
 .text.ADC_GetFlagStatus
                0x00000000080009f8       0x7c ./system/src/stm32f3-stdperiph/stm32f30x_adc.o
                0x00000000080009f8                ADC_GetFlagStatus
 .text.EXTI_Init
                0x0000000008000a74      0x158 ./system/src/stm32f3-stdperiph/stm32f30x_exti.o
                0x0000000008000a74                EXTI_Init
 .text.EXTI_ClearITPendingBit
                0x0000000008000bcc       0x34 ./system/src/stm32f3-stdperiph/stm32f30x_exti.o
                0x0000000008000bcc                EXTI_ClearITPendingBit
 .text.FLASH_Unlock
                0x0000000008000c00       0x20 ./system/src/stm32f3-stdperiph/stm32f30x_flash.o
                0x0000000008000c00                FLASH_Unlock
 .text.FLASH_Lock
                0x0000000008000c20       0x10 ./system/src/stm32f3-stdperiph/stm32f30x_flash.o
                0x0000000008000c20                FLASH_Lock
 .text.FLASH_ClearFlag
                0x0000000008000c30       0x24 ./system/src/stm32f3-stdperiph/stm32f30x_flash.o
                0x0000000008000c30                FLASH_ClearFlag
 .text.FLASH_GetStatus
                0x0000000008000c54       0x34 ./system/src/stm32f3-stdperiph/stm32f30x_flash.o
                0x0000000008000c54                FLASH_GetStatus
 .text.FLASH_WaitForLastOperation
                0x0000000008000c88       0x20 ./system/src/stm32f3-stdperiph/stm32f30x_flash.o
                0x0000000008000c88                FLASH_WaitForLastOperation
 .text.FLASH_ErasePage
                0x0000000008000ca8       0x54 ./system/src/stm32f3-stdperiph/stm32f30x_flash.o
                0x0000000008000ca8                FLASH_ErasePage
 .text.FLASH_ProgramWord
                0x0000000008000cfc       0x7c ./system/src/stm32f3-stdperiph/stm32f30x_flash.o
                0x0000000008000cfc                FLASH_ProgramWord
 .text.GPIO_Init
                0x0000000008000d78      0x114 ./system/src/stm32f3-stdperiph/stm32f30x_gpio.o
                0x0000000008000d78                GPIO_Init
 .text.GPIO_ReadInputDataBit
                0x0000000008000e8c       0xac ./system/src/stm32f3-stdperiph/stm32f30x_gpio.o
                0x0000000008000e8c                GPIO_ReadInputDataBit
 .text.GPIO_SetBits
                0x0000000008000f38       0x54 ./system/src/stm32f3-stdperiph/stm32f30x_gpio.o
                0x0000000008000f38                GPIO_SetBits
 .text.GPIO_ResetBits
                0x0000000008000f8c       0x54 ./system/src/stm32f3-stdperiph/stm32f30x_gpio.o
                0x0000000008000f8c                GPIO_ResetBits
 .text.GPIO_WriteBit
                0x0000000008000fe0       0xb8 ./system/src/stm32f3-stdperiph/stm32f30x_gpio.o
                0x0000000008000fe0                GPIO_WriteBit
 .text.GPIO_PinAFConfig
                0x0000000008001098       0x94 ./system/src/stm32f3-stdperiph/stm32f30x_gpio.o
                0x0000000008001098                GPIO_PinAFConfig
 .text.IWDG_WriteAccessCmd
                0x000000000800112c       0x24 ./system/src/stm32f3-stdperiph/stm32f30x_iwdg.o
                0x000000000800112c                IWDG_WriteAccessCmd
 .text.IWDG_SetPrescaler
                0x0000000008001150       0x20 ./system/src/stm32f3-stdperiph/stm32f30x_iwdg.o
                0x0000000008001150                IWDG_SetPrescaler
 .text.IWDG_SetReload
                0x0000000008001170       0x20 ./system/src/stm32f3-stdperiph/stm32f30x_iwdg.o
                0x0000000008001170                IWDG_SetReload
 .text.IWDG_ReloadCounter
                0x0000000008001190       0x10 ./system/src/stm32f3-stdperiph/stm32f30x_iwdg.o
                0x0000000008001190                IWDG_ReloadCounter
 .text.IWDG_Enable
                0x00000000080011a0       0x10 ./system/src/stm32f3-stdperiph/stm32f30x_iwdg.o
                0x00000000080011a0                IWDG_Enable
 .text.NVIC_PriorityGroupConfig
                0x00000000080011b0       0x40 ./system/src/stm32f3-stdperiph/stm32f30x_misc.o
                0x00000000080011b0                NVIC_PriorityGroupConfig
 .text.NVIC_Init
                0x00000000080011f0       0x98 ./system/src/stm32f3-stdperiph/stm32f30x_misc.o
                0x00000000080011f0                NVIC_Init
 .text.RCC_HSEConfig
                0x0000000008001288       0x28 ./system/src/stm32f3-stdperiph/stm32f30x_rcc.o
                0x0000000008001288                RCC_HSEConfig
 .text.RCC_PLLCmd
                0x00000000080012b0       0x20 ./system/src/stm32f3-stdperiph/stm32f30x_rcc.o
                0x00000000080012b0                RCC_PLLCmd
 .text.RCC_SYSCLKConfig
                0x00000000080012d0       0x28 ./system/src/stm32f3-stdperiph/stm32f30x_rcc.o
                0x00000000080012d0                RCC_SYSCLKConfig
 .text.RCC_GetSYSCLKSource
                0x00000000080012f8       0x10 ./system/src/stm32f3-stdperiph/stm32f30x_rcc.o
                0x00000000080012f8                RCC_GetSYSCLKSource
 .text.RCC_GetClocksFreq
                0x0000000008001308      0x2c4 ./system/src/stm32f3-stdperiph/stm32f30x_rcc.o
                0x0000000008001308                RCC_GetClocksFreq
 .text.RCC_ADCCLKConfig
                0x00000000080015cc       0xf0 ./system/src/stm32f3-stdperiph/stm32f30x_rcc.o
                0x00000000080015cc                RCC_ADCCLKConfig
 .text.RCC_USBCLKConfig
                0x00000000080016bc       0x20 ./system/src/stm32f3-stdperiph/stm32f30x_rcc.o
                0x00000000080016bc                RCC_USBCLKConfig
 .text.RCC_AHBPeriphClockCmd
                0x00000000080016dc       0x4c ./system/src/stm32f3-stdperiph/stm32f30x_rcc.o
                0x00000000080016dc                RCC_AHBPeriphClockCmd
 .text.RCC_APB2PeriphClockCmd
                0x0000000008001728       0x4c ./system/src/stm32f3-stdperiph/stm32f30x_rcc.o
                0x0000000008001728                RCC_APB2PeriphClockCmd
 .text.RCC_APB1PeriphClockCmd
                0x0000000008001774       0x4c ./system/src/stm32f3-stdperiph/stm32f30x_rcc.o
                0x0000000008001774                RCC_APB1PeriphClockCmd
 .text.RCC_GetFlagStatus
                0x00000000080017c0       0x80 ./system/src/stm32f3-stdperiph/stm32f30x_rcc.o
                0x00000000080017c0                RCC_GetFlagStatus
 .text.RCC_WaitForHSEStartUp
                0x0000000008001840       0x34 ./system/src/stm32f3-stdperiph/stm32f30x_rcc.o
                0x0000000008001840                RCC_WaitForHSEStartUp
 .text.USART_Init
                0x0000000008001874      0x184 ./system/src/stm32f3-stdperiph/stm32f30x_usart.o
                0x0000000008001874                USART_Init
 .text.USART_Cmd
                0x00000000080019f8       0x64 ./system/src/stm32f3-stdperiph/stm32f30x_usart.o
                0x00000000080019f8                USART_Cmd
 .text.USART_SendData
                0x0000000008001a5c       0x58 ./system/src/stm32f3-stdperiph/stm32f30x_usart.o
                0x0000000008001a5c                USART_SendData
 .text.USART_ReceiveData
                0x0000000008001ab4       0x44 ./system/src/stm32f3-stdperiph/stm32f30x_usart.o
                0x0000000008001ab4                USART_ReceiveData
 .text.USART_ITConfig
                0x0000000008001af8       0xf0 ./system/src/stm32f3-stdperiph/stm32f30x_usart.o
                0x0000000008001af8                USART_ITConfig
 .text.USART_GetFlagStatus
                0x0000000008001be8       0xcc ./system/src/stm32f3-stdperiph/stm32f30x_usart.o
                0x0000000008001be8                USART_GetFlagStatus
 .text.USART_GetITStatus
                0x0000000008001cb4      0x100 ./system/src/stm32f3-stdperiph/stm32f30x_usart.o
                0x0000000008001cb4                USART_GetITStatus
 .text._exit    0x0000000008001db4        0x4 ./system/src/newlib/_exit.o
                0x0000000008001db4                _exit
 .text.abort    0x0000000008001db8       0x14 ./system/src/newlib/_exit.o
                0x0000000008001db8                abort
 .text._sbrk    0x0000000008001dcc       0x44 ./system/src/newlib/_sbrk.o
                0x0000000008001dcc                _sbrk
 .text.__initialize_args
                0x0000000008001e10       0x10 ./system/src/newlib/_syscalls.o
                0x0000000008001e10                __initialize_args
 .text.assert_failed
                0x0000000008001e20       0x18 ./system/src/newlib/assert.o
                0x0000000008001e20                assert_failed
 .text.trace_printf
                0x0000000008001e38       0x34 ./system/src/diag/Trace.o
                0x0000000008001e38                trace_printf
 .text.trace_puts
                0x0000000008001e6c       0x20 ./system/src/diag/Trace.o
                0x0000000008001e6c                trace_puts
 .text._trace_write_semihosting_debug
                0x0000000008001e8c       0x64 ./system/src/diag/trace_impl.o
 .text.trace_write
                0x0000000008001ef0        0x8 ./system/src/diag/trace_impl.o
                0x0000000008001ef0                trace_write
 .text.__initialize_hardware_early
                0x0000000008001ef8       0x18 ./system/src/cortexm/_initialize_hardware.o
                0x0000000008001ef8                __initialize_hardware_early
 .text.__initialize_hardware
                0x0000000008001f10        0x8 ./system/src/cortexm/_initialize_hardware.o
                0x0000000008001f10                __initialize_hardware
 .text.dumpExceptionStack
                0x0000000008001f18       0xf0 ./system/src/cortexm/exception_handlers.o
                0x0000000008001f18                dumpExceptionStack
 .text.isSemihosting
                0x0000000008002008       0x20 ./system/src/cortexm/exception_handlers.o
                0x0000000008002008                isSemihosting
 .text.SetSysClock
                0x0000000008002028       0xb0 ./system/src/cmsis/system_stm32f30x.o
 .text.SystemInit
                0x00000000080020d8       0x64 ./system/src/cmsis/system_stm32f30x.o
                0x00000000080020d8                SystemInit
 .text.SystemCoreClockUpdate
                0x000000000800213c       0x8c ./system/src/cmsis/system_stm32f30x.o
                0x000000000800213c                SystemCoreClockUpdate
 .text.Standard_GetConfiguration
                0x00000000080021c8       0x28 ./src/usb/usb_core.o
                0x00000000080021c8                Standard_GetConfiguration
 .text.Standard_GetInterface
                0x00000000080021f0       0x28 ./src/usb/usb_core.o
                0x00000000080021f0                Standard_GetInterface
 .text.Standard_GetStatus
                0x0000000008002218       0xb8 ./src/usb/usb_core.o
                0x0000000008002218                Standard_GetStatus
 .text.DataStageIn
                0x00000000080022d0       0xb0 ./src/usb/usb_core.o
 .text.Data_Setup0
                0x0000000008002380      0x218 ./src/usb/usb_core.o
 .text.DataStageOut
                0x0000000008002598       0xac ./src/usb/usb_core.o
 .text.Standard_SetConfiguration
                0x0000000008002644       0x40 ./src/usb/usb_core.o
                0x0000000008002644                Standard_SetConfiguration
 .text.Standard_SetInterface
                0x0000000008002684       0x5c ./src/usb/usb_core.o
                0x0000000008002684                Standard_SetInterface
 .text.Standard_ClearFeature
                0x00000000080026e0      0x128 ./src/usb/usb_core.o
                0x00000000080026e0                Standard_ClearFeature
 .text.Standard_SetEndPointFeature
                0x0000000008002808       0xc4 ./src/usb/usb_core.o
                0x0000000008002808                Standard_SetEndPointFeature
 .text.Standard_SetDeviceFeature
                0x00000000080028cc       0x24 ./src/usb/usb_core.o
                0x00000000080028cc                Standard_SetDeviceFeature
 .text.NoData_Setup0
                0x00000000080028f0      0x114 ./src/usb/usb_core.o
 .text.Standard_GetDescriptorData
                0x0000000008002a04       0x1c ./src/usb/usb_core.o
                0x0000000008002a04                Standard_GetDescriptorData
 .text.Post0_Process
                0x0000000008002a20       0x40 ./src/usb/usb_core.o
                0x0000000008002a20                Post0_Process
 .text.Setup0_Process
                0x0000000008002a60       0x7c ./src/usb/usb_core.o
                0x0000000008002a60                Setup0_Process
 .text.Out0_Process
                0x0000000008002adc       0x54 ./src/usb/usb_core.o
                0x0000000008002adc                Out0_Process
 .text.SetDeviceAddress
                0x0000000008002b30       0x48 ./src/usb/usb_core.o
                0x0000000008002b30                SetDeviceAddress
 .text.In0_Process
                0x0000000008002b78       0x64 ./src/usb/usb_core.o
                0x0000000008002b78                In0_Process
 .text.NOP_Process
                0x0000000008002bdc        0x4 ./src/usb/usb_core.o
                0x0000000008002bdc                NOP_Process
 .text.EP1_IN_Callback
                0x0000000008002be0        0x4 ./src/usb/usb_endp.o
                0x0000000008002be0                EP1_IN_Callback
 .text.EP3_OUT_Callback
                0x0000000008002be4       0x24 ./src/usb/usb_endp.o
                0x0000000008002be4                EP3_OUT_Callback
 .text.USB_Init
                0x0000000008002c08       0x38 ./src/usb/usb_init.o
                0x0000000008002c08                USB_Init
 .text.CTR_LP   0x0000000008002c40      0x280 ./src/usb/usb_int.o
                0x0000000008002c40                CTR_LP
 .text.USB_Istr
                0x0000000008002ec0      0x1b8 ./src/usb/usb_istr.o
                0x0000000008002ec0                USB_Istr
 .text.UserToPMABufferCopy
                0x0000000008003078       0x2c ./src/usb/usb_mem.o
                0x0000000008003078                UserToPMABufferCopy
 .text.PMAToUserBufferCopy
                0x00000000080030a4       0x20 ./src/usb/usb_mem.o
                0x00000000080030a4                PMAToUserBufferCopy
 .text.Virtual_Com_Port_SetConfiguration
                0x00000000080030c4       0x18 ./src/usb/usb_prop.o
                0x00000000080030c4                Virtual_Com_Port_SetConfiguration
 .text.Virtual_Com_Port_SetDeviceAddress
                0x00000000080030dc        0xc ./src/usb/usb_prop.o
                0x00000000080030dc                Virtual_Com_Port_SetDeviceAddress
 .text.Virtual_Com_Port_Status_In
                0x00000000080030e8       0x14 ./src/usb/usb_prop.o
                0x00000000080030e8                Virtual_Com_Port_Status_In
 .text.Virtual_Com_Port_Status_Out
                0x00000000080030fc        0x4 ./src/usb/usb_prop.o
                0x00000000080030fc                Virtual_Com_Port_Status_Out
 .text.Virtual_Com_Port_Data_Setup
                0x0000000008003100       0x68 ./src/usb/usb_prop.o
                0x0000000008003100                Virtual_Com_Port_Data_Setup
 .text.Virtual_Com_Port_NoData_Setup
                0x0000000008003168       0x2c ./src/usb/usb_prop.o
                0x0000000008003168                Virtual_Com_Port_NoData_Setup
 .text.Virtual_Com_Port_Get_Interface_Setting
                0x0000000008003194       0x14 ./src/usb/usb_prop.o
                0x0000000008003194                Virtual_Com_Port_Get_Interface_Setting
 .text.Virtual_Com_Port_GetLineCoding
                0x00000000080031a8       0x18 ./src/usb/usb_prop.o
                0x00000000080031a8                Virtual_Com_Port_GetLineCoding
 .text.Virtual_Com_Port_SetLineCoding
                0x00000000080031c0       0x18 ./src/usb/usb_prop.o
                0x00000000080031c0                Virtual_Com_Port_SetLineCoding
 .text.Virtual_Com_Port_init
                0x00000000080031d8       0x24 ./src/usb/usb_prop.o
                0x00000000080031d8                Virtual_Com_Port_init
 .text.Virtual_Com_Port_Reset
                0x00000000080031fc       0xe0 ./src/usb/usb_prop.o
                0x00000000080031fc                Virtual_Com_Port_Reset
 .text.Virtual_Com_Port_GetDeviceDescriptor
                0x00000000080032dc       0x10 ./src/usb/usb_prop.o
                0x00000000080032dc                Virtual_Com_Port_GetDeviceDescriptor
 .text.Virtual_Com_Port_GetConfigDescriptor
                0x00000000080032ec       0x10 ./src/usb/usb_prop.o
                0x00000000080032ec                Virtual_Com_Port_GetConfigDescriptor
 .text.Virtual_Com_Port_GetStringDescriptor
                0x00000000080032fc       0x24 ./src/usb/usb_prop.o
                0x00000000080032fc                Virtual_Com_Port_GetStringDescriptor
 .text.PowerOn  0x0000000008003320       0x28 ./src/usb/usb_pwr.o
                0x0000000008003320                PowerOn
 .text.Suspend  0x0000000008003348       0xf4 ./src/usb/usb_pwr.o
                0x0000000008003348                Suspend
 .text.Resume_Init
                0x000000000800343c       0x20 ./src/usb/usb_pwr.o
                0x000000000800343c                Resume_Init
 .text.Resume   0x000000000800345c       0xc8 ./src/usb/usb_pwr.o
                0x000000000800345c                Resume
 .text.SetBTABLE
                0x0000000008003524       0x10 ./src/usb/usb_regs.o
                0x0000000008003524                SetBTABLE
 .text.SetEPType
                0x0000000008003534       0x1c ./src/usb/usb_regs.o
                0x0000000008003534                SetEPType
 .text.SetEPTxStatus
                0x0000000008003550       0x3c ./src/usb/usb_regs.o
                0x0000000008003550                SetEPTxStatus
 .text.SetEPRxStatus
                0x000000000800358c       0x3c ./src/usb/usb_regs.o
                0x000000000800358c                SetEPRxStatus
 .text.SetEPTxValid
                0x00000000080035c8       0x28 ./src/usb/usb_regs.o
                0x00000000080035c8                SetEPTxValid
 .text.SetEPRxValid
                0x00000000080035f0       0x28 ./src/usb/usb_regs.o
                0x00000000080035f0                SetEPRxValid
 .text.Clear_Status_Out
                0x0000000008003618       0x20 ./src/usb/usb_regs.o
                0x0000000008003618                Clear_Status_Out
 .text.ClearDTOG_RX
                0x0000000008003638       0x28 ./src/usb/usb_regs.o
                0x0000000008003638                ClearDTOG_RX
 .text.ClearDTOG_TX
                0x0000000008003660       0x28 ./src/usb/usb_regs.o
                0x0000000008003660                ClearDTOG_TX
 .text.SetEPTxAddr
                0x0000000008003688       0x20 ./src/usb/usb_regs.o
                0x0000000008003688                SetEPTxAddr
 .text.SetEPRxAddr
                0x00000000080036a8       0x20 ./src/usb/usb_regs.o
                0x00000000080036a8                SetEPRxAddr
 .text.GetEPTxAddr
                0x00000000080036c8       0x20 ./src/usb/usb_regs.o
                0x00000000080036c8                GetEPTxAddr
 .text.GetEPRxAddr
                0x00000000080036e8       0x20 ./src/usb/usb_regs.o
                0x00000000080036e8                GetEPRxAddr
 .text.SetEPTxCount
                0x0000000008003708       0x1c ./src/usb/usb_regs.o
                0x0000000008003708                SetEPTxCount
 .text.SetEPRxCount
                0x0000000008003724       0x44 ./src/usb/usb_regs.o
                0x0000000008003724                SetEPRxCount
 .text.GetEPRxCount
                0x0000000008003768       0x20 ./src/usb/usb_regs.o
                0x0000000008003768                GetEPRxCount
 .text.ByteSwap
                0x0000000008003788        0xc ./src/usb/usb_regs.o
                0x0000000008003788                ByteSwap
 .text.USB_SIL_Init
                0x0000000008003794       0x20 ./src/usb/usb_sil.o
                0x0000000008003794                USB_SIL_Init
 .text.pvPortMalloc
                0x00000000080037b4       0xbc ./src/FreeRTOS/heap_2.o
                0x00000000080037b4                pvPortMalloc
 .text.vPortFree
                0x0000000008003870       0x44 ./src/FreeRTOS/heap_2.o
                0x0000000008003870                vPortFree
 .text.vListInitialise
                0x00000000080038b4       0x18 ./src/FreeRTOS/list.o
                0x00000000080038b4                vListInitialise
 .text.vListInitialiseItem
                0x00000000080038cc        0x8 ./src/FreeRTOS/list.o
                0x00000000080038cc                vListInitialiseItem
 .text.vListInsertEnd
                0x00000000080038d4       0x1c ./src/FreeRTOS/list.o
                0x00000000080038d4                vListInsertEnd
 .text.vListInsert
                0x00000000080038f0       0x38 ./src/FreeRTOS/list.o
                0x00000000080038f0                vListInsert
 .text.vListRemove
                0x0000000008003928       0x24 ./src/FreeRTOS/list.o
                0x0000000008003928                vListRemove
 .text.prvSetupTimerInterrupt
                0x000000000800394c       0x18 ./src/FreeRTOS/port.o
 .text.pxPortInitialiseStack
                0x0000000008003964       0x1c ./src/FreeRTOS/port.o
                0x0000000008003964                pxPortInitialiseStack
 .text.SVC_Handler
                0x0000000008003980       0x20 ./src/FreeRTOS/port.o
                0x0000000008003980                SVC_Handler
 .text.vPortStartFirstTask
                0x00000000080039a0       0x10 ./src/FreeRTOS/port.o
                0x00000000080039a0                vPortStartFirstTask
 .text.xPortStartScheduler
                0x00000000080039b0       0x30 ./src/FreeRTOS/port.o
                0x00000000080039b0                xPortStartScheduler
 .text.vPortYieldFromISR
                0x00000000080039e0       0x10 ./src/FreeRTOS/port.o
                0x00000000080039e0                vPortYieldFromISR
 .text.vPortEnterCritical
                0x00000000080039f0       0x18 ./src/FreeRTOS/port.o
                0x00000000080039f0                vPortEnterCritical
 .text.vPortExitCritical
                0x0000000008003a08       0x18 ./src/FreeRTOS/port.o
                0x0000000008003a08                vPortExitCritical
 .text.PendSV_Handler
                0x0000000008003a20       0x3c ./src/FreeRTOS/port.o
                0x0000000008003a20                PendSV_Handler
 .text.SysTick_Handler
                0x0000000008003a5c       0x24 ./src/FreeRTOS/port.o
                0x0000000008003a5c                SysTick_Handler
 .text.prvIsQueueFull
                0x0000000008003a80       0x1c ./src/FreeRTOS/queue.o
 .text.prvIsQueueEmpty
                0x0000000008003a9c       0x18 ./src/FreeRTOS/queue.o
 .text.prvCopyDataToQueue
                0x0000000008003ab4       0x5c ./src/FreeRTOS/queue.o
 .text.prvCopyDataFromQueue
                0x0000000008003b10       0x24 ./src/FreeRTOS/queue.o
 .text.prvUnlockQueue
                0x0000000008003b34       0x64 ./src/FreeRTOS/queue.o
 .text.xQueueGenericSend
                0x0000000008003b98       0xcc ./src/FreeRTOS/queue.o
                0x0000000008003b98                xQueueGenericSend
 .text.xQueueCreateMutex
                0x0000000008003c64       0x44 ./src/FreeRTOS/queue.o
                0x0000000008003c64                xQueueCreateMutex
 .text.xQueueGenericReceive
                0x0000000008003ca8      0x100 ./src/FreeRTOS/queue.o
                0x0000000008003ca8                xQueueGenericReceive
 .text.prvDeleteTCB
                0x0000000008003da8       0x14 ./src/FreeRTOS/tasks.o
 .text.prvAllocateTCBAndStack
                0x0000000008003dbc       0x38 ./src/FreeRTOS/tasks.o
 .text.prvInitialiseTCBVariables
                0x0000000008003df4       0x38 ./src/FreeRTOS/tasks.o
 .text.prvInitialiseTaskLists
                0x0000000008003e2c       0x68 ./src/FreeRTOS/tasks.o
 .text.xTaskGenericCreate
                0x0000000008003e94       0xf8 ./src/FreeRTOS/tasks.o
                0x0000000008003e94                xTaskGenericCreate
 .text.vTaskStartScheduler
                0x0000000008003f8c       0x4c ./src/FreeRTOS/tasks.o
                0x0000000008003f8c                vTaskStartScheduler
 .text.vTaskSuspendAll
                0x0000000008003fd8       0x10 ./src/FreeRTOS/tasks.o
                0x0000000008003fd8                vTaskSuspendAll
 .text.vTaskIncrementTick
                0x0000000008003fe8       0xac ./src/FreeRTOS/tasks.o
                0x0000000008003fe8                vTaskIncrementTick
 .text.xTaskResumeAll
                0x0000000008004094       0xd8 ./src/FreeRTOS/tasks.o
                0x0000000008004094                xTaskResumeAll
 .text.vTaskDelay
                0x000000000800416c       0x60 ./src/FreeRTOS/tasks.o
                0x000000000800416c                vTaskDelay
 .text.prvCheckTasksWaitingTermination
                0x00000000080041cc       0x5c ./src/FreeRTOS/tasks.o
 .text.prvIdleTask
                0x0000000008004228       0x18 ./src/FreeRTOS/tasks.o
 .text.vTaskSwitchContext
                0x0000000008004240       0x84 ./src/FreeRTOS/tasks.o
                0x0000000008004240                vTaskSwitchContext
 .text.vTaskPlaceOnEventList
                0x00000000080042c4       0x70 ./src/FreeRTOS/tasks.o
                0x00000000080042c4                vTaskPlaceOnEventList
 .text.xTaskRemoveFromEventList
                0x0000000008004334       0x78 ./src/FreeRTOS/tasks.o
                0x0000000008004334                xTaskRemoveFromEventList
 .text.vTaskSetTimeOutState
                0x00000000080043ac       0x18 ./src/FreeRTOS/tasks.o
                0x00000000080043ac                vTaskSetTimeOutState
 .text.xTaskCheckForTimeOut
                0x00000000080043c4       0x60 ./src/FreeRTOS/tasks.o
                0x00000000080043c4                xTaskCheckForTimeOut
 .text.vTaskMissedYield
                0x0000000008004424        0xc ./src/FreeRTOS/tasks.o
                0x0000000008004424                vTaskMissedYield
 .text.xTaskGetCurrentTaskHandle
                0x0000000008004430        0xc ./src/FreeRTOS/tasks.o
                0x0000000008004430                xTaskGetCurrentTaskHandle
 .text.vTaskPriorityInherit
                0x000000000800443c       0x70 ./src/FreeRTOS/tasks.o
                0x000000000800443c                vTaskPriorityInherit
 .text.vTaskPriorityDisinherit
                0x00000000080044ac       0x48 ./src/FreeRTOS/tasks.o
                0x00000000080044ac                vTaskPriorityDisinherit
 .text.battery_init
                0x00000000080044f4       0xd8 ./src/battery.o
                0x00000000080044f4                battery_init
 .text.battery_sample
                0x00000000080045cc       0x8c ./src/battery.o
                0x00000000080045cc                battery_sample
 .text.battery_populate
                0x0000000008004658       0x68 ./src/battery.o
                0x0000000008004658                battery_populate
 .text.battery_charge_on
                0x00000000080046c0       0x10 ./src/battery.o
                0x00000000080046c0                battery_charge_on
 .text.battery_charge_off
                0x00000000080046d0       0x10 ./src/battery.o
                0x00000000080046d0                battery_charge_off
 .text.battery_manager
                0x00000000080046e0      0x14c ./src/battery.o
                0x00000000080046e0                battery_manager
 .text.buffer_init
                0x000000000800482c       0x1c ./src/buffer.o
                0x000000000800482c                buffer_init
 .text.buffer_push
                0x0000000008004848       0x28 ./src/buffer.o
                0x0000000008004848                buffer_push
 .text.buzzer_init
                0x0000000008004870       0x3c ./src/buzzer.o
                0x0000000008004870                buzzer_init
 .text.buzzer_manager
                0x00000000080048ac       0x10 ./src/buzzer.o
                0x00000000080048ac                buzzer_manager
 .text.buzzer_on
                0x00000000080048bc       0x14 ./src/buzzer.o
                0x00000000080048bc                buzzer_on
 .text.buzzer_off
                0x00000000080048d0       0x14 ./src/buzzer.o
                0x00000000080048d0                buzzer_off
 .text.cfg_default
                0x00000000080048e4       0x24 ./src/cfg.o
                0x00000000080048e4                cfg_default
 .text.cfg_byteSwap
                0x0000000008004908        0xc ./src/cfg.o
                0x0000000008004908                cfg_byteSwap
 .text.cmd_erase
                0x0000000008004914       0x1c ./src/cmd.o
                0x0000000008004914                cmd_erase
 .text.cmd_write
                0x0000000008004930       0xbc ./src/cmd.o
                0x0000000008004930                cmd_write
 .text.cmd_read
                0x00000000080049ec      0x1c4 ./src/cmd.o
                0x00000000080049ec                cmd_read
 .text.cmd_process
                0x0000000008004bb0       0x28 ./src/cmd.o
                0x0000000008004bb0                cmd_process
 .text.flash_erase
                0x0000000008004bd8       0x1c ./src/flash.o
                0x0000000008004bd8                flash_erase
 .text.flash_write
                0x0000000008004bf4       0x2c ./src/flash.o
                0x0000000008004bf4                flash_write
 .text.flash_read
                0x0000000008004c20       0x18 ./src/flash.o
                0x0000000008004c20                flash_read
 .text.led_init
                0x0000000008004c38       0xe4 ./src/led.o
                0x0000000008004c38                led_init
 .text.led_manager
                0x0000000008004d1c      0x1a0 ./src/led.o
                0x0000000008004d1c                led_manager
 .text.led_on   0x0000000008004ebc        0x8 ./src/led.o
                0x0000000008004ebc                led_on
 .text.led_off  0x0000000008004ec4        0x8 ./src/led.o
                0x0000000008004ec4                led_off
 .text.main     0x0000000008004ecc      0x138 ./src/main.o
                0x0000000008004ecc                main
 .text.modem_init
                0x0000000008005004      0x100 ./src/modem.o
                0x0000000008005004                modem_init
 .text.modem_downstream
                0x0000000008005104       0x44 ./src/modem.o
                0x0000000008005104                modem_downstream
 .text.modem_write
                0x0000000008005148       0x30 ./src/modem.o
                0x0000000008005148                modem_write
 .text.modem_radio_init
                0x0000000008005178       0x98 ./src/modem.o
                0x0000000008005178                modem_radio_init
 .text.modem_send
                0x0000000008005210       0x50 ./src/modem.o
                0x0000000008005210                modem_send
 .text.modem_mac_pause
                0x0000000008005260       0x28 ./src/modem.o
                0x0000000008005260                modem_mac_pause
 .text.modem_radio_rx_0
                0x0000000008005288       0x28 ./src/modem.o
                0x0000000008005288                modem_radio_rx_0
 .text.skeleton_key
                0x00000000080052b0      0x100 ./src/modem.o
                0x00000000080052b0                skeleton_key
 .text.modem_mac_resume
                0x00000000080053b0       0x28 ./src/modem.o
                0x00000000080053b0                modem_mac_resume
 .text.modem_mac_join
                0x00000000080053d8       0x28 ./src/modem.o
                0x00000000080053d8                modem_mac_join
 .text.modem_mac_init
                0x0000000008005400      0x15c ./src/modem.o
                0x0000000008005400                modem_mac_init
 .text.modem_startup
                0x000000000800555c      0x1f8 ./src/modem.o
                0x000000000800555c                modem_startup
 .text.modem_prepare_packet
                0x0000000008005754       0x74 ./src/modem.o
                0x0000000008005754                modem_prepare_packet
 .text.modem_upstream
                0x00000000080057c8      0x1f0 ./src/modem.o
                0x00000000080057c8                modem_upstream
 .text.modem_api
                0x00000000080059b8      0x268 ./src/modem.o
                0x00000000080059b8                modem_api
 .text.modem_manager
                0x0000000008005c20      0x160 ./src/modem.o
                0x0000000008005c20                modem_manager
 .text.USART3_IRQHandler
                0x0000000008005d80       0x28 ./src/modem.o
                0x0000000008005d80                USART3_IRQHandler
 .text.monitor_init_digital
                0x0000000008005da8       0x6c ./src/monitor.o
                0x0000000008005da8                monitor_init_digital
 .text.monitor_init_adc1
                0x0000000008005e14       0xb0 ./src/monitor.o
                0x0000000008005e14                monitor_init_adc1
 .text.monitor_init_adc2
                0x0000000008005ec4       0xbc ./src/monitor.o
                0x0000000008005ec4                monitor_init_adc2
 .text.monitor_init
                0x0000000008005f80       0x60 ./src/monitor.o
                0x0000000008005f80                monitor_init
 .text.monitor_sample
                0x0000000008005fe0       0x60 ./src/monitor.o
                0x0000000008005fe0                monitor_sample
 .text.monitor_device_identifier
                0x0000000008006040       0x2c ./src/monitor.o
                0x0000000008006040                monitor_device_identifier
 .text.monitor_compatibility_check
                0x000000000800606c       0x84 ./src/monitor.o
                0x000000000800606c                monitor_compatibility_check
 .text.monitor_analog
                0x00000000080060f0      0x210 ./src/monitor.o
                0x00000000080060f0                monitor_analog
 .text.monitor_mains_presence_output
                0x0000000008006300       0x34 ./src/monitor.o
                0x0000000008006300                monitor_mains_presence_output
 .text.monitor_mains_presence_input
                0x0000000008006334       0x2c ./src/monitor.o
                0x0000000008006334                monitor_mains_presence_input
 .text.monitor_digital
                0x0000000008006360      0x170 ./src/monitor.o
                0x0000000008006360                monitor_digital
 .text.monitor_manager
                0x00000000080064d0       0x18 ./src/monitor.o
                0x00000000080064d0                monitor_manager
 .text.packet_getDestinationId
                0x00000000080064e8        0x8 ./src/pkt.o
                0x00000000080064e8                packet_getDestinationId
 .text.packet_setPayloadLength
                0x00000000080064f0       0x18 ./src/pkt.o
                0x00000000080064f0                packet_setPayloadLength
 .text.packet_getPayloadLength
                0x0000000008006508        0x8 ./src/pkt.o
                0x0000000008006508                packet_getPayloadLength
 .text.packet_setPayload
                0x0000000008006510       0x24 ./src/pkt.o
                0x0000000008006510                packet_setPayload
 .text.packet_getPayload
                0x0000000008006534        0x8 ./src/pkt.o
                0x0000000008006534                packet_getPayload
 .text.packet_disassemble
                0x000000000800653c       0x78 ./src/pkt.o
                0x000000000800653c                packet_disassemble
 .text.hex_to_hexStr
                0x00000000080065b4       0x98 ./src/pkt.o
                0x00000000080065b4                hex_to_hexStr
 .text.hexStr_to_hex
                0x000000000800664c       0xbc ./src/pkt.o
                0x000000000800664c                hexStr_to_hex
 .text.solenoid_init
                0x0000000008006708       0x3c ./src/solenoid.o
                0x0000000008006708                solenoid_init
 .text.solenoid_manager
                0x0000000008006744       0x8c ./src/solenoid.o
                0x0000000008006744                solenoid_manager
 .text.IntToUnicode
                0x00000000080067d0       0x30 ./src/vcp.o
 .text.vcp_init
                0x0000000008006800       0xec ./src/vcp.o
                0x0000000008006800                vcp_init
 .text.vcp_reset_port
                0x00000000080068ec       0x44 ./src/vcp.o
                0x00000000080068ec                vcp_reset_port
 .text.vcp_write
                0x0000000008006930       0x1c ./src/vcp.o
                0x0000000008006930                vcp_write
 .text.vcp_read
                0x000000000800694c        0xc ./src/vcp.o
                0x000000000800694c                vcp_read
 .text.vcp_manager
                0x0000000008006958       0xc4 ./src/vcp.o
                0x0000000008006958                vcp_manager
 .text.USB_LP_CAN1_RX0_IRQHandler
                0x0000000008006a1c        0x8 ./src/vcp.o
                0x0000000008006a1c                USB_LP_CAN1_RX0_IRQHandler
 .text.USBWakeUp_IRQHandler
                0x0000000008006a24       0x10 ./src/vcp.o
                0x0000000008006a24                USBWakeUp_IRQHandler
 .text.Get_SerialNum
                0x0000000008006a34       0x38 ./src/vcp.o
                0x0000000008006a34                Get_SerialNum
 .text.Leave_LowPowerMode
                0x0000000008006a6c       0x5c ./src/vcp.o
                0x0000000008006a6c                Leave_LowPowerMode
 .text.atoi     0x0000000008006ac8        0x8 /Users/peterbruce/gcc-arm-none-eabi-4_9-2015q3/bin/../lib/gcc/arm-none-eabi/4.9.3/../../../../arm-none-eabi/lib/armv7e-m/libg_nano.a(lib_a-atoi.o)
                0x0000000008006ac8                atoi
 .text.__errno  0x0000000008006ad0        0xc /Users/peterbruce/gcc-arm-none-eabi-4_9-2015q3/bin/../lib/gcc/arm-none-eabi/4.9.3/../../../../arm-none-eabi/lib/armv7e-m/libg_nano.a(lib_a-errno.o)
                0x0000000008006ad0                __errno
 .text.memcpy   0x0000000008006adc       0x16 /Users/peterbruce/gcc-arm-none-eabi-4_9-2015q3/bin/../lib/gcc/arm-none-eabi/4.9.3/../../../../arm-none-eabi/lib/armv7e-m/libg_nano.a(lib_a-memcpy.o)
                0x0000000008006adc                memcpy
 .text.memset   0x0000000008006af2       0x10 /Users/peterbruce/gcc-arm-none-eabi-4_9-2015q3/bin/../lib/gcc/arm-none-eabi/4.9.3/../../../../arm-none-eabi/lib/armv7e-m/libg_nano.a(lib_a-memset.o)
                0x0000000008006af2                memset
 *fill*         0x0000000008006b02        0x2 
 .text.sprintf  0x0000000008006b04       0x48 /Users/peterbruce/gcc-arm-none-eabi-4_9-2015q3/bin/../lib/gcc/arm-none-eabi/4.9.3/../../../../arm-none-eabi/lib/armv7e-m/libg_nano.a(lib_a-sprintf.o)
                0x0000000008006b04                sprintf
                0x0000000008006b04                siprintf
 .text.strlen   0x0000000008006b4c       0x10 /Users/peterbruce/gcc-arm-none-eabi-4_9-2015q3/bin/../lib/gcc/arm-none-eabi/4.9.3/../../../../arm-none-eabi/lib/armv7e-m/libg_nano.a(lib_a-strlen.o)
                0x0000000008006b4c                strlen
 .text.strncmp  0x0000000008006b5c       0x34 /Users/peterbruce/gcc-arm-none-eabi-4_9-2015q3/bin/../lib/gcc/arm-none-eabi/4.9.3/../../../../arm-none-eabi/lib/armv7e-m/libg_nano.a(lib_a-strncmp.o)
                0x0000000008006b5c                strncmp
 .text.strncpy  0x0000000008006b90       0x24 /Users/peterbruce/gcc-arm-none-eabi-4_9-2015q3/bin/../lib/gcc/arm-none-eabi/4.9.3/../../../../arm-none-eabi/lib/armv7e-m/libg_nano.a(lib_a-strncpy.o)
                0x0000000008006b90                strncpy
 .text.strstr   0x0000000008006bb4       0x30 /Users/peterbruce/gcc-arm-none-eabi-4_9-2015q3/bin/../lib/gcc/arm-none-eabi/4.9.3/../../../../arm-none-eabi/lib/armv7e-m/libg_nano.a(lib_a-strstr.o)
                0x0000000008006bb4                strstr
 .text._strtol_r
                0x0000000008006be4      0x10c /Users/peterbruce/gcc-arm-none-eabi-4_9-2015q3/bin/../lib/gcc/arm-none-eabi/4.9.3/../../../../arm-none-eabi/lib/armv7e-m/libg_nano.a(lib_a-strtol.o)
                0x0000000008006be4                _strtol_r
 .text.strtol   0x0000000008006cf0       0x1c /Users/peterbruce/gcc-arm-none-eabi-4_9-2015q3/bin/../lib/gcc/arm-none-eabi/4.9.3/../../../../arm-none-eabi/lib/armv7e-m/libg_nano.a(lib_a-strtol.o)
                0x0000000008006cf0                strtol
 .text._vsnprintf_r
                0x0000000008006d0c       0x52 /Users/peterbruce/gcc-arm-none-eabi-4_9-2015q3/bin/../lib/gcc/arm-none-eabi/4.9.3/../../../../arm-none-eabi/lib/armv7e-m/libg_nano.a(lib_a-vsnprintf.o)
                0x0000000008006d0c                _vsnprintf_r
                0x0000000008006d0c                _vsniprintf_r
 *fill*         0x0000000008006d5e        0x2 
 .text.vsnprintf
                0x0000000008006d60       0x20 /Users/peterbruce/gcc-arm-none-eabi-4_9-2015q3/bin/../lib/gcc/arm-none-eabi/4.9.3/../../../../arm-none-eabi/lib/armv7e-m/libg_nano.a(lib_a-vsnprintf.o)
                0x0000000008006d60                vsnprintf
                0x0000000008006d60                vsniprintf
 .text.__ssputs_r
                0x0000000008006d80       0xb2 /Users/peterbruce/gcc-arm-none-eabi-4_9-2015q3/bin/../lib/gcc/arm-none-eabi/4.9.3/../../../../arm-none-eabi/lib/armv7e-m/libg_nano.a(lib_a-nano-svfprintf.o)
                0x0000000008006d80                __ssputs_r
 *fill*         0x0000000008006e32        0x2 
 .text._svfprintf_r
                0x0000000008006e34      0x1e4 /Users/peterbruce/gcc-arm-none-eabi-4_9-2015q3/bin/../lib/gcc/arm-none-eabi/4.9.3/../../../../arm-none-eabi/lib/armv7e-m/libg_nano.a(lib_a-nano-svfprintf.o)
                0x0000000008006e34                _svfprintf_r
                0x0000000008006e34                _svfiprintf_r
 .text._printf_common
                0x0000000008007018       0xea /Users/peterbruce/gcc-arm-none-eabi-4_9-2015q3/bin/../lib/gcc/arm-none-eabi/4.9.3/../../../../arm-none-eabi/lib/armv7e-m/libg_nano.a(lib_a-nano-vfprintf_i.o)
                0x0000000008007018                _printf_common
 *fill*         0x0000000008007102        0x2 
 .text._printf_i
                0x0000000008007104      0x240 /Users/peterbruce/gcc-arm-none-eabi-4_9-2015q3/bin/../lib/gcc/arm-none-eabi/4.9.3/../../../../arm-none-eabi/lib/armv7e-m/libg_nano.a(lib_a-nano-vfprintf_i.o)
                0x0000000008007104                _printf_i
 .text.memchr   0x0000000008007344       0x1e /Users/peterbruce/gcc-arm-none-eabi-4_9-2015q3/bin/../lib/gcc/arm-none-eabi/4.9.3/../../../../arm-none-eabi/lib/armv7e-m/libg_nano.a(lib_a-memchr.o)
                0x0000000008007344                memchr
 .text.memmove  0x0000000008007362       0x36 /Users/peterbruce/gcc-arm-none-eabi-4_9-2015q3/bin/../lib/gcc/arm-none-eabi/4.9.3/../../../../arm-none-eabi/lib/armv7e-m/libg_nano.a(lib_a-memmove.o)
                0x0000000008007362                memmove
 .text._free_r  0x0000000008007398       0x88 /Users/peterbruce/gcc-arm-none-eabi-4_9-2015q3/bin/../lib/gcc/arm-none-eabi/4.9.3/../../../../arm-none-eabi/lib/armv7e-m/libg_nano.a(lib_a-nano-freer.o)
                0x0000000008007398                _free_r
 .text._malloc_r
                0x0000000008007420       0xac /Users/peterbruce/gcc-arm-none-eabi-4_9-2015q3/bin/../lib/gcc/arm-none-eabi/4.9.3/../../../../arm-none-eabi/lib/armv7e-m/libg_nano.a(lib_a-nano-mallocr.o)
                0x0000000008007420                _malloc_r
 .text._realloc_r
                0x00000000080074cc       0x4c /Users/peterbruce/gcc-arm-none-eabi-4_9-2015q3/bin/../lib/gcc/arm-none-eabi/4.9.3/../../../../arm-none-eabi/lib/armv7e-m/libg_nano.a(lib_a-nano-reallocr.o)
                0x00000000080074cc                _realloc_r
 .text._sbrk_r  0x0000000008007518       0x20 /Users/peterbruce/gcc-arm-none-eabi-4_9-2015q3/bin/../lib/gcc/arm-none-eabi/4.9.3/../../../../arm-none-eabi/lib/armv7e-m/libg_nano.a(lib_a-sbrkr.o)
                0x0000000008007518                _sbrk_r
 .text._malloc_usable_size_r
                0x0000000008007538       0x14 /Users/peterbruce/gcc-arm-none-eabi-4_9-2015q3/bin/../lib/gcc/arm-none-eabi/4.9.3/../../../../arm-none-eabi/lib/armv7e-m/libg_nano.a(lib_a-nano-msizer.o)
                0x0000000008007538                _malloc_usable_size_r
 *(.rodata .rodata.* .constdata .constdata.*)
 .rodata.str1.4
                0x000000000800754c       0x30 ./system/src/stm32f3-stdperiph/stm32f30x_adc.o
 .rodata.str1.4
                0x000000000800757c       0x31 ./system/src/stm32f3-stdperiph/stm32f30x_exti.o
 *fill*         0x00000000080075ad        0x3 
 .rodata.str1.4
                0x00000000080075b0       0x32 ./system/src/stm32f3-stdperiph/stm32f30x_flash.o
 *fill*         0x00000000080075e2        0x2 
 .rodata.str1.4
                0x00000000080075e4       0x31 ./system/src/stm32f3-stdperiph/stm32f30x_gpio.o
 *fill*         0x0000000008007615        0x3 
 .rodata.str1.4
                0x0000000008007618       0x31 ./system/src/stm32f3-stdperiph/stm32f30x_iwdg.o
 *fill*         0x0000000008007649        0x3 
 .rodata.str1.4
                0x000000000800764c       0x31 ./system/src/stm32f3-stdperiph/stm32f30x_misc.o
 *fill*         0x000000000800767d        0x3 
 .rodata.str1.4
                0x0000000008007680       0x30 ./system/src/stm32f3-stdperiph/stm32f30x_rcc.o
 .rodata.str1.4
                0x00000000080076b0       0x32 ./system/src/stm32f3-stdperiph/stm32f30x_usart.o
 *fill*         0x00000000080076e2        0x2 
 .rodata.str1.4
                0x00000000080076e4       0x14 ./system/src/newlib/_exit.o
 .rodata.str1.4
                0x00000000080076f8       0x6b ./system/src/newlib/assert.o
                                         0x6f (size before relaxing)
 *fill*         0x0000000008007763        0x1 
 .rodata.str1.4
                0x0000000008007764       0x29 ./system/src/diag/Trace.o
                                         0x2d (size before relaxing)
 *fill*         0x000000000800778d        0x3 
 .rodata.str1.4
                0x0000000008007790      0x146 ./system/src/cortexm/exception_handlers.o
 *fill*         0x00000000080078d6        0x2 
 .rodata.Virtual_Com_Port_StringVendor
                0x00000000080078d8       0x26 ./src/usb/usb_desc.o
                0x00000000080078d8                Virtual_Com_Port_StringVendor
 *fill*         0x00000000080078fe        0x2 
 .rodata.Virtual_Com_Port_DeviceDescriptor
                0x0000000008007900       0x12 ./src/usb/usb_desc.o
                0x0000000008007900                Virtual_Com_Port_DeviceDescriptor
 *fill*         0x0000000008007912        0x2 
 .rodata.Virtual_Com_Port_StringLangID
                0x0000000008007914        0x4 ./src/usb/usb_desc.o
                0x0000000008007914                Virtual_Com_Port_StringLangID
 .rodata.Virtual_Com_Port_StringProduct
                0x0000000008007918       0x32 ./src/usb/usb_desc.o
                0x0000000008007918                Virtual_Com_Port_StringProduct
 *fill*         0x000000000800794a        0x2 
 .rodata.Virtual_Com_Port_ConfigDescriptor
                0x000000000800794c       0x43 ./src/usb/usb_desc.o
                0x000000000800794c                Virtual_Com_Port_ConfigDescriptor
 *fill*         0x000000000800798f        0x1 
 .rodata.str1.4
                0x0000000008007990        0x5 ./src/FreeRTOS/tasks.o
 *fill*         0x0000000008007995        0x3 
 .rodata.str1.4
                0x0000000008007998        0x3 ./src/battery.o
 *fill*         0x000000000800799b        0x1 
 .rodata.str1.4
                0x000000000800799c       0x79 ./src/main.o
 *fill*         0x0000000008007a15        0x3 
 .rodata.sys_reset
                0x0000000008007a18        0xc ./src/modem.o
                0x0000000008007a18                sys_reset
 .rodata.mac_set_deveui
                0x0000000008007a24       0x10 ./src/modem.o
                0x0000000008007a24                mac_set_deveui
 .rodata.mac_set_appkey
                0x0000000008007a34       0x32 ./src/modem.o
                0x0000000008007a34                mac_set_appkey
 *fill*         0x0000000008007a66        0x2 
 .rodata.sys_get_hweui
                0x0000000008007a68       0x10 ./src/modem.o
                0x0000000008007a68                sys_get_hweui
 .rodata.mac_set_appeui
                0x0000000008007a78       0x22 ./src/modem.o
                0x0000000008007a78                mac_set_appeui
 *fill*         0x0000000008007a9a        0x2 
 .rodata.str1.4
                0x0000000008007a9c      0x13b ./src/modem.o
                                        0x13f (size before relaxing)
 *fill*         0x0000000008007bd7        0x1 
 .rodata.mac_join_otaa
                0x0000000008007bd8       0x10 ./src/modem.o
                0x0000000008007bd8                mac_join_otaa
 .rodata.str1.4
                0x0000000008007be8       0x18 ./src/vcp.o
                                         0x17 (size before relaxing)
 .rodata.str1.1
                0x0000000008007c00        0x2 /Users/peterbruce/gcc-arm-none-eabi-4_9-2015q3/bin/../lib/gcc/arm-none-eabi/4.9.3/../../../../arm-none-eabi/lib/armv7e-m/libg_nano.a(lib_a-impure.o)
 .rodata._ctype_
                0x0000000008007c02      0x101 /Users/peterbruce/gcc-arm-none-eabi-4_9-2015q3/bin/../lib/gcc/arm-none-eabi/4.9.3/../../../../arm-none-eabi/lib/armv7e-m/libg_nano.a(lib_a-ctype_.o)
                0x0000000008007c02                _ctype_
 .rodata.str1.1
                0x0000000008007d03       0x11 /Users/peterbruce/gcc-arm-none-eabi-4_9-2015q3/bin/../lib/gcc/arm-none-eabi/4.9.3/../../../../arm-none-eabi/lib/armv7e-m/libg_nano.a(lib_a-nano-svfprintf.o)
 .rodata.str1.1
                0x0000000008007d14       0x22 /Users/peterbruce/gcc-arm-none-eabi-4_9-2015q3/bin/../lib/gcc/arm-none-eabi/4.9.3/../../../../arm-none-eabi/lib/armv7e-m/libg_nano.a(lib_a-nano-vfprintf_i.o)
 *(vtable)
 *(.eh_frame*)
 *(.glue_7)
 .glue_7        0x0000000000000000        0x0 linker stubs
 *(.glue_7t)
 .glue_7t       0x0000000000000000        0x0 linker stubs

.vfp11_veneer   0x0000000008007d38        0x0
 .vfp11_veneer  0x0000000000000000        0x0 linker stubs

.v4_bx          0x0000000008007d38        0x0
 .v4_bx         0x0000000000000000        0x0 linker stubs

.iplt           0x0000000008007d38        0x0
 .iplt          0x0000000000000000        0x0 ./system/src/stm32f3-stdperiph/stm32f30x_adc.o

.rel.dyn        0x0000000008007d38        0x0
 .rel.iplt      0x0000000000000000        0x0 ./system/src/stm32f3-stdperiph/stm32f30x_adc.o

.ARM.extab
 *(.ARM.extab* .gnu.linkonce.armextab.*)
                0x0000000008007d38                . = ALIGN (0x4)
                0x0000000008007d38                __exidx_start = .

.ARM.exidx
 *(.ARM.exidx* .gnu.linkonce.armexidx.*)
                0x0000000008007d38                __exidx_end = .
                0x0000000008007d38                . = ALIGN (0x4)
                0x0000000008007d38                _etext = .
                0x0000000008007d38                __etext = .

.data_CCMRAM    0x0000000010000000        0x0 load address 0x0000000008007d38
 FILL mask 0xff
 *(.data.CCMRAM .data.CCMRAM.*)
                0x0000000010000000                . = ALIGN (0x4)
                0x0000000008007d38                _sidata = LOADADDR (.data)

.data           0x0000000020000000      0x1a0 load address 0x0000000008007d38
 FILL mask 0xff
                0x0000000020000000                _sdata = .
                0x0000000020000000                __data_start__ = .
 *(.data_begin .data_begin.*)
 .data_begin    0x0000000020000000        0x4 ./system/src/newlib/_startup.o
 *(.data .data.*)
 .data.ADCPrescTable
                0x0000000020000004       0x1a ./system/src/stm32f3-stdperiph/stm32f30x_rcc.o
 *fill*         0x000000002000001e        0x2 
 .data.APBAHBPrescTable
                0x0000000020000020       0x10 ./system/src/stm32f3-stdperiph/stm32f30x_rcc.o
 .data.argv.4160
                0x0000000020000030        0x8 ./system/src/newlib/_syscalls.o
 .data.AHBPrescTable
                0x0000000020000038       0x10 ./system/src/cmsis/system_stm32f30x.o
                0x0000000020000038                AHBPrescTable
 .data.SystemCoreClock
                0x0000000020000048        0x4 ./system/src/cmsis/system_stm32f30x.o
                0x0000000020000048                SystemCoreClock
 .data.Virtual_Com_Port_StringSerial
                0x000000002000004c       0x1a ./src/usb/usb_desc.o
                0x000000002000004c                Virtual_Com_Port_StringSerial
 *fill*         0x0000000020000066        0x2 
 .data.pEpInt_IN
                0x0000000020000068       0x1c ./src/usb/usb_istr.o
                0x0000000020000068                pEpInt_IN
 .data.pEpInt_OUT
                0x0000000020000084       0x1c ./src/usb/usb_istr.o
                0x0000000020000084                pEpInt_OUT
 .data.Config_Descriptor
                0x00000000200000a0        0x8 ./src/usb/usb_prop.o
                0x00000000200000a0                Config_Descriptor
 .data.Device_Property
                0x00000000200000a8       0x30 ./src/usb/usb_prop.o
                0x00000000200000a8                Device_Property
 .data.User_Standard_Requests
                0x00000000200000d8       0x24 ./src/usb/usb_prop.o
                0x00000000200000d8                User_Standard_Requests
 .data.Device_Descriptor
                0x00000000200000fc        0x8 ./src/usb/usb_prop.o
                0x00000000200000fc                Device_Descriptor
 .data.String_Descriptor
                0x0000000020000104       0x20 ./src/usb/usb_prop.o
                0x0000000020000104                String_Descriptor
 .data.linecoding
                0x0000000020000124        0x8 ./src/usb/usb_prop.o
                0x0000000020000124                linecoding
 .data.Device_Table
                0x000000002000012c        0x2 ./src/usb/usb_prop.o
                0x000000002000012c                Device_Table
 .data.fSuspendEnabled
                0x000000002000012e        0x1 ./src/usb/usb_pwr.o
                0x000000002000012e                fSuspendEnabled
 *fill*         0x000000002000012f        0x1 
 .data.uxCriticalNesting
                0x0000000020000130        0x4 ./src/FreeRTOS/port.o
 .data.impure_data
                0x0000000020000134       0x60 /Users/peterbruce/gcc-arm-none-eabi-4_9-2015q3/bin/../lib/gcc/arm-none-eabi/4.9.3/../../../../arm-none-eabi/lib/armv7e-m/libg_nano.a(lib_a-impure.o)
 .data._impure_ptr
                0x0000000020000194        0x4 /Users/peterbruce/gcc-arm-none-eabi-4_9-2015q3/bin/../lib/gcc/arm-none-eabi/4.9.3/../../../../arm-none-eabi/lib/armv7e-m/libg_nano.a(lib_a-impure.o)
                0x0000000020000194                _impure_ptr
 .data.__ctype_ptr__
                0x0000000020000198        0x4 /Users/peterbruce/gcc-arm-none-eabi-4_9-2015q3/bin/../lib/gcc/arm-none-eabi/4.9.3/../../../../arm-none-eabi/lib/armv7e-m/libg_nano.a(lib_a-ctype_.o)
                0x0000000020000198                __ctype_ptr__
 *(.data_end .data_end.*)
 .data_end      0x000000002000019c        0x4 ./system/src/newlib/_startup.o
                0x00000000200001a0                . = ALIGN (0x4)
                0x00000000200001a0                _edata = .
                0x00000000200001a0                __data_end__ = .

.igot.plt       0x00000000200001a0        0x0 load address 0x0000000008007ed8
 .igot.plt      0x0000000000000000        0x0 ./system/src/stm32f3-stdperiph/stm32f30x_adc.o

.bss_CCMRAM     0x0000000010000000        0x0
 *(.bss.CCMRAM .bss.CCMRAM.*)

.bss            0x00000000200001a0     0x308c
                0x00000000200001a0                __bss_start__ = .
                0x00000000200001a0                _sbss = .
 *(.bss_begin .bss_begin.*)
 .bss_begin     0x00000000200001a0        0x4 ./system/src/newlib/_startup.o
 *(.bss .bss.*)
 .bss.current_heap_end.3862
                0x00000000200001a4        0x4 ./system/src/newlib/_sbrk.o
 .bss.name.4159
                0x00000000200001a8        0x1 ./system/src/newlib/_syscalls.o
 *fill*         0x00000000200001a9        0x3 
 .bss.buf.4998  0x00000000200001ac       0x80 ./system/src/diag/Trace.o
 .bss.Data_Mul_MaxPacketSize
                0x000000002000022c        0x1 ./src/usb/usb_core.o
                0x000000002000022c                Data_Mul_MaxPacketSize
 *fill*         0x000000002000022d        0x3 
 .bss.wCNTR     0x0000000020000230        0x4 ./src/usb/usb_istr.o
                0x0000000020000230                wCNTR
 .bss.bIntPackSOF
                0x0000000020000234        0x1 ./src/usb/usb_istr.o
                0x0000000020000234                bIntPackSOF
 *fill*         0x0000000020000235        0x3 
 .bss.esof_counter
                0x0000000020000238        0x4 ./src/usb/usb_istr.o
                0x0000000020000238                esof_counter
 .bss.Request   0x000000002000023c        0x1 ./src/usb/usb_prop.o
                0x000000002000023c                Request
 *fill*         0x000000002000023d        0x3 
 .bss.bDeviceState
                0x0000000020000240        0x4 ./src/usb/usb_pwr.o
                0x0000000020000240                bDeviceState
 .bss.remotewakeupon
                0x0000000020000244        0x4 ./src/usb/usb_pwr.o
                0x0000000020000244                remotewakeupon
 .bss.xHeapHasBeenInitialised.4408
                0x0000000020000248        0x4 ./src/FreeRTOS/heap_2.o
 *fill*         0x000000002000024c        0x4 
 .bss.xHeap     0x0000000020000250     0x2800 ./src/FreeRTOS/heap_2.o
 .bss.xFreeBytesRemaining
                0x0000000020002a50        0x4 ./src/FreeRTOS/heap_2.o
 .bss.xStart    0x0000000020002a54        0x8 ./src/FreeRTOS/heap_2.o
 .bss.xEnd      0x0000000020002a5c        0x8 ./src/FreeRTOS/heap_2.o
 .bss.uxMissedTicks
                0x0000000020002a64        0x4 ./src/FreeRTOS/tasks.o
 .bss.pxDelayedTaskList
                0x0000000020002a68        0x4 ./src/FreeRTOS/tasks.o
 .bss.xSchedulerRunning
                0x0000000020002a6c        0x4 ./src/FreeRTOS/tasks.o
 .bss.uxTasksDeleted
                0x0000000020002a70        0x4 ./src/FreeRTOS/tasks.o
 .bss.xTasksWaitingTermination
                0x0000000020002a74       0x14 ./src/FreeRTOS/tasks.o
 .bss.pxReadyTasksLists
                0x0000000020002a88       0xc8 ./src/FreeRTOS/tasks.o
 .bss.uxSchedulerSuspended
                0x0000000020002b50        0x4 ./src/FreeRTOS/tasks.o
 .bss.uxCurrentNumberOfTasks
                0x0000000020002b54        0x4 ./src/FreeRTOS/tasks.o
 .bss.pxCurrentTCB
                0x0000000020002b58        0x4 ./src/FreeRTOS/tasks.o
                0x0000000020002b58                pxCurrentTCB
 .bss.xPendingReadyList
                0x0000000020002b5c       0x14 ./src/FreeRTOS/tasks.o
 .bss.xNumOfOverflows
                0x0000000020002b70        0x4 ./src/FreeRTOS/tasks.o
 .bss.xTickCount
                0x0000000020002b74        0x4 ./src/FreeRTOS/tasks.o
 .bss.pxOverflowDelayedTaskList
                0x0000000020002b78        0x4 ./src/FreeRTOS/tasks.o
 .bss.uxTopReadyPriority
                0x0000000020002b7c        0x4 ./src/FreeRTOS/tasks.o
 .bss.uxTaskNumber
                0x0000000020002b80        0x4 ./src/FreeRTOS/tasks.o
 .bss.xDelayedTaskList1
                0x0000000020002b84       0x14 ./src/FreeRTOS/tasks.o
 .bss.xDelayedTaskList2
                0x0000000020002b98       0x14 ./src/FreeRTOS/tasks.o
 .bss.xMissedYield
                0x0000000020002bac        0x4 ./src/FreeRTOS/tasks.o
 .bss.xSuspendedTaskList
                0x0000000020002bb0       0x14 ./src/FreeRTOS/tasks.o
 .bss.uxTopUsedPriority
                0x0000000020002bc4        0x4 ./src/FreeRTOS/tasks.o
 .bss.__malloc_sbrk_start
                0x0000000020002bc8        0x4 /Users/peterbruce/gcc-arm-none-eabi-4_9-2015q3/bin/../lib/gcc/arm-none-eabi/4.9.3/../../../../arm-none-eabi/lib/armv7e-m/libg_nano.a(lib_a-nano-mallocr.o)
                0x0000000020002bc8                __malloc_sbrk_start
 .bss.__malloc_free_list
                0x0000000020002bcc        0x4 /Users/peterbruce/gcc-arm-none-eabi-4_9-2015q3/bin/../lib/gcc/arm-none-eabi/4.9.3/../../../../arm-none-eabi/lib/armv7e-m/libg_nano.a(lib_a-nano-mallocr.o)
                0x0000000020002bcc                __malloc_free_list
 *(COMMON)
 COMMON         0x0000000020002bd0        0x4 ./system/src/newlib/_syscalls.o
                0x0000000020002bd0                errno
 COMMON         0x0000000020002bd4        0x2 ./src/usb/usb_core.o
                0x0000000020002bd4                StatusInfo
 *fill*         0x0000000020002bd6        0x2 
 COMMON         0x0000000020002bd8      0x230 ./src/usb/usb_endp.o
                0x0000000020002bd8                rn2483_rx_buf
                0x0000000020002c64                rn2483_tx_buf
                0x0000000020002cf0                _vcp
 COMMON         0x0000000020002e08       0x32 ./src/usb/usb_init.o
                0x0000000020002e08                SaveState
                0x0000000020002e0c                pProperty
                0x0000000020002e10                EPindex
                0x0000000020002e14                Device_Info
                0x0000000020002e30                pUser_Standard_Requests
                0x0000000020002e34                pInformation
                0x0000000020002e38                wInterrupt_Mask
 COMMON         0x0000000020002e3a        0x4 ./src/usb/usb_int.o
                0x0000000020002e3a                SaveRState
                0x0000000020002e3c                SaveTState
 COMMON         0x0000000020002e3e        0x2 ./src/usb/usb_istr.o
                0x0000000020002e3e                wIstr
 COMMON         0x0000000020002e40       0x28 ./src/usb/usb_pwr.o
                0x0000000020002e40                xSemaphore
                0x0000000020002e44                ResumeS
                0x0000000020002e48                EP
 COMMON         0x0000000020002e68       0x74 ./src/battery.o
                0x0000000020002e68                _battery
                0x0000000020002e78                _device
                0x0000000020002e9c                _monitor
                0x0000000020002ec8                _led
 COMMON         0x0000000020002edc        0xb ./src/cfg.o
                0x0000000020002edc                _cfg
 *fill*         0x0000000020002ee7        0x1 
 COMMON         0x0000000020002ee8      0x28c ./src/cmd.o
                0x0000000020002ee8                _cmd
                0x0000000020002f30                _solenoid
                0x0000000020002f34                _flash
                0x0000000020002f58                strPayloadLen
                0x0000000020002f60                _modem
                0x0000000020003170                payloadLen
 COMMON         0x0000000020003174       0xb0 ./src/pkt.o
                0x0000000020003174                payloadLength
                0x000000002000317c                sourceId
                0x000000002000318c                hops
                0x0000000020003190                payload
                0x0000000020003210                frameId
                0x0000000020003214                destinationId
 COMMON         0x0000000020003224        0x1 ./src/vcp.o
                0x0000000020003224                HSEStartUpStatus
 *(.bss_end .bss_end.*)
 *fill*         0x0000000020003225        0x3 
 .bss_end       0x0000000020003228        0x4 ./system/src/newlib/_startup.o
                0x000000002000322c                . = ALIGN (0x4)
                0x000000002000322c                __bss_end__ = .
                0x000000002000322c                _ebss = .

.noinit_CCMRAM
 *(.noinit.CCMRAM .noinit.CCMRAM.*)

.noinit         0x000000002000322c        0x0
                0x000000002000322c                _noinit = .
 *(.noinit .noinit.*)
                0x000000002000322c                . = ALIGN (0x4)
                0x000000002000322c                _end_noinit = .
                0x000000002000322c                PROVIDE (end, _end_noinit)
                0x000000002000322c                PROVIDE (_end, _end_noinit)
                0x000000002000322c                PROVIDE (__end, _end_noinit)
                0x000000002000322c                PROVIDE (__end__, _end_noinit)

._check_stack   0x000000002000322c      0x100
                0x000000002000332c                . = (. + _Minimum_Stack_Size)
 *fill*         0x000000002000322c      0x100 

.b1text
 *(.b1text)
 *(.b1rodata)
 *(.b1rodata.*)

.eb0text
 *(.eb0text)
 *(.eb0rodata)
 *(.eb0rodata.*)

.eb1text
 *(.eb1text)
 *(.eb1rodata)
 *(.eb1rodata.*)

.eb2text
 *(.eb2text)
 *(.eb2rodata)
 *(.eb2rodata.*)

.eb3text
 *(.eb3text)
 *(.eb3rodata)
 *(.eb3rodata.*)

.stab
 *(.stab)

.stabstr
 *(.stabstr)

.stab.excl
 *(.stab.excl)

.stab.exclstr
 *(.stab.exclstr)

.stab.index
 *(.stab.index)

.stab.indexstr
 *(.stab.indexstr)

.comment        0x0000000000000000       0x70
 *(.comment)
 .comment       0x0000000000000000       0x70 ./system/src/stm32f3-stdperiph/stm32f30x_adc.o
                                         0x71 (size before relaxing)
 .comment       0x0000000000000000       0x71 ./system/src/stm32f3-stdperiph/stm32f30x_exti.o
 .comment       0x0000000000000000       0x71 ./system/src/stm32f3-stdperiph/stm32f30x_flash.o
 .comment       0x0000000000000000       0x71 ./system/src/stm32f3-stdperiph/stm32f30x_gpio.o
 .comment       0x0000000000000000       0x71 ./system/src/stm32f3-stdperiph/stm32f30x_iwdg.o
 .comment       0x0000000000000000       0x71 ./system/src/stm32f3-stdperiph/stm32f30x_misc.o
 .comment       0x0000000000000000       0x71 ./system/src/stm32f3-stdperiph/stm32f30x_rcc.o
 .comment       0x0000000000000000       0x71 ./system/src/stm32f3-stdperiph/stm32f30x_usart.o
 .comment       0x0000000000000000       0x71 ./system/src/newlib/_exit.o
 .comment       0x0000000000000000       0x71 ./system/src/newlib/_sbrk.o
 .comment       0x0000000000000000       0x71 ./system/src/newlib/_startup.o
 .comment       0x0000000000000000       0x71 ./system/src/newlib/_syscalls.o
 .comment       0x0000000000000000       0x71 ./system/src/newlib/assert.o
 .comment       0x0000000000000000       0x71 ./system/src/diag/Trace.o
 .comment       0x0000000000000000       0x71 ./system/src/diag/trace_impl.o
 .comment       0x0000000000000000       0x71 ./system/src/cortexm/_initialize_hardware.o
 .comment       0x0000000000000000       0x71 ./system/src/cortexm/exception_handlers.o
 .comment       0x0000000000000000       0x71 ./system/src/cmsis/system_stm32f30x.o
 .comment       0x0000000000000000       0x71 ./system/src/cmsis/vectors_stm32f30x.o
 .comment       0x0000000000000000       0x71 ./src/usb/usb_core.o
 .comment       0x0000000000000000       0x71 ./src/usb/usb_desc.o
 .comment       0x0000000000000000       0x71 ./src/usb/usb_endp.o
 .comment       0x0000000000000000       0x71 ./src/usb/usb_init.o
 .comment       0x0000000000000000       0x71 ./src/usb/usb_int.o
 .comment       0x0000000000000000       0x71 ./src/usb/usb_istr.o
 .comment       0x0000000000000000       0x71 ./src/usb/usb_mem.o
 .comment       0x0000000000000000       0x71 ./src/usb/usb_prop.o
 .comment       0x0000000000000000       0x71 ./src/usb/usb_pwr.o
 .comment       0x0000000000000000       0x71 ./src/usb/usb_regs.o
 .comment       0x0000000000000000       0x71 ./src/usb/usb_sil.o
 .comment       0x0000000000000000       0x71 ./src/FreeRTOS/heap_2.o
 .comment       0x0000000000000000       0x71 ./src/FreeRTOS/list.o
 .comment       0x0000000000000000       0x71 ./src/FreeRTOS/port.o
 .comment       0x0000000000000000       0x71 ./src/FreeRTOS/queue.o
 .comment       0x0000000000000000       0x71 ./src/FreeRTOS/tasks.o
 .comment       0x0000000000000000       0x71 ./src/battery.o
 .comment       0x0000000000000000       0x71 ./src/buffer.o
 .comment       0x0000000000000000       0x71 ./src/buzzer.o
 .comment       0x0000000000000000       0x71 ./src/cfg.o
 .comment       0x0000000000000000       0x71 ./src/cmd.o
 .comment       0x0000000000000000       0x71 ./src/flash.o
 .comment       0x0000000000000000       0x71 ./src/led.o
 .comment       0x0000000000000000       0x71 ./src/main.o
 .comment       0x0000000000000000       0x71 ./src/modem.o
 .comment       0x0000000000000000       0x71 ./src/monitor.o
 .comment       0x0000000000000000       0x71 ./src/pkt.o
 .comment       0x0000000000000000       0x71 ./src/solenoid.o
 .comment       0x0000000000000000       0x71 ./src/vcp.o

.ARM.attributes
                0x0000000000000000       0x33
 .ARM.attributes
                0x0000000000000000       0x33 ./system/src/stm32f3-stdperiph/stm32f30x_adc.o
 .ARM.attributes
                0x0000000000000033       0x33 ./system/src/stm32f3-stdperiph/stm32f30x_exti.o
 .ARM.attributes
                0x0000000000000066       0x33 ./system/src/stm32f3-stdperiph/stm32f30x_flash.o
 .ARM.attributes
                0x0000000000000099       0x33 ./system/src/stm32f3-stdperiph/stm32f30x_gpio.o
 .ARM.attributes
                0x00000000000000cc       0x33 ./system/src/stm32f3-stdperiph/stm32f30x_iwdg.o
 .ARM.attributes
                0x00000000000000ff       0x33 ./system/src/stm32f3-stdperiph/stm32f30x_misc.o
 .ARM.attributes
                0x0000000000000132       0x33 ./system/src/stm32f3-stdperiph/stm32f30x_rcc.o
 .ARM.attributes
                0x0000000000000165       0x33 ./system/src/stm32f3-stdperiph/stm32f30x_usart.o
 .ARM.attributes
                0x0000000000000198       0x33 ./system/src/newlib/_exit.o
 .ARM.attributes
                0x00000000000001cb       0x33 ./system/src/newlib/_sbrk.o
 .ARM.attributes
                0x00000000000001fe       0x33 ./system/src/newlib/_startup.o
 .ARM.attributes
                0x0000000000000231       0x33 ./system/src/newlib/_syscalls.o
 .ARM.attributes
                0x0000000000000264       0x33 ./system/src/newlib/assert.o
 .ARM.attributes
                0x0000000000000297       0x33 ./system/src/diag/Trace.o
 .ARM.attributes
                0x00000000000002ca       0x33 ./system/src/diag/trace_impl.o
 .ARM.attributes
                0x00000000000002fd       0x33 ./system/src/cortexm/_initialize_hardware.o
 .ARM.attributes
                0x0000000000000330       0x33 ./system/src/cortexm/exception_handlers.o
 .ARM.attributes
                0x0000000000000363       0x33 ./system/src/cmsis/system_stm32f30x.o
 .ARM.attributes
                0x0000000000000396       0x33 ./system/src/cmsis/vectors_stm32f30x.o
 .ARM.attributes
                0x00000000000003c9       0x33 ./src/usb/usb_core.o
 .ARM.attributes
                0x00000000000003fc       0x33 ./src/usb/usb_desc.o
 .ARM.attributes
                0x000000000000042f       0x33 ./src/usb/usb_endp.o
 .ARM.attributes
                0x0000000000000462       0x33 ./src/usb/usb_init.o
 .ARM.attributes
                0x0000000000000495       0x33 ./src/usb/usb_int.o
 .ARM.attributes
                0x00000000000004c8       0x33 ./src/usb/usb_istr.o
 .ARM.attributes
                0x00000000000004fb       0x33 ./src/usb/usb_mem.o
 .ARM.attributes
                0x000000000000052e       0x33 ./src/usb/usb_prop.o
 .ARM.attributes
                0x0000000000000561       0x33 ./src/usb/usb_pwr.o
 .ARM.attributes
                0x0000000000000594       0x33 ./src/usb/usb_regs.o
 .ARM.attributes
                0x00000000000005c7       0x33 ./src/usb/usb_sil.o
 .ARM.attributes
                0x00000000000005fa       0x33 ./src/FreeRTOS/heap_2.o
 .ARM.attributes
                0x000000000000062d       0x33 ./src/FreeRTOS/list.o
 .ARM.attributes
                0x0000000000000660       0x33 ./src/FreeRTOS/port.o
 .ARM.attributes
                0x0000000000000693       0x33 ./src/FreeRTOS/queue.o
 .ARM.attributes
                0x00000000000006c6       0x33 ./src/FreeRTOS/tasks.o
 .ARM.attributes
                0x00000000000006f9       0x33 ./src/battery.o
 .ARM.attributes
                0x000000000000072c       0x33 ./src/buffer.o
 .ARM.attributes
                0x000000000000075f       0x33 ./src/buzzer.o
 .ARM.attributes
                0x0000000000000792       0x33 ./src/cfg.o
 .ARM.attributes
                0x00000000000007c5       0x33 ./src/cmd.o
 .ARM.attributes
                0x00000000000007f8       0x33 ./src/flash.o
 .ARM.attributes
                0x000000000000082b       0x33 ./src/led.o
 .ARM.attributes
                0x000000000000085e       0x33 ./src/main.o
 .ARM.attributes
                0x0000000000000891       0x33 ./src/modem.o
 .ARM.attributes
                0x00000000000008c4       0x33 ./src/monitor.o
 .ARM.attributes
                0x00000000000008f7       0x33 ./src/pkt.o
 .ARM.attributes
                0x000000000000092a       0x33 ./src/solenoid.o
 .ARM.attributes
                0x000000000000095d       0x33 ./src/vcp.o
 .ARM.attributes
                0x0000000000000990       0x2e /Users/peterbruce/gcc-arm-none-eabi-4_9-2015q3/bin/../lib/gcc/arm-none-eabi/4.9.3/../../../../arm-none-eabi/lib/armv7e-m/libg_nano.a(lib_a-atoi.o)
 .ARM.attributes
                0x00000000000009be       0x2e /Users/peterbruce/gcc-arm-none-eabi-4_9-2015q3/bin/../lib/gcc/arm-none-eabi/4.9.3/../../../../arm-none-eabi/lib/armv7e-m/libg_nano.a(lib_a-errno.o)
 .ARM.attributes
                0x00000000000009ec       0x2e /Users/peterbruce/gcc-arm-none-eabi-4_9-2015q3/bin/../lib/gcc/arm-none-eabi/4.9.3/../../../../arm-none-eabi/lib/armv7e-m/libg_nano.a(lib_a-impure.o)
 .ARM.attributes
                0x0000000000000a1a       0x2e /Users/peterbruce/gcc-arm-none-eabi-4_9-2015q3/bin/../lib/gcc/arm-none-eabi/4.9.3/../../../../arm-none-eabi/lib/armv7e-m/libg_nano.a(lib_a-memcpy.o)
 .ARM.attributes
                0x0000000000000a48       0x2e /Users/peterbruce/gcc-arm-none-eabi-4_9-2015q3/bin/../lib/gcc/arm-none-eabi/4.9.3/../../../../arm-none-eabi/lib/armv7e-m/libg_nano.a(lib_a-memset.o)
 .ARM.attributes
                0x0000000000000a76       0x2e /Users/peterbruce/gcc-arm-none-eabi-4_9-2015q3/bin/../lib/gcc/arm-none-eabi/4.9.3/../../../../arm-none-eabi/lib/armv7e-m/libg_nano.a(lib_a-sprintf.o)
 .ARM.attributes
                0x0000000000000aa4       0x2e /Users/peterbruce/gcc-arm-none-eabi-4_9-2015q3/bin/../lib/gcc/arm-none-eabi/4.9.3/../../../../arm-none-eabi/lib/armv7e-m/libg_nano.a(lib_a-strlen.o)
 .ARM.attributes
                0x0000000000000ad2       0x2e /Users/peterbruce/gcc-arm-none-eabi-4_9-2015q3/bin/../lib/gcc/arm-none-eabi/4.9.3/../../../../arm-none-eabi/lib/armv7e-m/libg_nano.a(lib_a-strncmp.o)
 .ARM.attributes
                0x0000000000000b00       0x2e /Users/peterbruce/gcc-arm-none-eabi-4_9-2015q3/bin/../lib/gcc/arm-none-eabi/4.9.3/../../../../arm-none-eabi/lib/armv7e-m/libg_nano.a(lib_a-strncpy.o)
 .ARM.attributes
                0x0000000000000b2e       0x2e /Users/peterbruce/gcc-arm-none-eabi-4_9-2015q3/bin/../lib/gcc/arm-none-eabi/4.9.3/../../../../arm-none-eabi/lib/armv7e-m/libg_nano.a(lib_a-strstr.o)
 .ARM.attributes
                0x0000000000000b5c       0x2e /Users/peterbruce/gcc-arm-none-eabi-4_9-2015q3/bin/../lib/gcc/arm-none-eabi/4.9.3/../../../../arm-none-eabi/lib/armv7e-m/libg_nano.a(lib_a-strtol.o)
 .ARM.attributes
                0x0000000000000b8a       0x2e /Users/peterbruce/gcc-arm-none-eabi-4_9-2015q3/bin/../lib/gcc/arm-none-eabi/4.9.3/../../../../arm-none-eabi/lib/armv7e-m/libg_nano.a(lib_a-vsnprintf.o)
 .ARM.attributes
                0x0000000000000bb8       0x2e /Users/peterbruce/gcc-arm-none-eabi-4_9-2015q3/bin/../lib/gcc/arm-none-eabi/4.9.3/../../../../arm-none-eabi/lib/armv7e-m/libg_nano.a(lib_a-ctype_.o)
 .ARM.attributes
                0x0000000000000be6       0x2e /Users/peterbruce/gcc-arm-none-eabi-4_9-2015q3/bin/../lib/gcc/arm-none-eabi/4.9.3/../../../../arm-none-eabi/lib/armv7e-m/libg_nano.a(lib_a-nano-svfprintf.o)
 .ARM.attributes
                0x0000000000000c14       0x2e /Users/peterbruce/gcc-arm-none-eabi-4_9-2015q3/bin/../lib/gcc/arm-none-eabi/4.9.3/../../../../arm-none-eabi/lib/armv7e-m/libg_nano.a(lib_a-nano-vfprintf_i.o)
 .ARM.attributes
                0x0000000000000c42       0x2e /Users/peterbruce/gcc-arm-none-eabi-4_9-2015q3/bin/../lib/gcc/arm-none-eabi/4.9.3/../../../../arm-none-eabi/lib/armv7e-m/libg_nano.a(lib_a-memchr.o)
 .ARM.attributes
                0x0000000000000c70       0x2e /Users/peterbruce/gcc-arm-none-eabi-4_9-2015q3/bin/../lib/gcc/arm-none-eabi/4.9.3/../../../../arm-none-eabi/lib/armv7e-m/libg_nano.a(lib_a-memmove.o)
 .ARM.attributes
                0x0000000000000c9e       0x2e /Users/peterbruce/gcc-arm-none-eabi-4_9-2015q3/bin/../lib/gcc/arm-none-eabi/4.9.3/../../../../arm-none-eabi/lib/armv7e-m/libg_nano.a(lib_a-nano-freer.o)
 .ARM.attributes
                0x0000000000000ccc       0x2e /Users/peterbruce/gcc-arm-none-eabi-4_9-2015q3/bin/../lib/gcc/arm-none-eabi/4.9.3/../../../../arm-none-eabi/lib/armv7e-m/libg_nano.a(lib_a-nano-mallocr.o)
 .ARM.attributes
                0x0000000000000cfa       0x2e /Users/peterbruce/gcc-arm-none-eabi-4_9-2015q3/bin/../lib/gcc/arm-none-eabi/4.9.3/../../../../arm-none-eabi/lib/armv7e-m/libg_nano.a(lib_a-nano-reallocr.o)
 .ARM.attributes
                0x0000000000000d28       0x2e /Users/peterbruce/gcc-arm-none-eabi-4_9-2015q3/bin/../lib/gcc/arm-none-eabi/4.9.3/../../../../arm-none-eabi/lib/armv7e-m/libg_nano.a(lib_a-sbrkr.o)
 .ARM.attributes
                0x0000000000000d56       0x2e /Users/peterbruce/gcc-arm-none-eabi-4_9-2015q3/bin/../lib/gcc/arm-none-eabi/4.9.3/../../../../arm-none-eabi/lib/armv7e-m/libg_nano.a(lib_a-nano-msizer.o)

.debug
 *(.debug)

.line
 *(.line)

.debug_srcinfo
 *(.debug_srcinfo)

.debug_sfnames
 *(.debug_sfnames)

.debug_aranges  0x0000000000000000     0x14b8
 *(.debug_aranges)
 .debug_aranges
                0x0000000000000000      0x210 ./system/src/stm32f3-stdperiph/stm32f30x_adc.o
 .debug_aranges
                0x0000000000000210       0x58 ./system/src/stm32f3-stdperiph/stm32f30x_exti.o
 .debug_aranges
                0x0000000000000268      0x100 ./system/src/stm32f3-stdperiph/stm32f30x_flash.o
 .debug_aranges
                0x0000000000000368       0x80 ./system/src/stm32f3-stdperiph/stm32f30x_gpio.o
 .debug_aranges
                0x00000000000003e8       0x50 ./system/src/stm32f3-stdperiph/stm32f30x_iwdg.o
 .debug_aranges
                0x0000000000000438       0x40 ./system/src/stm32f3-stdperiph/stm32f30x_misc.o
 .debug_aranges
                0x0000000000000478      0x150 ./system/src/stm32f3-stdperiph/stm32f30x_rcc.o
 .debug_aranges
                0x00000000000005c8      0x1a0 ./system/src/stm32f3-stdperiph/stm32f30x_usart.o
 .debug_aranges
                0x0000000000000768       0x28 ./system/src/newlib/_exit.o
 .debug_aranges
                0x0000000000000790       0x20 ./system/src/newlib/_sbrk.o
 .debug_aranges
                0x00000000000007b0       0x40 ./system/src/newlib/_startup.o
 .debug_aranges
                0x00000000000007f0       0x30 ./system/src/newlib/_syscalls.o
 .debug_aranges
                0x0000000000000820       0x28 ./system/src/newlib/assert.o
 .debug_aranges
                0x0000000000000848       0x38 ./system/src/diag/Trace.o
 .debug_aranges
                0x0000000000000880       0x30 ./system/src/diag/trace_impl.o
 .debug_aranges
                0x00000000000008b0       0x28 ./system/src/cortexm/_initialize_hardware.o